2025-11-17 18:19:10,615 - INFO  - Log file for this run: /root/autodl-tmp/retraining-free-quantization/sensitive_training/alexnet_cifar10_sensitive_stage2/alexnet_cifar10_sensitive_stage2.log
2025-11-17 18:19:10,616 - INFO  - TensorBoard data directory: /root/autodl-tmp/retraining-free-quantization/sensitive_training/alexnet_cifar10_sensitive_stage2/tb_runs
2025-11-17 18:19:10,616 - INFO  - Code backup completed. Code saved to: /root/autodl-tmp/retraining-free-quantization/sensitive_training/alexnet_cifar10_sensitive_stage2/code/configs
2025-11-17 18:19:10,617 - INFO  - Copied code file: evolution_search.py
2025-11-17 18:19:10,617 - INFO  - Copied code file: main.py
2025-11-17 18:19:10,617 - INFO  - Copied code file: __init__.py
2025-11-17 18:19:10,618 - INFO  - Copied code file: mobilenetv2.py
2025-11-17 18:19:10,618 - INFO  - Copied code file: model.py
2025-11-17 18:19:10,618 - INFO  - Copied code file: resnet_cifar.py
2025-11-17 18:19:10,618 - INFO  - Copied code file: alexnet_cifar.py
2025-11-17 18:19:10,618 - INFO  - Code backup completed. Code saved to: /root/autodl-tmp/retraining-free-quantization/sensitive_training/alexnet_cifar10_sensitive_stage2/code/model
2025-11-17 18:19:10,618 - INFO  - Copied code file: policy.py
2025-11-17 18:19:10,620 - INFO  - Copied code file: process.py
2025-11-17 18:19:10,620 - INFO  - Copied code file: __init__.py
2025-11-17 18:19:10,620 - INFO  - Copied code file: func.py
2025-11-17 18:19:10,621 - INFO  - Copied code file: __init__.py
2025-11-17 18:19:10,621 - INFO  - Copied code file: lsq.py
2025-11-17 18:19:10,621 - INFO  - Copied code file: quantizer.py
2025-11-17 18:19:10,621 - INFO  - Code backup completed. Code saved to: /root/autodl-tmp/retraining-free-quantization/sensitive_training/alexnet_cifar10_sensitive_stage2/code/quan/quantizer
2025-11-17 18:19:10,621 - INFO  - Copied code file: utils.py
2025-11-17 18:19:10,621 - INFO  - Code backup completed. Code saved to: /root/autodl-tmp/retraining-free-quantization/sensitive_training/alexnet_cifar10_sensitive_stage2/code/quan
2025-11-17 18:19:10,621 - INFO  - Copied code file: __init__.py
2025-11-17 18:19:10,622 - INFO  - Copied code file: config.py
2025-11-17 18:19:10,622 - INFO  - Copied code file: data_loader.py
2025-11-17 18:19:10,622 - INFO  - Copied code file: dist.py
2025-11-17 18:19:10,622 - INFO  - Copied code file: greedy_search.py
2025-11-17 18:19:10,622 - INFO  - Copied code file: loss_ops.py
2025-11-17 18:19:10,623 - INFO  - Copied code file: model_ema.py
2025-11-17 18:19:10,623 - INFO  - Copied code file: monitor.py
2025-11-17 18:19:10,623 - INFO  - Copied code file: mpq.py
2025-11-17 18:19:10,623 - INFO  - Copied code file: qat.py
2025-11-17 18:19:10,623 - INFO  - Copied code file: random_search.py
2025-11-17 18:19:10,624 - INFO  - Copied code file: searcher.py
2025-11-17 18:19:10,624 - INFO  - Copied code file: utils.py
2025-11-17 18:19:10,624 - INFO  - Copied code file: weight_schd.py
2025-11-17 18:19:10,624 - INFO  - Copied code file: fault_injector.py
2025-11-17 18:19:10,624 - INFO  - Copied code file: output_corrector.py
2025-11-17 18:19:10,625 - INFO  - Copied code file: checkpoint.py
2025-11-17 18:19:10,625 - INFO  - Copied code file: sensitive_features.py
2025-11-17 18:19:10,625 - INFO  - Copied code file: sensitive_restorer.py
2025-11-17 18:19:10,625 - INFO  - Code backup completed. Code saved to: /root/autodl-tmp/retraining-free-quantization/sensitive_training/alexnet_cifar10_sensitive_stage2/code/util
2025-11-17 18:19:10,625 - INFO  - Copied code file: test_fault_injector.py
2025-11-17 18:19:10,626 - INFO  - Copied code file: eval_with_fault_injection.py
2025-11-17 18:19:10,626 - INFO  - Copied code file: analyze_corrector_logits.py
2025-11-17 18:19:10,626 - INFO  - Copied code file: diagnose_corrector_gap.py
2025-11-17 18:19:10,626 - INFO  - Code backup completed. Code saved to: /root/autodl-tmp/retraining-free-quantization/sensitive_training/alexnet_cifar10_sensitive_stage2/code/tools
2025-11-17 18:19:10,626 - INFO  - Copied code file: FAULT_INJECTION_SIMPLE_EXAMPLE.py
2025-11-17 18:19:10,627 - INFO  - Copied code file: test_gradient_preservation.py
2025-11-17 18:19:10,627 - INFO  - Code backup completed. Code saved to: /root/autodl-tmp/retraining-free-quantization/sensitive_training/alexnet_cifar10_sensitive_stage2/code/docs
2025-11-17 18:19:10,627 - INFO  - Copied code file: train_sensitive_restorer.py
2025-11-17 18:19:10,627 - INFO  - Code backup completed. Code saved to: /root/autodl-tmp/retraining-free-quantization/sensitive_training/alexnet_cifar10_sensitive_stage2/code/sensitive_training/alexnet_cifar10_sensitive_stage2/tb_runs
2025-11-17 18:19:10,627 - INFO  - Code backup completed. Code saved to: /root/autodl-tmp/retraining-free-quantization/sensitive_training/alexnet_cifar10_sensitive_stage2/code/sensitive_training/alexnet_cifar10_sensitive_stage2
2025-11-17 18:19:10,627 - INFO  - Code backup completed. Code saved to: /root/autodl-tmp/retraining-free-quantization/sensitive_training/alexnet_cifar10_sensitive_stage2/code/sensitive_training
2025-11-17 18:19:10,627 - INFO  - Code backup completed. Code saved to: /root/autodl-tmp/retraining-free-quantization/sensitive_training/alexnet_cifar10_sensitive_stage2/code
2025-11-17 18:19:11,226 - INFO  - Created `alexnet` model for `cifar10` dataset (num_classes=10)
          Use pre-trained model = False
2025-11-17 18:19:14,164 - INFO  - Loaded checkpoint alexnet model (next epoch 200) from training/alexnet_cifar10_sensitive_stage1/alexnet_cifar10_sensitive_stage1_checkpoint.pth.tar
2025-11-17 18:19:14,184 - INFO  - Collecting gradient sensitivity (Stage2)...
2025-11-17 18:19:15,700 - INFO  - Computing activation baseline for sensitive channels...
2025-11-17 18:19:21,219 - INFO  - [Stage2] Epoch 0: loss=8.4756
2025-11-17 18:19:21,220 - INFO  -   ⏱️ Epoch耗时: 4.8s | 平均Epoch耗时: 4.8s | 剩余Epoch: 99
2025-11-17 18:19:21,220 - INFO  -   📅 预估剩余时间: 7.9分钟 | 预估完成时间: 2025-11-17 18:27:13
2025-11-17 18:19:25,946 - INFO  - [Stage2] Epoch 1: loss=8.4256
2025-11-17 18:19:25,946 - INFO  -   ⏱️ Epoch耗时: 4.7s | 平均Epoch耗时: 4.7s | 剩余Epoch: 98
2025-11-17 18:19:25,946 - INFO  -   📅 预估剩余时间: 7.8分钟 | 预估完成时间: 2025-11-17 18:27:11
2025-11-17 18:19:30,667 - INFO  - [Stage2] Epoch 2: loss=8.3898
2025-11-17 18:19:30,667 - INFO  -   ⏱️ Epoch耗时: 4.7s | 平均Epoch耗时: 4.7s | 剩余Epoch: 97
2025-11-17 18:19:30,667 - INFO  -   📅 预估剩余时间: 7.7分钟 | 预估完成时间: 2025-11-17 18:27:10
2025-11-17 18:19:35,336 - INFO  - [Stage2] Epoch 3: loss=8.4089
2025-11-17 18:19:35,336 - INFO  -   ⏱️ Epoch耗时: 4.7s | 平均Epoch耗时: 4.7s | 剩余Epoch: 96
2025-11-17 18:19:35,336 - INFO  -   📅 预估剩余时间: 7.6分钟 | 预估完成时间: 2025-11-17 18:27:08
2025-11-17 18:19:40,002 - INFO  - [Stage2] Epoch 4: loss=8.3125
2025-11-17 18:19:40,002 - INFO  -   ⏱️ Epoch耗时: 4.7s | 平均Epoch耗时: 4.7s | 剩余Epoch: 95
2025-11-17 18:19:40,003 - INFO  -   📅 预估剩余时间: 7.5分钟 | 预估完成时间: 2025-11-17 18:27:07
2025-11-17 18:19:44,675 - INFO  - [Stage2] Epoch 5: loss=8.3566
2025-11-17 18:19:44,676 - INFO  -   ⏱️ Epoch耗时: 4.7s | 平均Epoch耗时: 4.7s | 剩余Epoch: 94
2025-11-17 18:19:44,676 - INFO  -   📅 预估剩余时间: 7.3分钟 | 预估完成时间: 2025-11-17 18:27:05
2025-11-17 18:19:49,396 - INFO  - [Stage2] Epoch 6: loss=8.2299
2025-11-17 18:19:49,396 - INFO  -   ⏱️ Epoch耗时: 4.7s | 平均Epoch耗时: 4.7s | 剩余Epoch: 93
2025-11-17 18:19:49,396 - INFO  -   📅 预估剩余时间: 7.3分钟 | 预估完成时间: 2025-11-17 18:27:05
2025-11-17 18:19:54,070 - INFO  - [Stage2] Epoch 7: loss=8.2273
2025-11-17 18:19:54,070 - INFO  -   ⏱️ Epoch耗时: 4.7s | 平均Epoch耗时: 4.7s | 剩余Epoch: 92
2025-11-17 18:19:54,070 - INFO  -   📅 预估剩余时间: 7.2分钟 | 预估完成时间: 2025-11-17 18:27:04
2025-11-17 18:19:58,748 - INFO  - [Stage2] Epoch 8: loss=8.3470
2025-11-17 18:19:58,748 - INFO  -   ⏱️ Epoch耗时: 4.7s | 平均Epoch耗时: 4.7s | 剩余Epoch: 91
2025-11-17 18:19:58,748 - INFO  -   📅 预估剩余时间: 7.1分钟 | 预估完成时间: 2025-11-17 18:27:04
2025-11-17 18:20:03,466 - INFO  - [Stage2] Epoch 9: loss=8.1887
2025-11-17 18:20:03,466 - INFO  -   ⏱️ Epoch耗时: 4.7s | 平均Epoch耗时: 4.7s | 剩余Epoch: 90
2025-11-17 18:20:03,466 - INFO  -   📅 预估剩余时间: 7.0分钟 | 预估完成时间: 2025-11-17 18:27:05
2025-11-17 18:20:08,152 - INFO  - [Stage2] Epoch 10: loss=8.1659
2025-11-17 18:20:08,152 - INFO  -   ⏱️ Epoch耗时: 4.7s | 平均Epoch耗时: 4.7s | 剩余Epoch: 89
2025-11-17 18:20:08,152 - INFO  -   📅 预估剩余时间: 7.0分钟 | 预估完成时间: 2025-11-17 18:27:05
2025-11-17 18:20:12,664 - INFO  - [Stage2] Epoch 11: loss=8.1899
2025-11-17 18:20:12,665 - INFO  -   ⏱️ Epoch耗时: 4.5s | 平均Epoch耗时: 4.7s | 剩余Epoch: 88
2025-11-17 18:20:12,665 - INFO  -   📅 预估剩余时间: 6.8分钟 | 预估完成时间: 2025-11-17 18:27:02
2025-11-17 18:20:17,483 - INFO  - [Stage2] Epoch 12: loss=8.2011
2025-11-17 18:20:17,483 - INFO  -   ⏱️ Epoch耗时: 4.8s | 平均Epoch耗时: 4.7s | 剩余Epoch: 87
2025-11-17 18:20:17,483 - INFO  -   📅 预估剩余时间: 6.8分钟 | 预估完成时间: 2025-11-17 18:27:04
2025-11-17 18:20:22,182 - INFO  - [Stage2] Epoch 13: loss=8.2124
2025-11-17 18:20:22,182 - INFO  -   ⏱️ Epoch耗时: 4.7s | 平均Epoch耗时: 4.7s | 剩余Epoch: 86
2025-11-17 18:20:22,182 - INFO  -   📅 预估剩余时间: 6.7分钟 | 预估完成时间: 2025-11-17 18:27:05
2025-11-17 18:20:26,873 - INFO  - [Stage2] Epoch 14: loss=8.0552
2025-11-17 18:20:26,873 - INFO  -   ⏱️ Epoch耗时: 4.7s | 平均Epoch耗时: 4.7s | 剩余Epoch: 85
2025-11-17 18:20:26,873 - INFO  -   📅 预估剩余时间: 6.6分钟 | 预估完成时间: 2025-11-17 18:27:04
2025-11-17 18:20:31,602 - INFO  - [Stage2] Epoch 15: loss=8.0887
2025-11-17 18:20:31,602 - INFO  -   ⏱️ Epoch耗时: 4.7s | 平均Epoch耗时: 4.7s | 剩余Epoch: 84
2025-11-17 18:20:31,602 - INFO  -   📅 预估剩余时间: 6.6分钟 | 预估完成时间: 2025-11-17 18:27:05
2025-11-17 18:20:36,281 - INFO  - [Stage2] Epoch 16: loss=8.1136
2025-11-17 18:20:36,281 - INFO  -   ⏱️ Epoch耗时: 4.7s | 平均Epoch耗时: 4.7s | 剩余Epoch: 83
2025-11-17 18:20:36,281 - INFO  -   📅 预估剩余时间: 6.5分钟 | 预估完成时间: 2025-11-17 18:27:08
2025-11-17 18:20:41,029 - INFO  - [Stage2] Epoch 17: loss=8.1252
2025-11-17 18:20:41,030 - INFO  -   ⏱️ Epoch耗时: 4.7s | 平均Epoch耗时: 4.7s | 剩余Epoch: 82
2025-11-17 18:20:41,030 - INFO  -   📅 预估剩余时间: 6.4分钟 | 预估完成时间: 2025-11-17 18:27:07
2025-11-17 18:20:45,742 - INFO  - [Stage2] Epoch 18: loss=8.2464
2025-11-17 18:20:45,742 - INFO  -   ⏱️ Epoch耗时: 4.7s | 平均Epoch耗时: 4.7s | 剩余Epoch: 81
2025-11-17 18:20:45,742 - INFO  -   📅 预估剩余时间: 6.4分钟 | 预估完成时间: 2025-11-17 18:27:07
2025-11-17 18:20:50,490 - INFO  - [Stage2] Epoch 19: loss=8.1010
2025-11-17 18:20:50,490 - INFO  -   ⏱️ Epoch耗时: 4.7s | 平均Epoch耗时: 4.7s | 剩余Epoch: 80
2025-11-17 18:20:50,490 - INFO  -   📅 预估剩余时间: 6.3分钟 | 预估完成时间: 2025-11-17 18:27:08
2025-11-17 18:20:55,367 - INFO  - [Stage2] Epoch 20: loss=8.1952
2025-11-17 18:20:55,368 - INFO  -   ⏱️ Epoch耗时: 4.9s | 平均Epoch耗时: 4.8s | 剩余Epoch: 79
2025-11-17 18:20:55,368 - INFO  -   📅 预估剩余时间: 6.3分钟 | 预估完成时间: 2025-11-17 18:27:10
2025-11-17 18:21:00,007 - INFO  - [Stage2] Epoch 21: loss=8.1076
2025-11-17 18:21:00,007 - INFO  -   ⏱️ Epoch耗时: 4.6s | 平均Epoch耗时: 4.7s | 剩余Epoch: 78
2025-11-17 18:21:00,007 - INFO  -   📅 预估剩余时间: 6.2分钟 | 预估完成时间: 2025-11-17 18:27:10
2025-11-17 18:21:04,734 - INFO  - [Stage2] Epoch 22: loss=8.0749
2025-11-17 18:21:04,734 - INFO  -   ⏱️ Epoch耗时: 4.7s | 平均Epoch耗时: 4.7s | 剩余Epoch: 77
2025-11-17 18:21:04,734 - INFO  -   📅 预估剩余时间: 6.1分钟 | 预估完成时间: 2025-11-17 18:27:09
2025-11-17 18:21:09,306 - INFO  - [Stage2] Epoch 23: loss=8.0153
2025-11-17 18:21:09,307 - INFO  -   ⏱️ Epoch耗时: 4.6s | 平均Epoch耗时: 4.7s | 剩余Epoch: 76
2025-11-17 18:21:09,307 - INFO  -   📅 预估剩余时间: 6.0分钟 | 预估完成时间: 2025-11-17 18:27:07
2025-11-17 18:21:13,931 - INFO  - [Stage2] Epoch 24: loss=7.9210
2025-11-17 18:21:13,932 - INFO  -   ⏱️ Epoch耗时: 4.6s | 平均Epoch耗时: 4.7s | 剩余Epoch: 75
2025-11-17 18:21:13,932 - INFO  -   📅 预估剩余时间: 5.9分钟 | 预估完成时间: 2025-11-17 18:27:05
2025-11-17 18:21:18,664 - INFO  - [Stage2] Epoch 25: loss=7.9593
2025-11-17 18:21:18,665 - INFO  -   ⏱️ Epoch耗时: 4.7s | 平均Epoch耗时: 4.7s | 剩余Epoch: 74
2025-11-17 18:21:18,665 - INFO  -   📅 预估剩余时间: 5.7分钟 | 预估完成时间: 2025-11-17 18:27:03
2025-11-17 18:21:23,344 - INFO  - [Stage2] Epoch 26: loss=8.0040
2025-11-17 18:21:23,344 - INFO  -   ⏱️ Epoch耗时: 4.7s | 平均Epoch耗时: 4.7s | 剩余Epoch: 73
2025-11-17 18:21:23,344 - INFO  -   📅 预估剩余时间: 5.7分钟 | 预估完成时间: 2025-11-17 18:27:04
2025-11-17 18:21:28,218 - INFO  - [Stage2] Epoch 27: loss=8.1248
2025-11-17 18:21:28,219 - INFO  -   ⏱️ Epoch耗时: 4.9s | 平均Epoch耗时: 4.7s | 剩余Epoch: 72
2025-11-17 18:21:28,219 - INFO  -   📅 预估剩余时间: 5.6分钟 | 预估完成时间: 2025-11-17 18:27:06
2025-11-17 18:21:33,007 - INFO  - [Stage2] Epoch 28: loss=8.1876
2025-11-17 18:21:33,008 - INFO  -   ⏱️ Epoch耗时: 4.8s | 平均Epoch耗时: 4.7s | 剩余Epoch: 71
2025-11-17 18:21:33,008 - INFO  -   📅 预估剩余时间: 5.6分钟 | 预估完成时间: 2025-11-17 18:27:09
2025-11-17 18:21:37,676 - INFO  - [Stage2] Epoch 29: loss=8.0255
2025-11-17 18:21:37,676 - INFO  -   ⏱️ Epoch耗时: 4.7s | 平均Epoch耗时: 4.7s | 剩余Epoch: 70
2025-11-17 18:21:37,676 - INFO  -   📅 预估剩余时间: 5.5分钟 | 预估完成时间: 2025-11-17 18:27:10
2025-11-17 18:21:42,394 - INFO  - [Stage2] Epoch 30: loss=8.1451
2025-11-17 18:21:42,394 - INFO  -   ⏱️ Epoch耗时: 4.7s | 平均Epoch耗时: 4.7s | 剩余Epoch: 69
2025-11-17 18:21:42,394 - INFO  -   📅 预估剩余时间: 5.5分钟 | 预估完成时间: 2025-11-17 18:27:09
2025-11-17 18:21:47,056 - INFO  - [Stage2] Epoch 31: loss=8.1867
2025-11-17 18:21:47,056 - INFO  -   ⏱️ Epoch耗时: 4.7s | 平均Epoch耗时: 4.7s | 剩余Epoch: 68
2025-11-17 18:21:47,056 - INFO  -   📅 预估剩余时间: 5.4分钟 | 预估完成时间: 2025-11-17 18:27:09
2025-11-17 18:21:51,647 - INFO  - [Stage2] Epoch 32: loss=8.0331
2025-11-17 18:21:51,647 - INFO  -   ⏱️ Epoch耗时: 4.6s | 平均Epoch耗时: 4.7s | 剩余Epoch: 67
2025-11-17 18:21:51,647 - INFO  -   📅 预估剩余时间: 5.2分钟 | 预估完成时间: 2025-11-17 18:27:05
2025-11-17 18:21:56,238 - INFO  - [Stage2] Epoch 33: loss=8.1017
2025-11-17 18:21:56,238 - INFO  -   ⏱️ Epoch耗时: 4.6s | 平均Epoch耗时: 4.6s | 剩余Epoch: 66
2025-11-17 18:21:56,239 - INFO  -   📅 预估剩余时间: 5.1分钟 | 预估完成时间: 2025-11-17 18:27:02
2025-11-17 18:22:00,903 - INFO  - [Stage2] Epoch 34: loss=8.0761
2025-11-17 18:22:00,903 - INFO  -   ⏱️ Epoch耗时: 4.7s | 平均Epoch耗时: 4.6s | 剩余Epoch: 65
2025-11-17 18:22:00,903 - INFO  -   📅 预估剩余时间: 5.0分钟 | 预估完成时间: 2025-11-17 18:27:02
2025-11-17 18:22:05,649 - INFO  - [Stage2] Epoch 35: loss=8.1115
2025-11-17 18:22:05,650 - INFO  -   ⏱️ Epoch耗时: 4.7s | 平均Epoch耗时: 4.7s | 剩余Epoch: 64
2025-11-17 18:22:05,650 - INFO  -   📅 预估剩余时间: 5.0分钟 | 预估完成时间: 2025-11-17 18:27:03
2025-11-17 18:22:10,329 - INFO  - [Stage2] Epoch 36: loss=8.1302
2025-11-17 18:22:10,329 - INFO  -   ⏱️ Epoch耗时: 4.7s | 平均Epoch耗时: 4.7s | 剩余Epoch: 63
2025-11-17 18:22:10,329 - INFO  -   📅 预估剩余时间: 4.9分钟 | 预估完成时间: 2025-11-17 18:27:03
2025-11-17 18:22:14,950 - INFO  - [Stage2] Epoch 37: loss=8.0586
2025-11-17 18:22:14,950 - INFO  -   ⏱️ Epoch耗时: 4.6s | 平均Epoch耗时: 4.7s | 剩余Epoch: 62
2025-11-17 18:22:14,950 - INFO  -   📅 预估剩余时间: 4.8分钟 | 预估完成时间: 2025-11-17 18:27:03
2025-11-17 18:22:19,598 - INFO  - [Stage2] Epoch 38: loss=8.0937
2025-11-17 18:22:19,598 - INFO  -   ⏱️ Epoch耗时: 4.6s | 平均Epoch耗时: 4.7s | 剩余Epoch: 61
2025-11-17 18:22:19,598 - INFO  -   📅 预估剩余时间: 4.7分钟 | 预估完成时间: 2025-11-17 18:27:04
2025-11-17 18:22:24,226 - INFO  - [Stage2] Epoch 39: loss=8.0384
2025-11-17 18:22:24,226 - INFO  -   ⏱️ Epoch耗时: 4.6s | 平均Epoch耗时: 4.7s | 剩余Epoch: 60
2025-11-17 18:22:24,227 - INFO  -   📅 预估剩余时间: 4.7分钟 | 预估完成时间: 2025-11-17 18:27:04
2025-11-17 18:22:28,871 - INFO  - [Stage2] Epoch 40: loss=7.9588
2025-11-17 18:22:28,871 - INFO  -   ⏱️ Epoch耗时: 4.6s | 平均Epoch耗时: 4.6s | 剩余Epoch: 59
2025-11-17 18:22:28,871 - INFO  -   📅 预估剩余时间: 4.6分钟 | 预估完成时间: 2025-11-17 18:27:02
2025-11-17 18:22:33,856 - INFO  - [Stage2] Epoch 41: loss=7.9769
2025-11-17 18:22:33,857 - INFO  -   ⏱️ Epoch耗时: 5.0s | 平均Epoch耗时: 4.7s | 剩余Epoch: 58
2025-11-17 18:22:33,857 - INFO  -   📅 预估剩余时间: 4.5分钟 | 预估完成时间: 2025-11-17 18:27:06
2025-11-17 18:22:38,476 - INFO  - [Stage2] Epoch 42: loss=8.0614
2025-11-17 18:22:38,476 - INFO  -   ⏱️ Epoch耗时: 4.6s | 平均Epoch耗时: 4.7s | 剩余Epoch: 57
2025-11-17 18:22:38,476 - INFO  -   📅 预估剩余时间: 4.5分钟 | 预估完成时间: 2025-11-17 18:27:06
2025-11-17 18:22:43,073 - INFO  - [Stage2] Epoch 43: loss=8.0998
2025-11-17 18:22:43,073 - INFO  -   ⏱️ Epoch耗时: 4.6s | 平均Epoch耗时: 4.7s | 剩余Epoch: 56
2025-11-17 18:22:43,073 - INFO  -   📅 预估剩余时间: 4.4分钟 | 预估完成时间: 2025-11-17 18:27:05
2025-11-17 18:22:47,678 - INFO  - [Stage2] Epoch 44: loss=7.9693
2025-11-17 18:22:47,678 - INFO  -   ⏱️ Epoch耗时: 4.6s | 平均Epoch耗时: 4.7s | 剩余Epoch: 55
2025-11-17 18:22:47,678 - INFO  -   📅 预估剩余时间: 4.3分钟 | 预估完成时间: 2025-11-17 18:27:05
2025-11-17 18:22:52,309 - INFO  - [Stage2] Epoch 45: loss=8.0753
2025-11-17 18:22:52,309 - INFO  -   ⏱️ Epoch耗时: 4.6s | 平均Epoch耗时: 4.7s | 剩余Epoch: 54
2025-11-17 18:22:52,309 - INFO  -   📅 预估剩余时间: 4.2分钟 | 预估完成时间: 2025-11-17 18:27:05
2025-11-17 18:22:56,920 - INFO  - [Stage2] Epoch 46: loss=8.0106
2025-11-17 18:22:56,920 - INFO  -   ⏱️ Epoch耗时: 4.6s | 平均Epoch耗时: 4.6s | 剩余Epoch: 53
2025-11-17 18:22:56,920 - INFO  -   📅 预估剩余时间: 4.1分钟 | 预估完成时间: 2025-11-17 18:27:01
2025-11-17 18:23:01,548 - INFO  - [Stage2] Epoch 47: loss=8.0988
2025-11-17 18:23:01,549 - INFO  -   ⏱️ Epoch耗时: 4.6s | 平均Epoch耗时: 4.6s | 剩余Epoch: 52
2025-11-17 18:23:01,549 - INFO  -   📅 预估剩余时间: 4.0分钟 | 预估完成时间: 2025-11-17 18:27:01
2025-11-17 18:23:06,132 - INFO  - [Stage2] Epoch 48: loss=8.0179
2025-11-17 18:23:06,132 - INFO  -   ⏱️ Epoch耗时: 4.6s | 平均Epoch耗时: 4.6s | 剩余Epoch: 51
2025-11-17 18:23:06,133 - INFO  -   📅 预估剩余时间: 3.9分钟 | 预估完成时间: 2025-11-17 18:27:01
2025-11-17 18:23:10,709 - INFO  - [Stage2] Epoch 49: loss=7.9825
2025-11-17 18:23:10,709 - INFO  -   ⏱️ Epoch耗时: 4.6s | 平均Epoch耗时: 4.6s | 剩余Epoch: 50
2025-11-17 18:23:10,709 - INFO  -   📅 预估剩余时间: 3.8分钟 | 预估完成时间: 2025-11-17 18:27:00
2025-11-17 18:23:15,318 - INFO  - [Stage2] Epoch 50: loss=8.1182
2025-11-17 18:23:15,318 - INFO  -   ⏱️ Epoch耗时: 4.6s | 平均Epoch耗时: 4.6s | 剩余Epoch: 49
2025-11-17 18:23:15,318 - INFO  -   📅 预估剩余时间: 3.8分钟 | 预估完成时间: 2025-11-17 18:27:00
2025-11-17 18:23:19,919 - INFO  - [Stage2] Epoch 51: loss=8.0379
2025-11-17 18:23:19,919 - INFO  -   ⏱️ Epoch耗时: 4.6s | 平均Epoch耗时: 4.6s | 剩余Epoch: 48
2025-11-17 18:23:19,919 - INFO  -   📅 预估剩余时间: 3.7分钟 | 预估完成时间: 2025-11-17 18:27:00
2025-11-17 18:23:24,560 - INFO  - [Stage2] Epoch 52: loss=8.0391
2025-11-17 18:23:24,560 - INFO  -   ⏱️ Epoch耗时: 4.6s | 平均Epoch耗时: 4.6s | 剩余Epoch: 47
2025-11-17 18:23:24,560 - INFO  -   📅 预估剩余时间: 3.6分钟 | 预估完成时间: 2025-11-17 18:27:00
2025-11-17 18:23:29,165 - INFO  - [Stage2] Epoch 53: loss=8.0714
2025-11-17 18:23:29,165 - INFO  -   ⏱️ Epoch耗时: 4.6s | 平均Epoch耗时: 4.6s | 剩余Epoch: 46
2025-11-17 18:23:29,165 - INFO  -   📅 预估剩余时间: 3.5分钟 | 预估完成时间: 2025-11-17 18:27:01
2025-11-17 18:23:33,786 - INFO  - [Stage2] Epoch 54: loss=7.9318
2025-11-17 18:23:33,786 - INFO  -   ⏱️ Epoch耗时: 4.6s | 平均Epoch耗时: 4.6s | 剩余Epoch: 45
2025-11-17 18:23:33,786 - INFO  -   📅 预估剩余时间: 3.5分钟 | 预估完成时间: 2025-11-17 18:27:01
2025-11-17 18:23:38,395 - INFO  - [Stage2] Epoch 55: loss=8.0174
2025-11-17 18:23:38,395 - INFO  -   ⏱️ Epoch耗时: 4.6s | 平均Epoch耗时: 4.6s | 剩余Epoch: 44
2025-11-17 18:23:38,395 - INFO  -   📅 预估剩余时间: 3.4分钟 | 预估完成时间: 2025-11-17 18:27:01
2025-11-17 18:23:42,987 - INFO  - [Stage2] Epoch 56: loss=8.0559
2025-11-17 18:23:42,987 - INFO  -   ⏱️ Epoch耗时: 4.6s | 平均Epoch耗时: 4.6s | 剩余Epoch: 43
2025-11-17 18:23:42,987 - INFO  -   📅 预估剩余时间: 3.3分钟 | 预估完成时间: 2025-11-17 18:27:01
2025-11-17 18:23:47,516 - INFO  - [Stage2] Epoch 57: loss=7.9665
2025-11-17 18:23:47,516 - INFO  -   ⏱️ Epoch耗时: 4.5s | 平均Epoch耗时: 4.6s | 剩余Epoch: 42
2025-11-17 18:23:47,516 - INFO  -   📅 预估剩余时间: 3.2分钟 | 预估完成时间: 2025-11-17 18:27:00
2025-11-17 18:23:52,125 - INFO  - [Stage2] Epoch 58: loss=8.0796
2025-11-17 18:23:52,125 - INFO  -   ⏱️ Epoch耗时: 4.6s | 平均Epoch耗时: 4.6s | 剩余Epoch: 41
2025-11-17 18:23:52,125 - INFO  -   📅 预估剩余时间: 3.1分钟 | 预估完成时间: 2025-11-17 18:27:00
2025-11-17 18:23:56,717 - INFO  - [Stage2] Epoch 59: loss=8.0333
2025-11-17 18:23:56,717 - INFO  -   ⏱️ Epoch耗时: 4.6s | 平均Epoch耗时: 4.6s | 剩余Epoch: 40
2025-11-17 18:23:56,717 - INFO  -   📅 预估剩余时间: 3.1分钟 | 预估完成时间: 2025-11-17 18:27:00
2025-11-17 18:24:01,343 - INFO  - [Stage2] Epoch 60: loss=8.1073
2025-11-17 18:24:01,343 - INFO  -   ⏱️ Epoch耗时: 4.6s | 平均Epoch耗时: 4.6s | 剩余Epoch: 39
2025-11-17 18:24:01,343 - INFO  -   📅 预估剩余时间: 3.0分钟 | 预估完成时间: 2025-11-17 18:27:00
2025-11-17 18:24:05,957 - INFO  - [Stage2] Epoch 61: loss=7.9383
2025-11-17 18:24:05,957 - INFO  -   ⏱️ Epoch耗时: 4.6s | 平均Epoch耗时: 4.6s | 剩余Epoch: 38
2025-11-17 18:24:05,957 - INFO  -   📅 预估剩余时间: 2.9分钟 | 预估完成时间: 2025-11-17 18:27:00
2025-11-17 18:24:10,626 - INFO  - [Stage2] Epoch 62: loss=7.9195
2025-11-17 18:24:10,626 - INFO  -   ⏱️ Epoch耗时: 4.7s | 平均Epoch耗时: 4.6s | 剩余Epoch: 37
2025-11-17 18:24:10,626 - INFO  -   📅 预估剩余时间: 2.8分钟 | 预估完成时间: 2025-11-17 18:27:01
2025-11-17 18:24:15,283 - INFO  - [Stage2] Epoch 63: loss=8.0468
2025-11-17 18:24:15,283 - INFO  -   ⏱️ Epoch耗时: 4.7s | 平均Epoch耗时: 4.6s | 剩余Epoch: 36
2025-11-17 18:24:15,283 - INFO  -   📅 预估剩余时间: 2.8分钟 | 预估完成时间: 2025-11-17 18:27:02
2025-11-17 18:24:19,905 - INFO  - [Stage2] Epoch 64: loss=8.0689
2025-11-17 18:24:19,905 - INFO  -   ⏱️ Epoch耗时: 4.6s | 平均Epoch耗时: 4.6s | 剩余Epoch: 35
2025-11-17 18:24:19,905 - INFO  -   📅 预估剩余时间: 2.7分钟 | 预估完成时间: 2025-11-17 18:27:02
2025-11-17 18:24:24,501 - INFO  - [Stage2] Epoch 65: loss=8.0364
2025-11-17 18:24:24,502 - INFO  -   ⏱️ Epoch耗时: 4.6s | 平均Epoch耗时: 4.6s | 剩余Epoch: 34
2025-11-17 18:24:24,502 - INFO  -   📅 预估剩余时间: 2.6分钟 | 预估完成时间: 2025-11-17 18:27:01
2025-11-17 18:24:29,110 - INFO  - [Stage2] Epoch 66: loss=7.9049
2025-11-17 18:24:29,110 - INFO  -   ⏱️ Epoch耗时: 4.6s | 平均Epoch耗时: 4.6s | 剩余Epoch: 33
2025-11-17 18:24:29,110 - INFO  -   📅 预估剩余时间: 2.5分钟 | 预估完成时间: 2025-11-17 18:27:01
2025-11-17 18:24:33,716 - INFO  - [Stage2] Epoch 67: loss=7.9431
2025-11-17 18:24:33,716 - INFO  -   ⏱️ Epoch耗时: 4.6s | 平均Epoch耗时: 4.6s | 剩余Epoch: 32
2025-11-17 18:24:33,716 - INFO  -   📅 预估剩余时间: 2.5分钟 | 预估完成时间: 2025-11-17 18:27:01
2025-11-17 18:24:38,340 - INFO  - [Stage2] Epoch 68: loss=7.8751
2025-11-17 18:24:38,340 - INFO  -   ⏱️ Epoch耗时: 4.6s | 平均Epoch耗时: 4.6s | 剩余Epoch: 31
2025-11-17 18:24:38,340 - INFO  -   📅 预估剩余时间: 2.4分钟 | 预估完成时间: 2025-11-17 18:27:01
2025-11-17 18:24:42,959 - INFO  - [Stage2] Epoch 69: loss=7.8968
2025-11-17 18:24:42,959 - INFO  -   ⏱️ Epoch耗时: 4.6s | 平均Epoch耗时: 4.6s | 剩余Epoch: 30
2025-11-17 18:24:42,959 - INFO  -   📅 预估剩余时间: 2.3分钟 | 预估完成时间: 2025-11-17 18:27:01
2025-11-17 18:24:47,605 - INFO  - [Stage2] Epoch 70: loss=8.1452
2025-11-17 18:24:47,606 - INFO  -   ⏱️ Epoch耗时: 4.6s | 平均Epoch耗时: 4.6s | 剩余Epoch: 29
2025-11-17 18:24:47,606 - INFO  -   📅 预估剩余时间: 2.2分钟 | 预估完成时间: 2025-11-17 18:27:01
2025-11-17 18:24:52,227 - INFO  - [Stage2] Epoch 71: loss=8.0616
2025-11-17 18:24:52,227 - INFO  -   ⏱️ Epoch耗时: 4.6s | 平均Epoch耗时: 4.6s | 剩余Epoch: 28
2025-11-17 18:24:52,227 - INFO  -   📅 预估剩余时间: 2.2分钟 | 预估完成时间: 2025-11-17 18:27:01
2025-11-17 18:24:56,859 - INFO  - [Stage2] Epoch 72: loss=7.9623
2025-11-17 18:24:56,859 - INFO  -   ⏱️ Epoch耗时: 4.6s | 平均Epoch耗时: 4.6s | 剩余Epoch: 27
2025-11-17 18:24:56,859 - INFO  -   📅 预估剩余时间: 2.1分钟 | 预估完成时间: 2025-11-17 18:27:01
2025-11-17 18:25:01,485 - INFO  - [Stage2] Epoch 73: loss=8.0181
2025-11-17 18:25:01,485 - INFO  -   ⏱️ Epoch耗时: 4.6s | 平均Epoch耗时: 4.6s | 剩余Epoch: 26
2025-11-17 18:25:01,485 - INFO  -   📅 预估剩余时间: 2.0分钟 | 预估完成时间: 2025-11-17 18:27:01
2025-11-17 18:25:06,129 - INFO  - [Stage2] Epoch 74: loss=7.9158
2025-11-17 18:25:06,130 - INFO  -   ⏱️ Epoch耗时: 4.6s | 平均Epoch耗时: 4.6s | 剩余Epoch: 25
2025-11-17 18:25:06,130 - INFO  -   📅 预估剩余时间: 1.9分钟 | 预估完成时间: 2025-11-17 18:27:01
2025-11-17 18:25:10,744 - INFO  - [Stage2] Epoch 75: loss=7.9997
2025-11-17 18:25:10,744 - INFO  -   ⏱️ Epoch耗时: 4.6s | 平均Epoch耗时: 4.6s | 剩余Epoch: 24
2025-11-17 18:25:10,745 - INFO  -   📅 预估剩余时间: 1.9分钟 | 预估完成时间: 2025-11-17 18:27:01
2025-11-17 18:25:15,334 - INFO  - [Stage2] Epoch 76: loss=7.9316
2025-11-17 18:25:15,334 - INFO  -   ⏱️ Epoch耗时: 4.6s | 平均Epoch耗时: 4.6s | 剩余Epoch: 23
2025-11-17 18:25:15,334 - INFO  -   📅 预估剩余时间: 1.8分钟 | 预估完成时间: 2025-11-17 18:27:01
2025-11-17 18:25:19,915 - INFO  - [Stage2] Epoch 77: loss=8.0745
2025-11-17 18:25:19,915 - INFO  -   ⏱️ Epoch耗时: 4.6s | 平均Epoch耗时: 4.6s | 剩余Epoch: 22
2025-11-17 18:25:19,915 - INFO  -   📅 预估剩余时间: 1.7分钟 | 预估完成时间: 2025-11-17 18:27:01
2025-11-17 18:25:24,501 - INFO  - [Stage2] Epoch 78: loss=7.9412
2025-11-17 18:25:24,501 - INFO  -   ⏱️ Epoch耗时: 4.6s | 平均Epoch耗时: 4.6s | 剩余Epoch: 21
2025-11-17 18:25:24,501 - INFO  -   📅 预估剩余时间: 1.6分钟 | 预估完成时间: 2025-11-17 18:27:01
2025-11-17 18:25:29,159 - INFO  - [Stage2] Epoch 79: loss=7.9463
2025-11-17 18:25:29,160 - INFO  -   ⏱️ Epoch耗时: 4.7s | 平均Epoch耗时: 4.6s | 剩余Epoch: 20
2025-11-17 18:25:29,160 - INFO  -   📅 预估剩余时间: 1.5分钟 | 预估完成时间: 2025-11-17 18:27:01
2025-11-17 18:25:33,893 - INFO  - [Stage2] Epoch 80: loss=8.0421
2025-11-17 18:25:33,893 - INFO  -   ⏱️ Epoch耗时: 4.7s | 平均Epoch耗时: 4.6s | 剩余Epoch: 19
2025-11-17 18:25:33,893 - INFO  -   📅 预估剩余时间: 1.5分钟 | 预估完成时间: 2025-11-17 18:27:01
2025-11-17 18:25:38,587 - INFO  - [Stage2] Epoch 81: loss=8.0699
2025-11-17 18:25:38,588 - INFO  -   ⏱️ Epoch耗时: 4.7s | 平均Epoch耗时: 4.7s | 剩余Epoch: 18
2025-11-17 18:25:38,588 - INFO  -   📅 预估剩余时间: 1.4分钟 | 预估完成时间: 2025-11-17 18:27:02
2025-11-17 18:25:43,183 - INFO  - [Stage2] Epoch 82: loss=7.9814
2025-11-17 18:25:43,183 - INFO  -   ⏱️ Epoch耗时: 4.6s | 平均Epoch耗时: 4.7s | 剩余Epoch: 17
2025-11-17 18:25:43,183 - INFO  -   📅 预估剩余时间: 1.3分钟 | 预估完成时间: 2025-11-17 18:27:02
2025-11-17 18:25:47,807 - INFO  - [Stage2] Epoch 83: loss=8.0625
2025-11-17 18:25:47,807 - INFO  -   ⏱️ Epoch耗时: 4.6s | 平均Epoch耗时: 4.7s | 剩余Epoch: 16
2025-11-17 18:25:47,807 - INFO  -   📅 预估剩余时间: 1.2分钟 | 预估完成时间: 2025-11-17 18:27:02
2025-11-17 18:25:52,548 - INFO  - [Stage2] Epoch 84: loss=7.8675
2025-11-17 18:25:52,548 - INFO  -   ⏱️ Epoch耗时: 4.7s | 平均Epoch耗时: 4.7s | 剩余Epoch: 15
2025-11-17 18:25:52,549 - INFO  -   📅 预估剩余时间: 1.2分钟 | 预估完成时间: 2025-11-17 18:27:02
2025-11-17 18:25:57,188 - INFO  - [Stage2] Epoch 85: loss=7.9784
2025-11-17 18:25:57,189 - INFO  -   ⏱️ Epoch耗时: 4.6s | 平均Epoch耗时: 4.7s | 剩余Epoch: 14
2025-11-17 18:25:57,189 - INFO  -   📅 预估剩余时间: 1.1分钟 | 预估完成时间: 2025-11-17 18:27:02
2025-11-17 18:26:01,805 - INFO  - [Stage2] Epoch 86: loss=7.8917
2025-11-17 18:26:01,806 - INFO  -   ⏱️ Epoch耗时: 4.6s | 平均Epoch耗时: 4.6s | 剩余Epoch: 13
2025-11-17 18:26:01,806 - INFO  -   📅 预估剩余时间: 1.0分钟 | 预估完成时间: 2025-11-17 18:27:02
2025-11-17 18:26:06,419 - INFO  - [Stage2] Epoch 87: loss=8.0541
2025-11-17 18:26:06,419 - INFO  -   ⏱️ Epoch耗时: 4.6s | 平均Epoch耗时: 4.6s | 剩余Epoch: 12
2025-11-17 18:26:06,419 - INFO  -   📅 预估剩余时间: 0.9分钟 | 预估完成时间: 2025-11-17 18:27:02
2025-11-17 18:26:11,082 - INFO  - [Stage2] Epoch 88: loss=8.0601
2025-11-17 18:26:11,082 - INFO  -   ⏱️ Epoch耗时: 4.7s | 平均Epoch耗时: 4.7s | 剩余Epoch: 11
2025-11-17 18:26:11,082 - INFO  -   📅 预估剩余时间: 0.9分钟 | 预估完成时间: 2025-11-17 18:27:02
2025-11-17 18:26:15,679 - INFO  - [Stage2] Epoch 89: loss=8.0196
2025-11-17 18:26:15,679 - INFO  -   ⏱️ Epoch耗时: 4.6s | 平均Epoch耗时: 4.6s | 剩余Epoch: 10
2025-11-17 18:26:15,679 - INFO  -   📅 预估剩余时间: 0.8分钟 | 预估完成时间: 2025-11-17 18:27:01
2025-11-17 18:26:20,273 - INFO  - [Stage2] Epoch 90: loss=8.0226
2025-11-17 18:26:20,273 - INFO  -   ⏱️ Epoch耗时: 4.6s | 平均Epoch耗时: 4.6s | 剩余Epoch: 9
2025-11-17 18:26:20,273 - INFO  -   📅 预估剩余时间: 0.7分钟 | 预估完成时间: 2025-11-17 18:27:01
2025-11-17 18:26:24,885 - INFO  - [Stage2] Epoch 91: loss=7.9969
2025-11-17 18:26:24,885 - INFO  -   ⏱️ Epoch耗时: 4.6s | 平均Epoch耗时: 4.6s | 剩余Epoch: 8
2025-11-17 18:26:24,885 - INFO  -   📅 预估剩余时间: 0.6分钟 | 预估完成时间: 2025-11-17 18:27:01
2025-11-17 18:26:29,473 - INFO  - [Stage2] Epoch 92: loss=7.9875
2025-11-17 18:26:29,473 - INFO  -   ⏱️ Epoch耗时: 4.6s | 平均Epoch耗时: 4.6s | 剩余Epoch: 7
2025-11-17 18:26:29,473 - INFO  -   📅 预估剩余时间: 0.5分钟 | 预估完成时间: 2025-11-17 18:27:01
2025-11-17 18:26:34,128 - INFO  - [Stage2] Epoch 93: loss=7.9936
2025-11-17 18:26:34,128 - INFO  -   ⏱️ Epoch耗时: 4.7s | 平均Epoch耗时: 4.6s | 剩余Epoch: 6
2025-11-17 18:26:34,129 - INFO  -   📅 预估剩余时间: 0.5分钟 | 预估完成时间: 2025-11-17 18:27:01
2025-11-17 18:26:38,787 - INFO  - [Stage2] Epoch 94: loss=8.0193
2025-11-17 18:26:38,787 - INFO  -   ⏱️ Epoch耗时: 4.7s | 平均Epoch耗时: 4.6s | 剩余Epoch: 5
2025-11-17 18:26:38,787 - INFO  -   📅 预估剩余时间: 0.4分钟 | 预估完成时间: 2025-11-17 18:27:01
2025-11-17 18:26:43,467 - INFO  - [Stage2] Epoch 95: loss=7.9221
2025-11-17 18:26:43,467 - INFO  -   ⏱️ Epoch耗时: 4.7s | 平均Epoch耗时: 4.6s | 剩余Epoch: 4
2025-11-17 18:26:43,467 - INFO  -   📅 预估剩余时间: 0.3分钟 | 预估完成时间: 2025-11-17 18:27:02
2025-11-17 18:26:48,026 - INFO  - [Stage2] Epoch 96: loss=7.9843
2025-11-17 18:26:48,026 - INFO  -   ⏱️ Epoch耗时: 4.6s | 平均Epoch耗时: 4.6s | 剩余Epoch: 3
2025-11-17 18:26:48,026 - INFO  -   📅 预估剩余时间: 0.2分钟 | 预估完成时间: 2025-11-17 18:27:01
2025-11-17 18:26:52,652 - INFO  - [Stage2] Epoch 97: loss=7.9731
2025-11-17 18:26:52,653 - INFO  -   ⏱️ Epoch耗时: 4.6s | 平均Epoch耗时: 4.6s | 剩余Epoch: 2
2025-11-17 18:26:52,653 - INFO  -   📅 预估剩余时间: 0.2分钟 | 预估完成时间: 2025-11-17 18:27:01
2025-11-17 18:26:57,283 - INFO  - [Stage2] Epoch 98: loss=7.9814
2025-11-17 18:26:57,283 - INFO  -   ⏱️ Epoch耗时: 4.6s | 平均Epoch耗时: 4.6s | 剩余Epoch: 1
2025-11-17 18:26:57,283 - INFO  -   📅 预估剩余时间: 0.1分钟 | 预估完成时间: 2025-11-17 18:27:01
2025-11-17 18:27:01,843 - INFO  - [Stage2] Epoch 99: loss=7.9984
2025-11-17 18:27:01,844 - INFO  -   ⏱️ Epoch耗时: 4.6s | 平均Epoch耗时: 4.6s | 剩余Epoch: 0
2025-11-17 18:27:01,844 - INFO  -   ✅ Stage2完成！总耗时: 7.8分钟
2025-11-17 18:27:02,309 - INFO  - ([100] Epoch) Saving checkpoint to:
             Current: /root/autodl-tmp/retraining-free-quantization/sensitive_training/alexnet_cifar10_sensitive_stage2/sensitive_stage2_checkpoint.pth.tar

