2025-12-21 11:45:57,173 - INFO  - Log file for this run: /root/autodl-tmp/retraining-free-quantization/training/resnet18_cifar10_BFAT_ce_0.02_combined/resnet18_cifar10_BFAT_ce_0.02_combined.log
2025-12-21 11:45:57,178 - INFO  - TensorBoard data directory: /root/autodl-tmp/retraining-free-quantization/training/resnet18_cifar10_BFAT_ce_0.02_combined/tb_runs
2025-12-21 11:45:57,179 - INFO  - Code backup completed. Code saved to: /root/autodl-tmp/retraining-free-quantization/training/resnet18_cifar10_BFAT_ce_0.02_combined/code/.cursor
2025-12-21 11:45:57,179 - INFO  - Code backup completed. Code saved to: /root/autodl-tmp/retraining-free-quantization/training/resnet18_cifar10_BFAT_ce_0.02_combined/code/.vscode
2025-12-21 11:45:57,179 - INFO  - Code backup completed. Code saved to: /root/autodl-tmp/retraining-free-quantization/training/resnet18_cifar10_BFAT_ce_0.02_combined/code/activation_dumps/denoise_restorer/clean/clean
2025-12-21 11:45:57,179 - INFO  - Code backup completed. Code saved to: /root/autodl-tmp/retraining-free-quantization/training/resnet18_cifar10_BFAT_ce_0.02_combined/code/activation_dumps/denoise_restorer/clean
2025-12-21 11:45:57,179 - INFO  - Code backup completed. Code saved to: /root/autodl-tmp/retraining-free-quantization/training/resnet18_cifar10_BFAT_ce_0.02_combined/code/activation_dumps/denoise_restorer/fault/fault
2025-12-21 11:45:57,179 - INFO  - Code backup completed. Code saved to: /root/autodl-tmp/retraining-free-quantization/training/resnet18_cifar10_BFAT_ce_0.02_combined/code/activation_dumps/denoise_restorer/fault
2025-12-21 11:45:57,179 - INFO  - Code backup completed. Code saved to: /root/autodl-tmp/retraining-free-quantization/training/resnet18_cifar10_BFAT_ce_0.02_combined/code/activation_dumps/denoise_restorer
2025-12-21 11:45:57,179 - INFO  - Code backup completed. Code saved to: /root/autodl-tmp/retraining-free-quantization/training/resnet18_cifar10_BFAT_ce_0.02_combined/code/activation_dumps
2025-12-21 11:45:57,179 - INFO  - Code backup completed. Code saved to: /root/autodl-tmp/retraining-free-quantization/training/resnet18_cifar10_BFAT_ce_0.02_combined/code/checkpoints
2025-12-21 11:45:57,179 - INFO  - Code backup completed. Code saved to: /root/autodl-tmp/retraining-free-quantization/training/resnet18_cifar10_BFAT_ce_0.02_combined/code/configs/restorer
2025-12-21 11:45:57,179 - INFO  - Code backup completed. Code saved to: /root/autodl-tmp/retraining-free-quantization/training/resnet18_cifar10_BFAT_ce_0.02_combined/code/configs
2025-12-21 11:45:57,179 - INFO  - Code backup completed. Code saved to: /root/autodl-tmp/retraining-free-quantization/training/resnet18_cifar10_BFAT_ce_0.02_combined/code/docs
2025-12-21 11:45:57,179 - INFO  - Code backup completed. Code saved to: /root/autodl-tmp/retraining-free-quantization/training/resnet18_cifar10_BFAT_ce_0.02_combined/code/layer_profiles
2025-12-21 11:45:57,180 - INFO  - Code backup completed. Code saved to: /root/autodl-tmp/retraining-free-quantization/training/resnet18_cifar10_BFAT_ce_0.02_combined/code/learning_heads
2025-12-21 11:45:57,180 - INFO  - Code backup completed. Code saved to: /root/autodl-tmp/retraining-free-quantization/training/resnet18_cifar10_BFAT_ce_0.02_combined/code/logs/restorer_pipeline
2025-12-21 11:45:57,180 - INFO  - Code backup completed. Code saved to: /root/autodl-tmp/retraining-free-quantization/training/resnet18_cifar10_BFAT_ce_0.02_combined/code/logs/sensitive_layer_sets
2025-12-21 11:45:57,180 - INFO  - Code backup completed. Code saved to: /root/autodl-tmp/retraining-free-quantization/training/resnet18_cifar10_BFAT_ce_0.02_combined/code/logs
2025-12-21 11:45:57,180 - INFO  - Copied code file: __init__.py
2025-12-21 11:45:57,181 - INFO  - Copied code file: alexnet_cifar.py
2025-12-21 11:45:57,181 - INFO  - Copied code file: mobilenetv2.py
2025-12-21 11:45:57,181 - INFO  - Copied code file: model.py
2025-12-21 11:45:57,181 - INFO  - Copied code file: resnet_cifar.py
2025-12-21 11:45:57,181 - INFO  - Code backup completed. Code saved to: /root/autodl-tmp/retraining-free-quantization/training/resnet18_cifar10_BFAT_ce_0.02_combined/code/model
2025-12-21 11:45:57,181 - INFO  - Copied code file: __init__.py
2025-12-21 11:45:57,182 - INFO  - Copied code file: lsq.py
2025-12-21 11:45:57,182 - INFO  - Copied code file: quantizer.py
2025-12-21 11:45:57,182 - INFO  - Code backup completed. Code saved to: /root/autodl-tmp/retraining-free-quantization/training/resnet18_cifar10_BFAT_ce_0.02_combined/code/quan/quantizer
2025-12-21 11:45:57,182 - INFO  - Copied code file: __init__.py
2025-12-21 11:45:57,182 - INFO  - Copied code file: func.py
2025-12-21 11:45:57,183 - INFO  - Copied code file: utils.py
2025-12-21 11:45:57,183 - INFO  - Code backup completed. Code saved to: /root/autodl-tmp/retraining-free-quantization/training/resnet18_cifar10_BFAT_ce_0.02_combined/code/quan
2025-12-21 11:45:57,183 - INFO  - Code backup completed. Code saved to: /root/autodl-tmp/retraining-free-quantization/training/resnet18_cifar10_BFAT_ce_0.02_combined/code/sensitive_training/alexnet_cifar10_sensitive_stage2/tb_runs
2025-12-21 11:45:57,183 - INFO  - Code backup completed. Code saved to: /root/autodl-tmp/retraining-free-quantization/training/resnet18_cifar10_BFAT_ce_0.02_combined/code/sensitive_training/alexnet_cifar10_sensitive_stage2
2025-12-21 11:45:57,183 - INFO  - Code backup completed. Code saved to: /root/autodl-tmp/retraining-free-quantization/training/resnet18_cifar10_BFAT_ce_0.02_combined/code/sensitive_training/alexnet_cifar10_sensitive_stage2_transformer/tb_runs
2025-12-21 11:45:57,183 - INFO  - Code backup completed. Code saved to: /root/autodl-tmp/retraining-free-quantization/training/resnet18_cifar10_BFAT_ce_0.02_combined/code/sensitive_training/alexnet_cifar10_sensitive_stage2_transformer
2025-12-21 11:45:57,183 - INFO  - Code backup completed. Code saved to: /root/autodl-tmp/retraining-free-quantization/training/resnet18_cifar10_BFAT_ce_0.02_combined/code/sensitive_training
2025-12-21 11:45:57,183 - INFO  - Copied code file: analyze_corrector_logits.py
2025-12-21 11:45:57,184 - INFO  - Copied code file: analyze_fault_propagation.py
2025-12-21 11:45:57,184 - INFO  - Copied code file: analyze_layer_sensitivity.py
2025-12-21 11:45:57,184 - INFO  - Copied code file: test_fault_injection_baseline_resnet18.py
2025-12-21 11:45:57,184 - INFO  - Copied code file: analyze_multi_bit_sensitivity.py
2025-12-21 11:45:57,185 - INFO  - Copied code file: analyze_single_layer_fault_impact.py
2025-12-21 11:45:57,185 - INFO  - Copied code file: calculate_weight_flip_probability.py
2025-12-21 11:45:57,185 - INFO  - Copied code file: collect_layer_statistics.py
2025-12-21 11:45:57,185 - INFO  - Copied code file: diagnose_corrector_gap.py
2025-12-21 11:45:57,186 - INFO  - Copied code file: sweep_srqat.py
2025-12-21 11:45:57,186 - INFO  - Copied code file: eval_gradient_statistics_restorer.py
2025-12-21 11:45:57,186 - INFO  - Copied code file: eval_sensitive_layer_sets.py
2025-12-21 11:45:57,187 - INFO  - Copied code file: eval_sensitive_restorer.py
2025-12-21 11:45:57,187 - INFO  - Copied code file: eval_with_fault_injection.py
2025-12-21 11:45:57,188 - INFO  - Copied code file: compare_lsq_scales_with_checkpoint.py
2025-12-21 11:45:57,189 - INFO  - Copied code file: test_fault_injector.py
2025-12-21 11:45:57,189 - INFO  - Copied code file: analyze_srqat_scale_weight_norms.py
2025-12-21 11:45:57,190 - INFO  - Copied code file: test_gray_code_fault_injection.py
2025-12-21 11:45:57,191 - INFO  - Copied code file: test_olm_fault_injection.py
2025-12-21 11:45:57,191 - INFO  - Copied code file: export_srqat_penalty_stats.py
2025-12-21 11:45:57,191 - INFO  - Copied code file: train_learning_repair_head.py
2025-12-21 11:45:57,192 - INFO  - Copied code file: train_olm_encoder.py
2025-12-21 11:45:57,192 - INFO  - Copied code file: plot_weight_distribution_violin.py
2025-12-21 11:45:57,192 - INFO  - Copied code file: train_sensitive_repair_head.py
2025-12-21 11:45:57,193 - INFO  - Copied code file: visualize_fault_activation.py
2025-12-21 11:45:57,193 - INFO  - Copied code file: test_learnable_olm_vs_traditional_olm.py
2025-12-21 11:45:57,193 - INFO  - Copied code file: test_fault_injection_baseline.py
2025-12-21 11:45:57,194 - INFO  - Copied code file: analyze_olm_differences.py
2025-12-21 11:45:57,194 - INFO  - Copied code file: test_learnable_olm_consistency.py
2025-12-21 11:45:57,195 - INFO  - Copied code file: test_search_olm_from_checkpoint.py
2025-12-21 11:45:57,195 - INFO  - Copied code file: test_olm_layer_name_check.py
2025-12-21 11:45:57,195 - INFO  - Copied code file: compare_old_new_fault_injector.py
2025-12-21 11:45:57,195 - INFO  - Copied code file: verify_dec2_fault_injector.py
2025-12-21 11:45:57,196 - INFO  - Copied code file: verify_dec2_olm_fault_injection.py
2025-12-21 11:45:57,196 - INFO  - Copied code file: train_olm_encoder_improved.py
2025-12-21 11:45:57,196 - INFO  - Copied code file: train_olm_encoder_improved_v2.py
2025-12-21 11:45:57,196 - INFO  - Copied code file: train_olm_encoder_enhanced.py
2025-12-21 11:45:57,196 - INFO  - Copied code file: compare_olm_vs_gray_code.py
2025-12-21 11:45:57,197 - INFO  - Copied code file: test_bit_range_fault_injection.py
2025-12-21 11:45:57,197 - INFO  - Copied code file: train_olm_encoder_partial_bits.py
2025-12-21 11:45:57,197 - INFO  - Copied code file: test_bit7_flip_direction.py
2025-12-21 11:45:57,197 - INFO  - Copied code file: train_olm_encoder_hybrid.py
2025-12-21 11:45:57,198 - INFO  - Copied code file: train_olm_encoder_hybrid_v2.py
2025-12-21 11:45:57,198 - INFO  - Copied code file: test_hybrid_olm_fault_injection.py
2025-12-21 11:45:57,198 - INFO  - Copied code file: analyze_layerwise_activation_drift.py
2025-12-21 11:45:57,199 - INFO  - Copied code file: compare_models_activation_drift.py
2025-12-21 11:45:57,199 - INFO  - Copied code file: sweep_resnet18_srqat.py
2025-12-21 11:45:57,199 - INFO  - Copied code file: plot_activation_drift_paper.py
2025-12-21 11:45:57,199 - INFO  - Code backup completed. Code saved to: /root/autodl-tmp/retraining-free-quantization/training/resnet18_cifar10_BFAT_ce_0.02_combined/code/tools
2025-12-21 11:45:57,199 - INFO  - Copied code file: __init__.py
2025-12-21 11:45:57,199 - INFO  - Copied code file: bsam.py
2025-12-21 11:45:57,200 - INFO  - Copied code file: checkpoint.py
2025-12-21 11:45:57,200 - INFO  - Copied code file: config.py
2025-12-21 11:45:57,200 - INFO  - Copied code file: data_loader.py
2025-12-21 11:45:57,200 - INFO  - Copied code file: dist.py
2025-12-21 11:45:57,201 - INFO  - Copied code file: enhanced_feature_extractor.py
2025-12-21 11:45:57,201 - INFO  - Copied code file: olm_encoder_enhanced.py
2025-12-21 11:45:57,201 - INFO  - Copied code file: gradient_statistics_restorer.py
2025-12-21 11:45:57,202 - INFO  - Copied code file: greedy_search.py
2025-12-21 11:45:57,202 - INFO  - Copied code file: intermediate_layer_restorer.py
2025-12-21 11:45:57,202 - INFO  - Copied code file: intermediate_restorer_integration.py
2025-12-21 11:45:57,202 - INFO  - Copied code file: intermediate_restorer_trainer.py
2025-12-21 11:45:57,202 - INFO  - Copied code file: layerwise_rl_restorer.py
2025-12-21 11:45:57,203 - INFO  - Copied code file: loss_ops.py
2025-12-21 11:45:57,203 - INFO  - Copied code file: lsq_sam.py
2025-12-21 11:45:57,203 - INFO  - Copied code file: model_ema.py
2025-12-21 11:45:57,203 - INFO  - Copied code file: monitor.py
2025-12-21 11:45:57,203 - INFO  - Copied code file: mpq.py
2025-12-21 11:45:57,203 - INFO  - Copied code file: olm_encoder.py
2025-12-21 11:45:57,204 - INFO  - Copied code file: output_corrector.py
2025-12-21 11:45:57,204 - INFO  - Copied code file: progressive_ber_scheduler.py
2025-12-21 11:45:57,204 - INFO  - Copied code file: qat.py
2025-12-21 11:45:57,204 - INFO  - Copied code file: random_search.py
2025-12-21 11:45:57,204 - INFO  - Copied code file: rl_intermediate_layer_restorer.py
2025-12-21 11:45:57,205 - INFO  - Copied code file: rl_intermediate_restorer_integration.py
2025-12-21 11:45:57,205 - INFO  - Copied code file: rl_restorer.py
2025-12-21 11:45:57,205 - INFO  - Copied code file: rl_restorer_integration.py
2025-12-21 11:45:57,205 - INFO  - Copied code file: rl_restorer_lightweight.py
2025-12-21 11:45:57,206 - INFO  - Copied code file: rl_restorer_trainer.py
2025-12-21 11:45:57,206 - INFO  - Copied code file: searcher.py
2025-12-21 11:45:57,206 - INFO  - Copied code file: sensitive_features.py
2025-12-21 11:45:57,207 - INFO  - Copied code file: sensitive_layer_restorer.py
2025-12-21 11:45:57,207 - INFO  - Copied code file: sensitive_restorer.py
2025-12-21 11:45:57,207 - INFO  - Copied code file: sensitive_restorer_transformer.py
2025-12-21 11:45:57,207 - INFO  - Copied code file: sensitive_restorer_v2.py
2025-12-21 11:45:57,207 - INFO  - Copied code file: utils.py
2025-12-21 11:45:57,208 - INFO  - Copied code file: weight_schd.py
2025-12-21 11:45:57,208 - INFO  - Copied code file: learnable_olm.py
2025-12-21 11:45:57,208 - INFO  - Copied code file: integer_inn_encoder.py
2025-12-21 11:45:57,208 - INFO  - Copied code file: search_olm_manager.py
2025-12-21 11:45:57,209 - INFO  - Copied code file: hybrid_olm_optimizer.py
2025-12-21 11:45:57,209 - INFO  - Copied code file: efficient_hybrid_olm_optimizer.py
2025-12-21 11:45:57,209 - INFO  - Copied code file: fault_injector_question.py
2025-12-21 11:45:57,210 - INFO  - Copied code file: improved_olm_encoder.py
2025-12-21 11:45:57,210 - INFO  - Copied code file: improved_olm_encoder_v2.py
2025-12-21 11:45:57,210 - INFO  - Copied code file: improved_olm_encoder_genetic.py
2025-12-21 11:45:57,211 - INFO  - Copied code file: fault_injector.py
2025-12-21 11:45:57,211 - INFO  - Code backup completed. Code saved to: /root/autodl-tmp/retraining-free-quantization/training/resnet18_cifar10_BFAT_ce_0.02_combined/code/util
2025-12-21 11:45:57,211 - INFO  - Code backup completed. Code saved to: /root/autodl-tmp/retraining-free-quantization/training/resnet18_cifar10_BFAT_ce_0.02_combined/code/visualizations/fault_activation_features_0
2025-12-21 11:45:57,211 - INFO  - Code backup completed. Code saved to: /root/autodl-tmp/retraining-free-quantization/training/resnet18_cifar10_BFAT_ce_0.02_combined/code/visualizations/fault_activation_features_0_ber1e1
2025-12-21 11:45:57,211 - INFO  - Code backup completed. Code saved to: /root/autodl-tmp/retraining-free-quantization/training/resnet18_cifar10_BFAT_ce_0.02_combined/code/visualizations
2025-12-21 11:45:57,211 - INFO  - Copied code file: main.py
2025-12-21 11:45:57,211 - INFO  - Copied code file: policy.py
2025-12-21 11:45:57,212 - INFO  - Copied code file: compare_scripts.py
2025-12-21 11:45:57,212 - INFO  - Code backup completed. Code saved to: /root/autodl-tmp/retraining-free-quantization/training/resnet18_cifar10_BFAT_ce_0.02_combined/code/chat
2025-12-21 11:45:57,212 - INFO  - Copied code file: process_sam.py
2025-12-21 11:45:57,213 - INFO  - Copied code file: process.py
2025-12-21 11:45:57,213 - INFO  - Copied code file: FAULT_INJECTION_SIMPLE_EXAMPLE.py
2025-12-21 11:45:57,213 - INFO  - Copied code file: analyze_bit_width_impact.py
2025-12-21 11:45:57,213 - INFO  - Copied code file: evolution_search.py
2025-12-21 11:45:57,214 - INFO  - Copied code file: analyze_w2a6_real_reason.py
2025-12-21 11:45:57,214 - INFO  - Copied code file: analyze_w2a6_slowdown.py
2025-12-21 11:45:57,214 - INFO  - Copied code file: debug_fault_injection_detailed.py
2025-12-21 11:45:57,214 - INFO  - Copied code file: example_enhanced_features.py
2025-12-21 11:45:57,214 - INFO  - Copied code file: example_rl_restorer.py
2025-12-21 11:45:57,215 - INFO  - Copied code file: example_rl_restorer_integration.py
2025-12-21 11:45:57,215 - INFO  - Copied code file: quick_test_gradient_restorer.py
2025-12-21 11:45:57,215 - INFO  - Copied code file: process_olm_fat.py
2025-12-21 11:45:57,216 - INFO  - Copied code file: process_normal.py
2025-12-21 11:45:57,216 - INFO  - Copied code file: main_normal.py
2025-12-21 11:45:57,216 - INFO  - Copied code file: test_ber_verification.py
2025-12-21 11:45:57,216 - INFO  - Copied code file: test_fault_injection_debug.py
2025-12-21 11:45:57,217 - INFO  - Copied code file: test_fault_injection_seed_logic.py
2025-12-21 11:45:57,217 - INFO  - Copied code file: test_fault_injection_verbose.py
2025-12-21 11:45:57,217 - INFO  - Copied code file: test_gradient_preservation.py
2025-12-21 11:45:57,217 - INFO  - Copied code file: test_json_config_loading.py
2025-12-21 11:45:57,218 - INFO  - Copied code file: main_olm_fat.py
2025-12-21 11:45:57,218 - INFO  - Copied code file: train_rl_restorer_with_enhanced_features.py
2025-12-21 11:45:57,218 - INFO  - Copied code file: train_sensitive_restorer.py
2025-12-21 11:45:57,218 - INFO  - Copied code file: train_sensitive_restorer_distill.py
2025-12-21 11:45:57,219 - INFO  - Copied code file: process_nude.py
2025-12-21 11:45:57,219 - INFO  - Copied code file: main_nude.py
2025-12-21 11:45:57,219 - INFO  - Code backup completed. Code saved to: /root/autodl-tmp/retraining-free-quantization/training/resnet18_cifar10_BFAT_ce_0.02_combined/code/analysis/clean120_drift
2025-12-21 11:45:57,219 - INFO  - Code backup completed. Code saved to: /root/autodl-tmp/retraining-free-quantization/training/resnet18_cifar10_BFAT_ce_0.02_combined/code/analysis/srqat_drift
2025-12-21 11:45:57,219 - INFO  - Code backup completed. Code saved to: /root/autodl-tmp/retraining-free-quantization/training/resnet18_cifar10_BFAT_ce_0.02_combined/code/analysis/comparison
2025-12-21 11:45:57,219 - INFO  - Code backup completed. Code saved to: /root/autodl-tmp/retraining-free-quantization/training/resnet18_cifar10_BFAT_ce_0.02_combined/code/analysis/srqat_ls0_drift
2025-12-21 11:45:57,219 - INFO  - Code backup completed. Code saved to: /root/autodl-tmp/retraining-free-quantization/training/resnet18_cifar10_BFAT_ce_0.02_combined/code/analysis/comparison_srqat
2025-12-21 11:45:57,219 - INFO  - Code backup completed. Code saved to: /root/autodl-tmp/retraining-free-quantization/training/resnet18_cifar10_BFAT_ce_0.02_combined/code/analysis/paper_figs
2025-12-21 11:45:57,219 - INFO  - Code backup completed. Code saved to: /root/autodl-tmp/retraining-free-quantization/training/resnet18_cifar10_BFAT_ce_0.02_combined/code/analysis/resnet18_ls0_drift_ber3e2
2025-12-21 11:45:57,220 - INFO  - Code backup completed. Code saved to: /root/autodl-tmp/retraining-free-quantization/training/resnet18_cifar10_BFAT_ce_0.02_combined/code/analysis/resnet18_ls1e7_drift_ber3e2
2025-12-21 11:45:57,220 - INFO  - Code backup completed. Code saved to: /root/autodl-tmp/retraining-free-quantization/training/resnet18_cifar10_BFAT_ce_0.02_combined/code/analysis/resnet18_drift_compare_ber3e2
2025-12-21 11:45:57,220 - INFO  - Code backup completed. Code saved to: /root/autodl-tmp/retraining-free-quantization/training/resnet18_cifar10_BFAT_ce_0.02_combined/code/analysis/resnet18_paper_figs
2025-12-21 11:45:57,220 - INFO  - Code backup completed. Code saved to: /root/autodl-tmp/retraining-free-quantization/training/resnet18_cifar10_BFAT_ce_0.02_combined/code/analysis
2025-12-21 11:45:57,220 - INFO  - Copied code file: run_fault_tolerance_test.py
2025-12-21 11:45:57,220 - INFO  - Copied code file: resnet18_ber_sweep_msb.py
2025-12-21 11:45:57,220 - INFO  - Code backup completed. Code saved to: /root/autodl-tmp/retraining-free-quantization/training/resnet18_cifar10_BFAT_ce_0.02_combined/code/scripts
2025-12-21 11:45:57,220 - INFO  - Copied code file: test_resnet18_skip_msb.py
2025-12-21 11:45:57,221 - INFO  - Copied code file: test_baseline_fault_tolerance.py
2025-12-21 11:45:57,221 - INFO  - Copied code file: test_baseline_fault_tolerance_simple.py
2025-12-21 11:45:57,221 - INFO  - Copied code file: debug_baseline_test.py
2025-12-21 11:45:57,221 - INFO  - Code backup completed. Code saved to: /root/autodl-tmp/retraining-free-quantization/training/resnet18_cifar10_BFAT_ce_0.02_combined/code
2025-12-21 11:45:57,413 - INFO  - Created `resnet18` model for `cifar10` dataset (num_classes=10)
          Use pre-trained model = False
2025-12-21 11:45:57,413 - INFO  - Inserted quantizers into the original model
2025-12-21 11:45:57,863 - INFO  - [DEBUG] Initializing dataloaders...
2025-12-21 11:46:01,193 - INFO  - [DEBUG] Dataloaders initialized: train=390, val=390, test=79
2025-12-21 11:46:01,202 - INFO  - [DEBUG] Testing model forward with input size 32x32...
2025-12-21 11:46:01,456 - INFO  - [DEBUG] Model forward test completed
2025-12-21 11:46:01,456 - INFO  - [DEBUG] Creating ModelEma...
2025-12-21 11:46:01,640 - INFO  - [DEBUG] ModelEma created
2025-12-21 11:46:01,640 - INFO  - ================================================================================
2025-12-21 11:46:01,640 - INFO  - ⚠️  DISTRIBUTION LOSS DISABLED - This version is for fault tolerance study
2025-12-21 11:46:01,640 - INFO  - ================================================================================
2025-12-21 11:46:01,640 - INFO  - [DEBUG] Printing model structure (this may print quantizer info)...
2025-12-21 11:46:01,642 - INFO  - [DEBUG] Model structure printed
2025-12-21 11:46:01,642 - INFO  - [DEBUG] Switching bit width for model to [6, 5, 4, 3, 2]...
2025-12-21 11:46:01,644 - INFO  - [DEBUG] Model bit width switched
2025-12-21 11:46:01,644 - INFO  - [DEBUG] Switching bit width for EMA model to [6, 5, 4, 3, 2]...
2025-12-21 11:46:01,646 - INFO  - [DEBUG] EMA model bit width switched
2025-12-21 11:46:01,646 - INFO  - ================================================================================
2025-12-21 11:46:01,646 - INFO  - ⚠️  FAULT-AWARE TRAINING (FAT) - DISABLED
2025-12-21 11:46:01,646 - INFO  - ================================================================================
2025-12-21 11:46:01,646 - INFO  -   Reason: fault_aware_training config not found in YAML
2025-12-21 11:46:01,646 - INFO  - ================================================================================
2025-12-21 11:46:01,646 - INFO  - [DEBUG] Creating annealing schedule (train_loader length: 390)...
2025-12-21 11:46:01,646 - INFO  - [DEBUG] Annealing schedule created
2025-12-21 11:46:01,646 - INFO  - [DEBUG] Stepping lr_scheduler...
2025-12-21 11:46:01,646 - INFO  - [DEBUG] lr_scheduler stepped
2025-12-21 11:46:01,646 - INFO  - [DEBUG] Creating freezing annealing schedule...
2025-12-21 11:46:01,646 - INFO  - Start dynamic bit-width training...
2025-12-21 11:46:01,646 - INFO  - [DEBUG] Freezing annealing schedule created
2025-12-21 11:46:01,646 - INFO  - Optimizer: SGD (
           Parameter Group 0
               dampening: 0
               differentiable: False
               foreach: None
               fused: None
               initial_lr: 0.1
               lr: 0.1
               maximize: False
               momentum: 0.9
               nesterov: True
               weight_decay: 0.0001
           
           Parameter Group 1
               dampening: 0
               differentiable: False
               foreach: None
               fused: None
               initial_lr: 0.1
               lr: 0.1
               maximize: False
               momentum: 0.9
               nesterov: True
               weight_decay: 0
           )
2025-12-21 11:46:01,646 - INFO  - Total epoch: 100, Start epoch 0
2025-12-21 11:46:01,646 - INFO  - >>>>>>>> Epoch   0
2025-12-21 11:46:01,647 - INFO  - Training: 50000 samples (128 per mini-batch)
2025-12-21 11:46:01,652 - INFO  - ================================================================================
2025-12-21 11:46:01,653 - INFO  - 🔥 BFAT (Bit-Flip Aware Training) - ACTIVE
2025-12-21 11:46:01,653 - INFO  -    Target Layer: avgpool
2025-12-21 11:46:01,653 - INFO  -    Loss Type: direct_ce
2025-12-21 11:46:01,653 - INFO  -      → 直接使用 CE Loss * 1.0
2025-12-21 11:46:01,653 - INFO  -    BER: 0.02
2025-12-21 11:46:01,653 - INFO  -    Projection Base: combined
2025-12-21 11:46:01,653 - INFO  -      → BFAT 梯度将与 (clean + nr_random) 综合梯度进行投影
2025-12-21 11:46:01,653 - INFO  - ================================================================================
2025-12-21 11:46:11,359 - INFO  - Max Training [0][   20/  391]   Loss 6.237744   QE Loss 0.000000   Distribution Loss 0.000000   IDM Loss 0.000000   Top1 13.203125   Top5 54.218750   LR 0.100000   QLR 0.000010   
2025-12-21 11:46:11,360 - INFO  - Mixed 0 Training [0][   20/  391]   Loss 6.607013   QE Loss 0.000000   Distribution Loss -0.089430   IDM Loss 0.000000   Top1 14.492188   Top5 56.523438   LR 0.100000   QLR 0.000010   
2025-12-21 11:46:11,360 - INFO  - Mixed 1 Training [0][   20/  391]   Loss 6.635765   QE Loss 0.000000   Distribution Loss -0.085934   IDM Loss 0.000000   Top1 14.257812   Top5 56.835938   LR 0.100000   QLR 0.000010   
2025-12-21 11:46:11,360 - INFO  - Mixed 2 Training [0][   20/  391]   Loss 6.619170   QE Loss 0.000000   Distribution Loss -0.095666   IDM Loss 0.000000   Top1 15.078125   Top5 56.289062   LR 0.100000   QLR 0.000010   
2025-12-21 11:46:11,362 - INFO  - ===================================================================================================================
