Munch({'name': 'alexnet_cifar10_sensitive_stage1', 'output_dir': 'training', 'training_device': 'gpu', 'num_random_path': 3, 'target_bits': [6, 5, 4, 3, 2], 'post_training_batchnorm_calibration': True, 'information_distortion_mitigation': False, 'enable_dynamic_bit_training': True, 'kd': False, 'dataloader': Munch({'dataset': 'cifar10', 'num_classes': 10, 'path': './data/cifar10', 'batch_size': 128, 'workers': 4, 'deterministic': True}), 'resume': Munch({'path': None, 'lean': False}), 'log': Munch({'num_best_scores': 3, 'print_freq': 20}), 'arch': 'alexnet', 'pre_trained': False, 'quan': Munch({'act': Munch({'mode': 'lsq', 'bit': 2, 'per_channel': False, 'symmetric': False, 'all_positive': True}), 'weight': Munch({'mode': 'lsq', 'bit': 2, 'per_channel': False, 'symmetric': False, 'all_positive': False}), 'excepts': Munch({'excepts_bits_width': 8, 'features.0': Munch({'act': Munch({'bit': None, 'all_positive': False}), 'weight': Munch({'bit': None})}), 'classifier.6': Munch({'act': Munch({'bit': None, 'all_positive': False}), 'weight': Munch({'bit': None})})})}), 'eval': False, 'epochs': 200, 'smoothing': 0.0, 'scale_gradient': False, 'opt': 'sgd', 'lr': 0.01, 'momentum': 0.9, 'weight_decay': 0.0001, 'adaptive_region_weight_decay': 0, 'sched': 'cosine', 'min_lr': 0.0, 'decay_rate': 0.1, 'warmup_epochs': 0, 'warmup_lr': 0.0, 'decay_epochs': 30, 'cooldown_epochs': 0, 'ema_decay': 0.9997, 'fault_aware_training': Munch({'enabled': False}), 'local_rank': 0, 'split_aw_cands': False})
Creating model...
layer QuanConv2d not using splited a_w cands!
layer QuanConv2d not using splited a_w cands!
layer QuanConv2d not using splited a_w cands!
layer QuanConv2d not using splited a_w cands!
layer QuanConv2d not using splited a_w cands!
Loading checkpoint from training/alexnet_cifar10_sensitive_stage1/alexnet_cifar10_sensitive_stage1_checkpoint.pth.tar...
Model loaded successfully.
Loading bit-width configuration from: search/alexnet_cifar10_FAT_a92b25search_bit_width_config.json
  Warning: Could not update BN layers: unsupported operand type(s) for *: 'int' and 'NoneType'
Loaded bit-width configuration from: search/alexnet_cifar10_FAT_a92b25search_bit_width_config.json
  Configuration index: 0
  Number of layers: 6
  Weight bits range: 4-6
  Activation bits range: 2-2
  Sample weight bits (first 5 layers): [6, 4, 6, 4, 4]
  Sample act bits (first 5 layers): [2, 2, 2, 2, 2]
✓ Bit-width configuration loaded: 6 layers
Note: Layers in excepts (features.0, classifier.6) will remain 8-bit (fixed_bits)
Verifying excepts layers (should remain 8-bit):
  features.0: fixed_bits=(8, 32) (should be 8-bit)
  classifier.6: fixed_bits=(8, 8) (should be 8-bit)
Creating data loaders...
[DEBUG] Creating train_loader: batch_size=128, workers=4, sampler=None
[DEBUG] Train loader created, length: 390
[DEBUG] Test loader created, length: 79
[DEBUG] Val loader created, length: 390
Initializing model output_size with a dummy forward pass...
✓ Model output_size initialized
Creating sensitive-layer restorer from layer_profiles/clean_20251122-205334.pt
Sensitive-layer restorer ready.

============================================================
Starting evaluation...
============================================================

============================================================
Testing BER = 1.00e-03
============================================================
[FaultInjector] Wrapped 8 layers for fault injection: 6 dynamic bits layers, 2 fixed_bits layers (first/last layers will use their fixed bit-width, e.g., 8-bit)
  Batch 50/79, Acc: 87.17%

BER 1.00e-03: Accuracy = 87.22%

故障注入统计 (BER=1.00e-03):
故障注入统计：暂无数据（可能尚未进行故障注入）

============================================================
Testing BER = 1.00e-02
============================================================
[FaultInjector] Wrapped 8 layers for fault injection: 6 dynamic bits layers, 2 fixed_bits layers (first/last layers will use their fixed bit-width, e.g., 8-bit)
  Batch 50/79, Acc: 82.62%

BER 1.00e-02: Accuracy = 82.86%

故障注入统计 (BER=1.00e-02):
故障注入统计：暂无数据（可能尚未进行故障注入）

============================================================
Testing BER = 5.00e-02
============================================================
[FaultInjector] Wrapped 8 layers for fault injection: 6 dynamic bits layers, 2 fixed_bits layers (first/last layers will use their fixed bit-width, e.g., 8-bit)
  Batch 50/79, Acc: 10.06%

BER 5.00e-02: Accuracy = 10.00%

故障注入统计 (BER=5.00e-02):
故障注入统计：暂无数据（可能尚未进行故障注入）

============================================================
Testing BER = 1.00e-01
============================================================
[FaultInjector] Wrapped 8 layers for fault injection: 6 dynamic bits layers, 2 fixed_bits layers (first/last layers will use their fixed bit-width, e.g., 8-bit)
  Batch 50/79, Acc: 23.27%

BER 1.00e-01: Accuracy = 23.07%

故障注入统计 (BER=1.00e-01):
故障注入统计：暂无数据（可能尚未进行故障注入）

============================================================
Evaluation Summary
============================================================
BER             Accuracy (%)   
------------------------------
1.00e-03        87.22          
1.00e-02        82.86          
5.00e-02        10.00          
1.00e-01        23.07          
============================================================

Evaluating baseline (no restorer)...
[FaultInjector] Wrapped 8 layers for fault injection: 6 dynamic bits layers, 2 fixed_bits layers (first/last layers will use their fixed bit-width, e.g., 8-bit)

故障注入统计 (BER=1.00e-03):
故障注入统计：暂无数据（可能尚未进行故障注入）
[FaultInjector] Wrapped 8 layers for fault injection: 6 dynamic bits layers, 2 fixed_bits layers (first/last layers will use their fixed bit-width, e.g., 8-bit)

故障注入统计 (BER=1.00e-02):
故障注入统计：暂无数据（可能尚未进行故障注入）
[FaultInjector] Wrapped 8 layers for fault injection: 6 dynamic bits layers, 2 fixed_bits layers (first/last layers will use their fixed bit-width, e.g., 8-bit)

故障注入统计 (BER=5.00e-02):
故障注入统计：暂无数据（可能尚未进行故障注入）
[FaultInjector] Wrapped 8 layers for fault injection: 6 dynamic bits layers, 2 fixed_bits layers (first/last layers will use their fixed bit-width, e.g., 8-bit)

故障注入统计 (BER=1.00e-01):
故障注入统计：暂无数据（可能尚未进行故障注入）

============================================================
Comparison: With Restorer vs Baseline
============================================================
BER             Baseline (%)    Restorer (%)    Improvement    
------------------------------------------------------------
1.00e-03        87.22           87.22           +0.00%
1.00e-02        82.86           82.86           +0.00%
5.00e-02        47.23           10.00           -37.23%
1.00e-01        23.09           23.07           -0.02%
============================================================

