Munch({'name': 'alexnet_cifar10_sensitive_stage1', 'output_dir': 'training', 'training_device': 'gpu', 'num_random_path': 3, 'target_bits': [6, 5, 4, 3, 2], 'post_training_batchnorm_calibration': True, 'information_distortion_mitigation': False, 'enable_dynamic_bit_training': True, 'kd': False, 'dataloader': Munch({'dataset': 'cifar10', 'num_classes': 10, 'path': './data/cifar10', 'batch_size': 128, 'workers': 4, 'deterministic': True}), 'resume': Munch({'path': None, 'lean': False}), 'log': Munch({'num_best_scores': 3, 'print_freq': 20}), 'arch': 'alexnet', 'pre_trained': False, 'quan': Munch({'act': Munch({'mode': 'lsq', 'bit': 2, 'per_channel': False, 'symmetric': False, 'all_positive': True}), 'weight': Munch({'mode': 'lsq', 'bit': 2, 'per_channel': False, 'symmetric': False, 'all_positive': False}), 'excepts': Munch({'excepts_bits_width': 8, 'features.0': Munch({'act': Munch({'bit': None, 'all_positive': False}), 'weight': Munch({'bit': None})}), 'classifier.6': Munch({'act': Munch({'bit': None, 'all_positive': False}), 'weight': Munch({'bit': None})})})}), 'eval': False, 'epochs': 200, 'smoothing': 0.0, 'scale_gradient': False, 'opt': 'sgd', 'lr': 0.01, 'momentum': 0.9, 'weight_decay': 0.0001, 'adaptive_region_weight_decay': 0, 'sched': 'cosine', 'min_lr': 0.0, 'decay_rate': 0.1, 'warmup_epochs': 0, 'warmup_lr': 0.0, 'decay_epochs': 30, 'cooldown_epochs': 0, 'ema_decay': 0.9997, 'fault_aware_training': Munch({'enabled': False}), 'local_rank': 0, 'split_aw_cands': False})
droupout ->  0.0
droupout ->  0.0
layer QuanConv2d not using splited a_w cands!
layer QuanConv2d not using splited a_w cands!
layer QuanConv2d not using splited a_w cands!
layer QuanConv2d not using splited a_w cands!
layer QuanConv2d not using splited a_w cands!
  Warning: Could not update BN layers: unsupported operand type(s) for *: 'int' and 'NoneType'
Loaded bit-width configuration from: search/alexnet_cifar10_FAT_a92b25search_bit_width_config.json
  Configuration index: 0
  Number of layers: 6
  Weight bits range: 4-6
  Activation bits range: 2-2
  Sample weight bits (first 5 layers): [6, 4, 6, 4, 4]
  Sample act bits (first 5 layers): [2, 2, 2, 2, 2]
[DEBUG] Creating train_loader: batch_size=128, workers=4, sampler=None
[DEBUG] Train loader created, length: 390
[DEBUG] Test loader created, length: 79
[DEBUG] Val loader created, length: 390
⚠️ 保存激活或指定 use_train_split 时，使用训练集以避免数据泄漏。
Processed 10 batches...
Processed 20 batches...
Processed 30 batches...
Processed 40 batches...
Processed 50 batches...
Processed 60 batches...
Processed 70 batches...
Processed 80 batches...
Processed 90 batches...
Processed 100 batches...
Processed 110 batches...
Processed 120 batches...
Processed 130 batches...
Processed 140 batches...
Processed 150 batches...
Processed 160 batches...
Processed 170 batches...
Processed 180 batches...
Processed 190 batches...
Processed 200 batches...
Processed 210 batches...
Processed 220 batches...
Processed 230 batches...
Processed 240 batches...
Processed 250 batches...
Processed 260 batches...
Processed 270 batches...
Processed 280 batches...
Processed 290 batches...
Processed 300 batches...
Processed 310 batches...
Processed 320 batches...
Processed 330 batches...
Processed 340 batches...
Processed 350 batches...
Processed 360 batches...
Processed 370 batches...
Processed 380 batches...
Processed 390 batches...
[Stats] Saved to layer_profiles/clean_20251122-212606.pt (layers=2)
