2025-11-20 12:18:03,471 - INFO  - Log file for this run: /root/autodl-tmp/retraining-free-quantization/training/alexnet_cifar10_sensitive_stage1/alexnet_cifar10_sensitive_stage1.log
2025-11-20 12:18:03,592 - INFO  - Using device: cuda:0
2025-11-20 12:18:03,592 - INFO  - Bit-width config: ./search/alexnet_cifar10_FAT_a92b25search_bit_width_config.json
2025-11-20 12:18:03,593 - INFO  - Global random seed set to 42 for reproducibility
2025-11-20 12:18:03,594 - INFO  - Using seed_list: [42] (will use fixed seed 42 deterministically)
2025-11-20 12:18:03,594 - INFO  - Testing BER values: [0.1]
2025-11-20 12:18:04,166 - INFO  - Created `alexnet` model for `cifar10` dataset (num_classes=10)
          Use pre-trained model = False
2025-11-20 12:18:04,166 - INFO  - Inserting quantizers into the model
2025-11-20 12:18:04,725 - INFO  - Using checkpoint from command line argument: training/alexnet_cifar10_sensitive_stage1/alexnet_cifar10_sensitive_stage1_checkpoint.pth.tar
2025-11-20 12:18:04,726 - INFO  - Loading checkpoint from training/alexnet_cifar10_sensitive_stage1/alexnet_cifar10_sensitive_stage1_checkpoint.pth.tar
2025-11-20 12:18:05,027 - INFO  - Loaded checkpoint alexnet model (next epoch 200) from training/alexnet_cifar10_sensitive_stage1/alexnet_cifar10_sensitive_stage1_checkpoint.pth.tar
2025-11-20 12:18:05,047 - INFO  - Loading bit-width configuration from: ./search/alexnet_cifar10_FAT_a92b25search_bit_width_config.json
2025-11-20 12:18:05,048 - INFO  - ✓ Bit-width configuration loaded: 6 layers
2025-11-20 12:18:05,048 - INFO  - Initializing model output_size with a dummy forward pass
2025-11-20 12:18:05,318 - INFO  - ✓ Model output_size initialized
2025-11-20 12:18:09,325 - INFO  - 
============================================================
2025-11-20 12:18:09,325 - INFO  - Baseline Evaluation (No Fault Injection)
2025-11-20 12:18:09,325 - INFO  - ============================================================
2025-11-20 12:18:09,326 - INFO  - Validation: 10000 samples (128 per mini-batch)
2025-11-20 12:18:11,605 - INFO  - Arch 0, BitOPs 1.31 G, Size 8.63 MB, Top-1 Acc. 87.62
2025-11-20 12:18:11,605 - INFO  - Baseline Top-1 Accuracy: 87.62%
2025-11-20 12:18:11,605 - INFO  - 
============================================================
2025-11-20 12:18:11,605 - INFO  - Fault Injection Test 1/1: BER = 1.0e-01
2025-11-20 12:18:11,606 - INFO  - Performing 1 trials with different random seeds...
2025-11-20 12:18:11,606 - INFO  - ============================================================
2025-11-20 12:18:11,606 - INFO  -   Using fixed seed from seed_list: 42 (deterministic)
2025-11-20 12:18:11,606 - INFO  -   Trial 1/1 (seed=42)...
2025-11-20 12:18:11,607 - INFO  - Validation: 10000 samples (128 per mini-batch)
2025-11-20 12:18:16,248 - INFO  - Arch 0, BitOPs 1.31 G, Size 8.63 MB, Top-1 Acc. 9.27
2025-11-20 12:18:16,248 - INFO  -     Trial 1: Accuracy=9.27%
2025-11-20 12:18:16,248 - INFO  - 
BER=1.0e-01: Average Accuracy=9.27% ± 0.00% (over 1 trials)
2025-11-20 12:18:16,248 - INFO  -   Individual trials: ['9.27']
2025-11-20 12:18:16,249 - INFO  -   Drop from baseline: 78.35%
2025-11-20 12:18:16,249 - INFO  - 
================================================================================
2025-11-20 12:18:16,249 - INFO  - Summary
2025-11-20 12:18:16,249 - INFO  - ================================================================================
2025-11-20 12:18:16,249 - INFO  - Checkpoint: alexnet_cifar10_sensitive_stage1
2025-11-20 12:18:16,249 - INFO  - Bit Config: alexnet_cifar10_FAT_a92b25search_bit_width_config.json
2025-11-20 12:18:16,249 - INFO  - --------------------------------------------------------------------------------
2025-11-20 12:18:16,249 - INFO  - BER          Accuracy (Avg)     Std        Drop        
2025-11-20 12:18:16,249 - INFO  - --------------------------------------------------------------------------------
2025-11-20 12:18:16,249 - INFO  - Baseline     87.62              -          0.00        
2025-11-20 12:18:16,249 - INFO  - 1.0e-01      9.27               0.00       78.35       
2025-11-20 12:18:16,249 - INFO  - 
Note: Each BER value was evaluated 1 times with different random seeds
2025-11-20 12:18:16,249 - INFO  -       to sample different fault patterns (simulating training distribution).
2025-11-20 12:18:16,249 - INFO  - 
Evaluation complete!
