2025-07-09 18:50:29 - robust model _alexnet_qbsam_timm_w6a6_minsharpness_max_0.01_.pt, all min_sharpness_min_rho is set as 0, max_sharpness_rho = 0.05


2025-07-09 18:51:08 - FI Campaign Epoch [1/100] | acc_bsam_quan: 40.39, 19.99, 20.97, 9.80, 0.00 | acc_quan: 44.01, 31.68, 22.91, 10.17, 0.00%
2025-07-09 18:51:45 - FI Campaign Epoch [2/100] | acc_bsam_quan: 38.78, 19.44, 17.79, 9.90, 0.00 | acc_quan: 47.73, 30.84, 22.04, 11.09, 0.00%
2025-07-09 18:51:45 - 



2025-07-09 19:20:57 - robust model _alexnet_qbsam_timm_w6a6_minsharpness_max_0.02_.pt, all min_sharpness_min_rho is set as 0, max_sharpness_rho = 0.05


2025-07-09 19:21:28 - FI Campaign Epoch [1/100] | acc_bsam_quan: 40.40, 19.34, 16.53, 10.15, 0.00 | acc_quan: 44.01, 31.68, 22.91, 10.17, 0.00%
2025-07-09 19:21:58 - FI Campaign Epoch [2/100] | acc_bsam_quan: 38.94, 19.88, 17.81, 10.80, 0.00 | acc_quan: 47.73, 30.84, 22.04, 11.09, 0.00%
2025-07-09 19:21:58 - 




2025-07-09 22:24:27 - robust model _alexnet_qbsam_timm_w6a6_minsharpness_max_0.005_.pt, all min_sharpness_min_rho is set as 0


2025-07-09 22:25:08 - FI Campaign Epoch [1/100] | acc_bsam_quan: 45.77, 20.04, 28.62, 11.27, 0.00 | acc_quan: 44.01, 31.68, 22.91, 10.17, 0.00%
2025-07-09 22:25:50 - FI Campaign Epoch [2/100] | acc_bsam_quan: 41.70, 20.84, 23.43, 10.68, 0.00 | acc_quan: 47.73, 30.84, 22.04, 11.09, 0.00%
2025-07-09 22:25:50 - 


2025-07-09 22:36:55 - robust model _alexnet_qbsam_timm_w6a6_minsharpness_max_0.004_.pt, all min_sharpness_min_rho is set as 0


2025-07-09 22:37:29 - FI Campaign Epoch [1/100] | acc_bsam_quan: 43.79, 26.74, 23.20, 9.81, 0.00 | acc_quan: 44.01, 31.68, 22.91, 10.17, 0.00%
2025-07-09 22:38:02 - FI Campaign Epoch [2/100] | acc_bsam_quan: 41.55, 24.05, 19.70, 10.46, 0.00 | acc_quan: 47.73, 30.84, 22.04, 11.09, 0.00%
2025-07-09 22:38:02 - 


2025-07-10 07:59:18 - robust model _alexnet_qbsam_timm_w6a6_minsharpness_max_0.003_.pt, all min_sharpness_min_rho is set as 0


2025-07-10 07:59:44 - FI Campaign Epoch [1/100] | acc_bsam_quan: 46.35, 27.07, 20.85, 9.29, 0.00 | acc_quan: 44.01, 31.68, 22.91, 10.17, 0.00%
2025-07-10 08:00:10 - FI Campaign Epoch [2/100] | acc_bsam_quan: 42.20, 24.92, 19.75, 9.92, 0.00 | acc_quan: 47.73, 30.84, 22.04, 11.09, 0.00%
2025-07-10 08:00:10 - 


2025-07-10 08:01:24 - robust model _alexnet_qbsam_timm_w6a6_minsharpness_max_0.002_.pt, all min_sharpness_min_rho is set as 0


2025-07-10 08:01:51 - FI Campaign Epoch [1/100] | acc_bsam_quan: 37.34, 27.98, 24.17, 10.50, 0.00 | acc_quan: 44.01, 31.68, 22.91, 10.17, 0.00%
2025-07-10 08:02:17 - FI Campaign Epoch [2/100] | acc_bsam_quan: 37.51, 23.91, 19.41, 10.25, 0.00 | acc_quan: 47.73, 30.84, 22.04, 11.09, 0.00%
2025-07-10 08:02:17 - 


2025-07-10 08:03:05 - robust model _alexnet_qbsam_timm_w6a6_minsharpness_max_0.001_.pt, all min_sharpness_min_rho is set as 0


2025-07-10 08:03:31 - FI Campaign Epoch [1/100] | acc_bsam_quan: 42.41, 30.46, 25.18, 9.93, 0.00 | acc_quan: 44.01, 31.68, 22.91, 10.17, 0.00%
2025-07-10 08:03:56 - FI Campaign Epoch [2/100] | acc_bsam_quan: 45.03, 26.75, 20.55, 9.96, 0.00 | acc_quan: 47.73, 30.84, 22.04, 11.09, 0.00%
2025-07-10 08:03:56 - 


2025-07-10 08:04:47 - robust model _alexnet_qbsam_timm_w6a6_minsharpness_max_0.0008_.pt, all min_sharpness_min_rho is set as 0


2025-07-10 08:05:15 - FI Campaign Epoch [1/100] | acc_bsam_quan: 48.57, 28.74, 25.49, 10.24, 0.00 | acc_quan: 44.01, 31.68, 22.91, 10.17, 0.00%
2025-07-10 08:05:42 - FI Campaign Epoch [2/100] | acc_bsam_quan: 45.66, 25.95, 20.02, 11.12, 0.00 | acc_quan: 47.73, 30.84, 22.04, 11.09, 0.00%
2025-07-10 08:05:42 - 


2025-07-10 20:31:55 - robust model _alexnet_qbsam_timm_w6a6_minsharpness_max_0.0005_.pt, all min_sharpness_min_rho is set as 0


2025-07-10 20:32:39 - FI Campaign Epoch [1/100] | acc_bsam_quan: 40.24, 29.50, 26.52, 9.56, 0.00 | acc_quan: 44.01, 31.68, 22.91, 10.17, 0.00%
2025-07-10 20:33:23 - FI Campaign Epoch [2/100] | acc_bsam_quan: 46.24, 26.95, 22.25, 10.22, 0.00 | acc_quan: 47.73, 30.84, 22.04, 11.09, 0.00%
2025-07-10 20:33:23 - 


2025-07-10 20:36:54 - robust model _alexnet_qbsam_timm_w6a6_minsharpness_max_0.0002_.pt, all min_sharpness_min_rho is set as 0


2025-07-10 20:37:32 - FI Campaign Epoch [1/100] | acc_bsam_quan: 36.29, 23.50, 26.57, 10.36, 0.00 | acc_quan: 44.01, 31.68, 22.91, 10.17, 0.00%
2025-07-10 20:38:15 - FI Campaign Epoch [2/100] | acc_bsam_quan: 36.55, 21.69, 22.27, 10.45, 0.00 | acc_quan: 47.73, 30.84, 22.04, 11.09, 0.00%
2025-07-10 20:38:15 - 


2025-07-10 20:40:01 - robust model _alexnet_qbsam_timm_w6a6_minsharpness_max_0.0001_.pt, all min_sharpness_min_rho is set as 0


2025-07-10 20:40:45 - FI Campaign Epoch [1/100] | acc_bsam_quan: 39.68, 22.34, 28.20, 10.30, 0.00 | acc_quan: 44.01, 31.68, 22.91, 10.17, 0.00%
2025-07-10 20:41:27 - FI Campaign Epoch [2/100] | acc_bsam_quan: 36.51, 21.92, 20.83, 10.41, 0.00 | acc_quan: 47.73, 30.84, 22.04, 11.09, 0.00%
2025-07-10 20:41:27 - 


2025-07-11 10:25:22 - robust model _alexnet_qbsam_timm_w6a6_minsharpness_max_0.02_.pt, all min_sharpness_min_rho is set as 0


2025-07-11 10:25:50 - FI Campaign Epoch [1/100] | acc_bsam_quan: 35.45, 29.97, 23.41, 11.58, 0.00 | acc_quan: 44.01, 31.68, 22.91, 10.17, 0.00%
2025-07-11 10:26:17 - FI Campaign Epoch [2/100] | acc_bsam_quan: 38.89, 30.18, 17.88, 11.63, 0.00 | acc_quan: 47.73, 30.84, 22.04, 11.09, 0.00%
2025-07-11 10:26:17 - 


2025-07-11 14:18:17 - robust model _alexnet_qbsam_timm_w6a6_minsharpness_max_0.02_.pt, all min_sharpness_min_rho is set as 0


2025-07-11 14:19:02 - FI Campaign Epoch [1/100] | acc_bsam_quan: 38.51, 30.61, 19.95, 11.88, 0.00 | acc_quan: 44.01, 31.68, 22.91, 10.17, 0.00%
2025-07-11 14:19:43 - FI Campaign Epoch [2/100] | acc_bsam_quan: 39.29, 29.29, 18.09, 11.25, 0.00 | acc_quan: 47.73, 30.84, 22.04, 11.09, 0.00%
2025-07-11 14:19:43 - 


2025-07-11 19:21:00 - robust model _alexnet_qbsam_timm_w6a6_minsharpness_max_0.02_.pt, all min_sharpness_min_rho is set as 0


2025-07-11 19:21:36 - FI Campaign Epoch [1/100] | acc_bsam_quan: 32.03, 25.96, 17.72, 10.91, 0.00 | acc_quan: 44.01, 31.68, 22.91, 10.17, 0.00%
2025-07-11 19:22:08 - FI Campaign Epoch [2/100] | acc_bsam_quan: 39.78, 23.71, 17.93, 11.82, 0.00 | acc_quan: 47.73, 30.84, 22.04, 11.09, 0.00%
2025-07-11 19:22:08 - 


2025-07-12 09:46:30 - robust model _alexnet_qbsam_timm_w6a6_minsharpness_max_0.02_.pt, all min_sharpness_min_rho is set as 0


2025-07-12 09:47:00 - FI Campaign Epoch [1/100] | acc_bsam_quan: 26.00, 21.39, 14.06, 10.07, 0.00 | acc_quan: 44.01, 31.68, 22.91, 10.17, 0.00%
2025-07-12 09:47:28 - FI Campaign Epoch [2/100] | acc_bsam_quan: 28.38, 20.00, 13.64, 11.16, 0.00 | acc_quan: 47.73, 30.84, 22.04, 11.09, 0.00%
2025-07-12 09:47:28 - 





2025-07-12 18:46:54 - robust model alexnet_cubesam_timm_w6a6_199.pt, all min_sharpness_min_rho is set as 0

