2025-12-31 10:07:29,614 - INFO  - Log file for this run: /root/autodl-tmp/retraining-free-quantization/training/r18_c10_nude_0.021_all_bits_orth_double/r18_c10_nude_0.021_all_bits_orth_double.log
2025-12-31 10:07:29,619 - INFO  - TensorBoard data directory: /root/autodl-tmp/retraining-free-quantization/training/r18_c10_nude_0.021_all_bits_orth_double/tb_runs
2025-12-31 10:07:29,619 - INFO  - Code backup completed. Code saved to: /root/autodl-tmp/retraining-free-quantization/training/r18_c10_nude_0.021_all_bits_orth_double/code/.cursor
2025-12-31 10:07:29,619 - INFO  - Code backup completed. Code saved to: /root/autodl-tmp/retraining-free-quantization/training/r18_c10_nude_0.021_all_bits_orth_double/code/.vscode
2025-12-31 10:07:29,619 - INFO  - Code backup completed. Code saved to: /root/autodl-tmp/retraining-free-quantization/training/r18_c10_nude_0.021_all_bits_orth_double/code/activation_dumps/denoise_restorer/clean/clean
2025-12-31 10:07:29,620 - INFO  - Code backup completed. Code saved to: /root/autodl-tmp/retraining-free-quantization/training/r18_c10_nude_0.021_all_bits_orth_double/code/activation_dumps/denoise_restorer/clean
2025-12-31 10:07:29,620 - INFO  - Code backup completed. Code saved to: /root/autodl-tmp/retraining-free-quantization/training/r18_c10_nude_0.021_all_bits_orth_double/code/activation_dumps/denoise_restorer/fault/fault
2025-12-31 10:07:29,620 - INFO  - Code backup completed. Code saved to: /root/autodl-tmp/retraining-free-quantization/training/r18_c10_nude_0.021_all_bits_orth_double/code/activation_dumps/denoise_restorer/fault
2025-12-31 10:07:29,620 - INFO  - Code backup completed. Code saved to: /root/autodl-tmp/retraining-free-quantization/training/r18_c10_nude_0.021_all_bits_orth_double/code/activation_dumps/denoise_restorer
2025-12-31 10:07:29,620 - INFO  - Code backup completed. Code saved to: /root/autodl-tmp/retraining-free-quantization/training/r18_c10_nude_0.021_all_bits_orth_double/code/activation_dumps
2025-12-31 10:07:29,620 - INFO  - Code backup completed. Code saved to: /root/autodl-tmp/retraining-free-quantization/training/r18_c10_nude_0.021_all_bits_orth_double/code/checkpoints
2025-12-31 10:07:29,620 - INFO  - Code backup completed. Code saved to: /root/autodl-tmp/retraining-free-quantization/training/r18_c10_nude_0.021_all_bits_orth_double/code/configs/restorer
2025-12-31 10:07:29,620 - INFO  - Code backup completed. Code saved to: /root/autodl-tmp/retraining-free-quantization/training/r18_c10_nude_0.021_all_bits_orth_double/code/configs
2025-12-31 10:07:29,620 - INFO  - Code backup completed. Code saved to: /root/autodl-tmp/retraining-free-quantization/training/r18_c10_nude_0.021_all_bits_orth_double/code/docs
2025-12-31 10:07:29,620 - INFO  - Code backup completed. Code saved to: /root/autodl-tmp/retraining-free-quantization/training/r18_c10_nude_0.021_all_bits_orth_double/code/layer_profiles
2025-12-31 10:07:29,620 - INFO  - Code backup completed. Code saved to: /root/autodl-tmp/retraining-free-quantization/training/r18_c10_nude_0.021_all_bits_orth_double/code/learning_heads
2025-12-31 10:07:29,621 - INFO  - Code backup completed. Code saved to: /root/autodl-tmp/retraining-free-quantization/training/r18_c10_nude_0.021_all_bits_orth_double/code/logs/restorer_pipeline
2025-12-31 10:07:29,621 - INFO  - Code backup completed. Code saved to: /root/autodl-tmp/retraining-free-quantization/training/r18_c10_nude_0.021_all_bits_orth_double/code/logs/sensitive_layer_sets
2025-12-31 10:07:29,621 - INFO  - Code backup completed. Code saved to: /root/autodl-tmp/retraining-free-quantization/training/r18_c10_nude_0.021_all_bits_orth_double/code/logs
2025-12-31 10:07:29,621 - INFO  - Copied code file: __init__.py
2025-12-31 10:07:29,621 - INFO  - Copied code file: alexnet_cifar.py
2025-12-31 10:07:29,621 - INFO  - Copied code file: mobilenetv2.py
2025-12-31 10:07:29,622 - INFO  - Copied code file: model.py
2025-12-31 10:07:29,622 - INFO  - Copied code file: resnet_cifar.py
2025-12-31 10:07:29,622 - INFO  - Code backup completed. Code saved to: /root/autodl-tmp/retraining-free-quantization/training/r18_c10_nude_0.021_all_bits_orth_double/code/model
2025-12-31 10:07:29,622 - INFO  - Copied code file: __init__.py
2025-12-31 10:07:29,622 - INFO  - Copied code file: lsq.py
2025-12-31 10:07:29,622 - INFO  - Copied code file: quantizer.py
2025-12-31 10:07:29,622 - INFO  - Code backup completed. Code saved to: /root/autodl-tmp/retraining-free-quantization/training/r18_c10_nude_0.021_all_bits_orth_double/code/quan/quantizer
2025-12-31 10:07:29,622 - INFO  - Copied code file: __init__.py
2025-12-31 10:07:29,623 - INFO  - Copied code file: func.py
2025-12-31 10:07:29,623 - INFO  - Copied code file: utils.py
2025-12-31 10:07:29,623 - INFO  - Code backup completed. Code saved to: /root/autodl-tmp/retraining-free-quantization/training/r18_c10_nude_0.021_all_bits_orth_double/code/quan
2025-12-31 10:07:29,623 - INFO  - Code backup completed. Code saved to: /root/autodl-tmp/retraining-free-quantization/training/r18_c10_nude_0.021_all_bits_orth_double/code/sensitive_training/alexnet_cifar10_sensitive_stage2/tb_runs
2025-12-31 10:07:29,623 - INFO  - Code backup completed. Code saved to: /root/autodl-tmp/retraining-free-quantization/training/r18_c10_nude_0.021_all_bits_orth_double/code/sensitive_training/alexnet_cifar10_sensitive_stage2
2025-12-31 10:07:29,623 - INFO  - Code backup completed. Code saved to: /root/autodl-tmp/retraining-free-quantization/training/r18_c10_nude_0.021_all_bits_orth_double/code/sensitive_training/alexnet_cifar10_sensitive_stage2_transformer/tb_runs
2025-12-31 10:07:29,623 - INFO  - Code backup completed. Code saved to: /root/autodl-tmp/retraining-free-quantization/training/r18_c10_nude_0.021_all_bits_orth_double/code/sensitive_training/alexnet_cifar10_sensitive_stage2_transformer
2025-12-31 10:07:29,623 - INFO  - Code backup completed. Code saved to: /root/autodl-tmp/retraining-free-quantization/training/r18_c10_nude_0.021_all_bits_orth_double/code/sensitive_training
2025-12-31 10:07:29,624 - INFO  - Copied code file: analyze_corrector_logits.py
2025-12-31 10:07:29,624 - INFO  - Copied code file: analyze_fault_propagation.py
2025-12-31 10:07:29,624 - INFO  - Copied code file: analyze_layer_sensitivity.py
2025-12-31 10:07:29,624 - INFO  - Copied code file: test_fault_injection_baseline_resnet18.py
2025-12-31 10:07:29,624 - INFO  - Copied code file: analyze_multi_bit_sensitivity.py
2025-12-31 10:07:29,624 - INFO  - Copied code file: analyze_single_layer_fault_impact.py
2025-12-31 10:07:29,624 - INFO  - Copied code file: calculate_weight_flip_probability.py
2025-12-31 10:07:29,625 - INFO  - Copied code file: collect_layer_statistics.py
2025-12-31 10:07:29,625 - INFO  - Copied code file: diagnose_corrector_gap.py
2025-12-31 10:07:29,625 - INFO  - Copied code file: sweep_srqat.py
2025-12-31 10:07:29,625 - INFO  - Copied code file: eval_gradient_statistics_restorer.py
2025-12-31 10:07:29,625 - INFO  - Copied code file: eval_sensitive_layer_sets.py
2025-12-31 10:07:29,625 - INFO  - Copied code file: eval_sensitive_restorer.py
2025-12-31 10:07:29,626 - INFO  - Copied code file: eval_with_fault_injection.py
2025-12-31 10:07:29,626 - INFO  - Copied code file: compare_lsq_scales_with_checkpoint.py
2025-12-31 10:07:29,626 - INFO  - Copied code file: test_fault_injector.py
2025-12-31 10:07:29,626 - INFO  - Copied code file: analyze_srqat_scale_weight_norms.py
2025-12-31 10:07:29,626 - INFO  - Copied code file: test_gray_code_fault_injection.py
2025-12-31 10:07:29,626 - INFO  - Copied code file: test_olm_fault_injection.py
2025-12-31 10:07:29,626 - INFO  - Copied code file: export_srqat_penalty_stats.py
2025-12-31 10:07:29,627 - INFO  - Copied code file: train_learning_repair_head.py
2025-12-31 10:07:29,627 - INFO  - Copied code file: train_olm_encoder.py
2025-12-31 10:07:29,627 - INFO  - Copied code file: plot_weight_distribution_violin.py
2025-12-31 10:07:29,627 - INFO  - Copied code file: train_sensitive_repair_head.py
2025-12-31 10:07:29,627 - INFO  - Copied code file: visualize_fault_activation.py
2025-12-31 10:07:29,627 - INFO  - Copied code file: test_learnable_olm_vs_traditional_olm.py
2025-12-31 10:07:29,627 - INFO  - Copied code file: test_fault_injection_baseline.py
2025-12-31 10:07:29,628 - INFO  - Copied code file: analyze_olm_differences.py
2025-12-31 10:07:29,628 - INFO  - Copied code file: test_learnable_olm_consistency.py
2025-12-31 10:07:29,628 - INFO  - Copied code file: test_search_olm_from_checkpoint.py
2025-12-31 10:07:29,628 - INFO  - Copied code file: test_olm_layer_name_check.py
2025-12-31 10:07:29,628 - INFO  - Copied code file: compare_old_new_fault_injector.py
2025-12-31 10:07:29,628 - INFO  - Copied code file: verify_dec2_fault_injector.py
2025-12-31 10:07:29,629 - INFO  - Copied code file: verify_dec2_olm_fault_injection.py
2025-12-31 10:07:29,629 - INFO  - Copied code file: train_olm_encoder_improved.py
2025-12-31 10:07:29,629 - INFO  - Copied code file: train_olm_encoder_improved_v2.py
2025-12-31 10:07:29,629 - INFO  - Copied code file: train_olm_encoder_enhanced.py
2025-12-31 10:07:29,629 - INFO  - Copied code file: compare_olm_vs_gray_code.py
2025-12-31 10:07:29,629 - INFO  - Copied code file: test_bit_range_fault_injection.py
2025-12-31 10:07:29,629 - INFO  - Copied code file: train_olm_encoder_partial_bits.py
2025-12-31 10:07:29,630 - INFO  - Copied code file: test_bit7_flip_direction.py
2025-12-31 10:07:29,630 - INFO  - Copied code file: train_olm_encoder_hybrid.py
2025-12-31 10:07:29,630 - INFO  - Copied code file: train_olm_encoder_hybrid_v2.py
2025-12-31 10:07:29,630 - INFO  - Copied code file: test_hybrid_olm_fault_injection.py
2025-12-31 10:07:29,630 - INFO  - Copied code file: analyze_layerwise_activation_drift.py
2025-12-31 10:07:29,630 - INFO  - Copied code file: compare_models_activation_drift.py
2025-12-31 10:07:29,631 - INFO  - Copied code file: sweep_resnet18_srqat.py
2025-12-31 10:07:29,631 - INFO  - Copied code file: plot_activation_drift_paper.py
2025-12-31 10:07:29,631 - INFO  - Code backup completed. Code saved to: /root/autodl-tmp/retraining-free-quantization/training/r18_c10_nude_0.021_all_bits_orth_double/code/tools
2025-12-31 10:07:29,631 - INFO  - Copied code file: __init__.py
2025-12-31 10:07:29,631 - INFO  - Copied code file: bsam.py
2025-12-31 10:07:29,631 - INFO  - Copied code file: checkpoint.py
2025-12-31 10:07:29,631 - INFO  - Copied code file: config.py
2025-12-31 10:07:29,631 - INFO  - Copied code file: data_loader.py
2025-12-31 10:07:29,632 - INFO  - Copied code file: dist.py
2025-12-31 10:07:29,632 - INFO  - Copied code file: enhanced_feature_extractor.py
2025-12-31 10:07:29,632 - INFO  - Copied code file: olm_encoder_enhanced.py
2025-12-31 10:07:29,632 - INFO  - Copied code file: gradient_statistics_restorer.py
2025-12-31 10:07:29,632 - INFO  - Copied code file: greedy_search.py
2025-12-31 10:07:29,632 - INFO  - Copied code file: intermediate_layer_restorer.py
2025-12-31 10:07:29,633 - INFO  - Copied code file: intermediate_restorer_integration.py
2025-12-31 10:07:29,633 - INFO  - Copied code file: intermediate_restorer_trainer.py
2025-12-31 10:07:29,633 - INFO  - Copied code file: layerwise_rl_restorer.py
2025-12-31 10:07:29,633 - INFO  - Copied code file: loss_ops.py
2025-12-31 10:07:29,633 - INFO  - Copied code file: lsq_sam.py
2025-12-31 10:07:29,633 - INFO  - Copied code file: model_ema.py
2025-12-31 10:07:29,633 - INFO  - Copied code file: monitor.py
2025-12-31 10:07:29,633 - INFO  - Copied code file: mpq.py
2025-12-31 10:07:29,634 - INFO  - Copied code file: olm_encoder.py
2025-12-31 10:07:29,634 - INFO  - Copied code file: output_corrector.py
2025-12-31 10:07:29,634 - INFO  - Copied code file: progressive_ber_scheduler.py
2025-12-31 10:07:29,634 - INFO  - Copied code file: qat.py
2025-12-31 10:07:29,634 - INFO  - Copied code file: random_search.py
2025-12-31 10:07:29,634 - INFO  - Copied code file: rl_intermediate_layer_restorer.py
2025-12-31 10:07:29,634 - INFO  - Copied code file: rl_intermediate_restorer_integration.py
2025-12-31 10:07:29,635 - INFO  - Copied code file: rl_restorer.py
2025-12-31 10:07:29,635 - INFO  - Copied code file: rl_restorer_integration.py
2025-12-31 10:07:29,635 - INFO  - Copied code file: rl_restorer_lightweight.py
2025-12-31 10:07:29,635 - INFO  - Copied code file: rl_restorer_trainer.py
2025-12-31 10:07:29,635 - INFO  - Copied code file: searcher.py
2025-12-31 10:07:29,635 - INFO  - Copied code file: sensitive_features.py
2025-12-31 10:07:29,636 - INFO  - Copied code file: sensitive_layer_restorer.py
2025-12-31 10:07:29,636 - INFO  - Copied code file: sensitive_restorer.py
2025-12-31 10:07:29,636 - INFO  - Copied code file: sensitive_restorer_transformer.py
2025-12-31 10:07:29,636 - INFO  - Copied code file: sensitive_restorer_v2.py
2025-12-31 10:07:29,636 - INFO  - Copied code file: utils.py
2025-12-31 10:07:29,636 - INFO  - Copied code file: weight_schd.py
2025-12-31 10:07:29,636 - INFO  - Copied code file: learnable_olm.py
2025-12-31 10:07:29,637 - INFO  - Copied code file: integer_inn_encoder.py
2025-12-31 10:07:29,637 - INFO  - Copied code file: search_olm_manager.py
2025-12-31 10:07:29,637 - INFO  - Copied code file: hybrid_olm_optimizer.py
2025-12-31 10:07:29,637 - INFO  - Copied code file: efficient_hybrid_olm_optimizer.py
2025-12-31 10:07:29,637 - INFO  - Copied code file: fault_injector_question.py
2025-12-31 10:07:29,637 - INFO  - Copied code file: improved_olm_encoder.py
2025-12-31 10:07:29,637 - INFO  - Copied code file: improved_olm_encoder_v2.py
2025-12-31 10:07:29,638 - INFO  - Copied code file: improved_olm_encoder_genetic.py
2025-12-31 10:07:29,638 - INFO  - Copied code file: fault_injector.py
2025-12-31 10:07:29,638 - INFO  - Code backup completed. Code saved to: /root/autodl-tmp/retraining-free-quantization/training/r18_c10_nude_0.021_all_bits_orth_double/code/util
2025-12-31 10:07:29,638 - INFO  - Code backup completed. Code saved to: /root/autodl-tmp/retraining-free-quantization/training/r18_c10_nude_0.021_all_bits_orth_double/code/visualizations/fault_activation_features_0
2025-12-31 10:07:29,638 - INFO  - Code backup completed. Code saved to: /root/autodl-tmp/retraining-free-quantization/training/r18_c10_nude_0.021_all_bits_orth_double/code/visualizations/fault_activation_features_0_ber1e1
2025-12-31 10:07:29,638 - INFO  - Code backup completed. Code saved to: /root/autodl-tmp/retraining-free-quantization/training/r18_c10_nude_0.021_all_bits_orth_double/code/visualizations
2025-12-31 10:07:29,638 - INFO  - Copied code file: main.py
2025-12-31 10:07:29,638 - INFO  - Copied code file: policy.py
2025-12-31 10:07:29,639 - INFO  - Copied code file: compare_scripts.py
2025-12-31 10:07:29,639 - INFO  - Code backup completed. Code saved to: /root/autodl-tmp/retraining-free-quantization/training/r18_c10_nude_0.021_all_bits_orth_double/code/chat
2025-12-31 10:07:29,639 - INFO  - Copied code file: process_sam.py
2025-12-31 10:07:29,639 - INFO  - Copied code file: process.py
2025-12-31 10:07:29,639 - INFO  - Copied code file: FAULT_INJECTION_SIMPLE_EXAMPLE.py
2025-12-31 10:07:29,640 - INFO  - Copied code file: analyze_bit_width_impact.py
2025-12-31 10:07:29,640 - INFO  - Copied code file: evolution_search.py
2025-12-31 10:07:29,640 - INFO  - Copied code file: analyze_w2a6_real_reason.py
2025-12-31 10:07:29,640 - INFO  - Copied code file: analyze_w2a6_slowdown.py
2025-12-31 10:07:29,640 - INFO  - Copied code file: debug_fault_injection_detailed.py
2025-12-31 10:07:29,640 - INFO  - Copied code file: example_enhanced_features.py
2025-12-31 10:07:29,641 - INFO  - Copied code file: example_rl_restorer.py
2025-12-31 10:07:29,641 - INFO  - Copied code file: example_rl_restorer_integration.py
2025-12-31 10:07:29,641 - INFO  - Copied code file: quick_test_gradient_restorer.py
2025-12-31 10:07:29,641 - INFO  - Copied code file: process_olm_fat.py
2025-12-31 10:07:29,641 - INFO  - Copied code file: process_normal.py
2025-12-31 10:07:29,642 - INFO  - Copied code file: main_normal.py
2025-12-31 10:07:29,642 - INFO  - Copied code file: test_ber_verification.py
2025-12-31 10:07:29,642 - INFO  - Copied code file: test_fault_injection_debug.py
2025-12-31 10:07:29,642 - INFO  - Copied code file: test_fault_injection_seed_logic.py
2025-12-31 10:07:29,642 - INFO  - Copied code file: test_fault_injection_verbose.py
2025-12-31 10:07:29,642 - INFO  - Copied code file: test_gradient_preservation.py
2025-12-31 10:07:29,643 - INFO  - Copied code file: test_json_config_loading.py
2025-12-31 10:07:29,643 - INFO  - Copied code file: main_olm_fat.py
2025-12-31 10:07:29,643 - INFO  - Copied code file: train_rl_restorer_with_enhanced_features.py
2025-12-31 10:07:29,643 - INFO  - Copied code file: train_sensitive_restorer.py
2025-12-31 10:07:29,643 - INFO  - Copied code file: train_sensitive_restorer_distill.py
2025-12-31 10:07:29,643 - INFO  - Code backup completed. Code saved to: /root/autodl-tmp/retraining-free-quantization/training/r18_c10_nude_0.021_all_bits_orth_double/code/analysis/clean120_drift
2025-12-31 10:07:29,644 - INFO  - Code backup completed. Code saved to: /root/autodl-tmp/retraining-free-quantization/training/r18_c10_nude_0.021_all_bits_orth_double/code/analysis/srqat_drift
2025-12-31 10:07:29,644 - INFO  - Code backup completed. Code saved to: /root/autodl-tmp/retraining-free-quantization/training/r18_c10_nude_0.021_all_bits_orth_double/code/analysis/comparison
2025-12-31 10:07:29,644 - INFO  - Code backup completed. Code saved to: /root/autodl-tmp/retraining-free-quantization/training/r18_c10_nude_0.021_all_bits_orth_double/code/analysis/srqat_ls0_drift
2025-12-31 10:07:29,644 - INFO  - Code backup completed. Code saved to: /root/autodl-tmp/retraining-free-quantization/training/r18_c10_nude_0.021_all_bits_orth_double/code/analysis/comparison_srqat
2025-12-31 10:07:29,644 - INFO  - Code backup completed. Code saved to: /root/autodl-tmp/retraining-free-quantization/training/r18_c10_nude_0.021_all_bits_orth_double/code/analysis/paper_figs
2025-12-31 10:07:29,644 - INFO  - Code backup completed. Code saved to: /root/autodl-tmp/retraining-free-quantization/training/r18_c10_nude_0.021_all_bits_orth_double/code/analysis/resnet18_ls0_drift_ber3e2
2025-12-31 10:07:29,644 - INFO  - Code backup completed. Code saved to: /root/autodl-tmp/retraining-free-quantization/training/r18_c10_nude_0.021_all_bits_orth_double/code/analysis/resnet18_ls1e7_drift_ber3e2
2025-12-31 10:07:29,644 - INFO  - Code backup completed. Code saved to: /root/autodl-tmp/retraining-free-quantization/training/r18_c10_nude_0.021_all_bits_orth_double/code/analysis/resnet18_drift_compare_ber3e2
2025-12-31 10:07:29,644 - INFO  - Code backup completed. Code saved to: /root/autodl-tmp/retraining-free-quantization/training/r18_c10_nude_0.021_all_bits_orth_double/code/analysis/resnet18_paper_figs
2025-12-31 10:07:29,644 - INFO  - Code backup completed. Code saved to: /root/autodl-tmp/retraining-free-quantization/training/r18_c10_nude_0.021_all_bits_orth_double/code/analysis
2025-12-31 10:07:29,644 - INFO  - Copied code file: run_fault_tolerance_test.py
2025-12-31 10:07:29,645 - INFO  - Copied code file: resnet18_ber_sweep_msb.py
2025-12-31 10:07:29,645 - INFO  - Copied code file: resnet18_ber_sweep_msb-checkpoint.py
2025-12-31 10:07:29,645 - INFO  - Code backup completed. Code saved to: /root/autodl-tmp/retraining-free-quantization/training/r18_c10_nude_0.021_all_bits_orth_double/code/scripts/.ipynb_checkpoints
2025-12-31 10:07:29,645 - INFO  - Code backup completed. Code saved to: /root/autodl-tmp/retraining-free-quantization/training/r18_c10_nude_0.021_all_bits_orth_double/code/scripts
2025-12-31 10:07:29,645 - INFO  - Copied code file: test_resnet18_skip_msb.py
2025-12-31 10:07:29,645 - INFO  - Copied code file: test_baseline_fault_tolerance.py
2025-12-31 10:07:29,645 - INFO  - Copied code file: test_baseline_fault_tolerance_simple.py
2025-12-31 10:07:29,645 - INFO  - Copied code file: debug_baseline_test.py
2025-12-31 10:07:29,646 - INFO  - Copied code file: evolution_search.py
2025-12-31 10:07:29,646 - INFO  - Copied code file: fi.py
2025-12-31 10:07:29,646 - INFO  - Copied code file: main.py
2025-12-31 10:07:29,646 - INFO  - Copied code file: mainalex.py
2025-12-31 10:07:29,646 - INFO  - Copied code file: policy.py
2025-12-31 10:07:29,646 - INFO  - Copied code file: process.py
2025-12-31 10:07:29,647 - INFO  - Code backup completed. Code saved to: /root/autodl-tmp/retraining-free-quantization/training/r18_c10_nude_0.021_all_bits_orth_double/code/error_find/.idea/inspectionProfiles
2025-12-31 10:07:29,647 - INFO  - Code backup completed. Code saved to: /root/autodl-tmp/retraining-free-quantization/training/r18_c10_nude_0.021_all_bits_orth_double/code/error_find/.idea
2025-12-31 10:07:29,647 - INFO  - Copied code file: bsam.py
2025-12-31 10:07:29,647 - INFO  - Copied code file: ctl_factory.py
2025-12-31 10:07:29,647 - INFO  - Copied code file: scheduler.py
2025-12-31 10:07:29,647 - INFO  - Copied code file: traincube.py
2025-12-31 10:07:29,647 - INFO  - Copied code file: __init__.py
2025-12-31 10:07:29,648 - INFO  - Copied code file: train_bsam_quan.py
2025-12-31 10:07:29,648 - INFO  - Copied code file: train_epoch_bsam.py
2025-12-31 10:07:29,648 - INFO  - Code backup completed. Code saved to: /root/autodl-tmp/retraining-free-quantization/training/r18_c10_nude_0.021_all_bits_orth_double/code/error_find/bsam_quan_src
2025-12-31 10:07:29,648 - INFO  - Code backup completed. Code saved to: /root/autodl-tmp/retraining-free-quantization/training/r18_c10_nude_0.021_all_bits_orth_double/code/error_find/configs
2025-12-31 10:07:29,648 - INFO  - Code backup completed. Code saved to: /root/autodl-tmp/retraining-free-quantization/training/r18_c10_nude_0.021_all_bits_orth_double/code/error_find/logs
2025-12-31 10:07:29,648 - INFO  - Copied code file: alexnet.py
2025-12-31 10:07:29,648 - INFO  - Copied code file: mobilenetv2.py
2025-12-31 10:07:29,648 - INFO  - Copied code file: model.py
2025-12-31 10:07:29,648 - INFO  - Copied code file: resnet.py
2025-12-31 10:07:29,649 - INFO  - Copied code file: __init__.py
2025-12-31 10:07:29,649 - INFO  - Code backup completed. Code saved to: /root/autodl-tmp/retraining-free-quantization/training/r18_c10_nude_0.021_all_bits_orth_double/code/error_find/model
2025-12-31 10:07:29,649 - INFO  - Copied code file: func.py
2025-12-31 10:07:29,649 - INFO  - Copied code file: utils.py
2025-12-31 10:07:29,649 - INFO  - Copied code file: __init__.py
2025-12-31 10:07:29,649 - INFO  - Copied code file: lsq.py
2025-12-31 10:07:29,649 - INFO  - Copied code file: __init__.py
2025-12-31 10:07:29,650 - INFO  - Copied code file: quantizer.py
2025-12-31 10:07:29,650 - INFO  - Code backup completed. Code saved to: /root/autodl-tmp/retraining-free-quantization/training/r18_c10_nude_0.021_all_bits_orth_double/code/error_find/quan/quantizer
2025-12-31 10:07:29,650 - INFO  - Code backup completed. Code saved to: /root/autodl-tmp/retraining-free-quantization/training/r18_c10_nude_0.021_all_bits_orth_double/code/error_find/quan
2025-12-31 10:07:29,650 - INFO  - Copied code file: __init__.py
2025-12-31 10:07:29,650 - INFO  - Copied code file: cubesam.py
2025-12-31 10:07:29,650 - INFO  - Copied code file: qbsam.py
2025-12-31 10:07:29,650 - INFO  - Code backup completed. Code saved to: /root/autodl-tmp/retraining-free-quantization/training/r18_c10_nude_0.021_all_bits_orth_double/code/error_find/scalablewp
2025-12-31 10:07:29,650 - INFO  - Code backup completed. Code saved to: /root/autodl-tmp/retraining-free-quantization/training/r18_c10_nude_0.021_all_bits_orth_double/code/error_find/trained_models/cube
2025-12-31 10:07:29,650 - INFO  - Code backup completed. Code saved to: /root/autodl-tmp/retraining-free-quantization/training/r18_c10_nude_0.021_all_bits_orth_double/code/error_find/trained_models/qsam
2025-12-31 10:07:29,650 - INFO  - Code backup completed. Code saved to: /root/autodl-tmp/retraining-free-quantization/training/r18_c10_nude_0.021_all_bits_orth_double/code/error_find/trained_models/qwsam
2025-12-31 10:07:29,650 - INFO  - Code backup completed. Code saved to: /root/autodl-tmp/retraining-free-quantization/training/r18_c10_nude_0.021_all_bits_orth_double/code/error_find/trained_models
2025-12-31 10:07:29,651 - INFO  - Copied code file: config.py
2025-12-31 10:07:29,651 - INFO  - Copied code file: checkpoint.py
2025-12-31 10:07:29,651 - INFO  - Copied code file: data_loader.py
2025-12-31 10:07:29,651 - INFO  - Copied code file: dist.py
2025-12-31 10:07:29,651 - INFO  - Copied code file: loss_ops.py
2025-12-31 10:07:29,651 - INFO  - Copied code file: greedy_search.py
2025-12-31 10:07:29,651 - INFO  - Copied code file: model_ema.py
2025-12-31 10:07:29,652 - INFO  - Copied code file: monitor.py
2025-12-31 10:07:29,652 - INFO  - Copied code file: mpq.py
2025-12-31 10:07:29,652 - INFO  - Copied code file: qat.py
2025-12-31 10:07:29,652 - INFO  - Copied code file: random_search.py
2025-12-31 10:07:29,652 - INFO  - Copied code file: searcher.py
2025-12-31 10:07:29,652 - INFO  - Copied code file: __init__.py
2025-12-31 10:07:29,652 - INFO  - Copied code file: weight_schd.py
2025-12-31 10:07:29,653 - INFO  - Copied code file: utils.py
2025-12-31 10:07:29,653 - INFO  - Code backup completed. Code saved to: /root/autodl-tmp/retraining-free-quantization/training/r18_c10_nude_0.021_all_bits_orth_double/code/error_find/util
2025-12-31 10:07:29,653 - INFO  - Copied code file: ver_test.py
2025-12-31 10:07:29,653 - INFO  - Code backup completed. Code saved to: /root/autodl-tmp/retraining-free-quantization/training/r18_c10_nude_0.021_all_bits_orth_double/code/error_find
2025-12-31 10:07:29,653 - INFO  - Copied code file: main_nude.py
2025-12-31 10:07:29,653 - INFO  - Copied code file: process_nude.py
2025-12-31 10:07:29,653 - INFO  - Code backup completed. Code saved to: /root/autodl-tmp/retraining-free-quantization/training/r18_c10_nude_0.021_all_bits_orth_double/code
2025-12-31 10:07:29,869 - INFO  - Created `resnet18` model for `cifar10` dataset (num_classes=10)
          Use pre-trained model = False
2025-12-31 10:07:30,120 - INFO  - ================================================================================
2025-12-31 10:07:30,120 - INFO  - 🚀 [NUDE] BFAT ENABLED
2025-12-31 10:07:30,120 - INFO  - ================================================================================
2025-12-31 10:07:30,120 - INFO  -   ✅ FaultInjector initialized for BFAT
2025-12-31 10:07:35,586 - INFO  - [NUDE] Force training only max(target_bits)=6 (no nr_random_sample)
2025-12-31 10:07:35,590 - INFO  - 🎲 Epoch 0: FaultInjector seed rotated to 42
2025-12-31 10:07:35,597 - INFO  - [NUDE] Epoch 0: force max bit-width W/A = 6
2025-12-31 10:07:35,597 - INFO  - ================================================================================
2025-12-31 10:07:35,597 - INFO  - 🔥 [NUDE] BFAT ACTIVE
2025-12-31 10:07:35,597 - INFO  -    Loss Type: direct_ce
2025-12-31 10:07:35,597 - INFO  -    Proj Mode: orthogonal
2025-12-31 10:07:35,597 - INFO  -    Injection: All Bits
2025-12-31 10:07:35,597 - INFO  - ================================================================================
2025-12-31 10:07:42,338 - INFO  - [NUDE][TRAIN] Epoch 0/100 Iter 20/390 Loss 5.4232 Top1 11.41 Top5 52.70
2025-12-31 10:07:48,288 - INFO  - [NUDE][TRAIN] Epoch 0/100 Iter 40/390 Loss 3.8350 Top1 13.14 Top5 57.60
2025-12-31 10:07:54,194 - INFO  - [NUDE][TRAIN] Epoch 0/100 Iter 60/390 Loss 3.2740 Top1 14.43 Top5 62.24
2025-12-31 10:08:00,140 - INFO  - [NUDE][TRAIN] Epoch 0/100 Iter 80/390 Loss 2.9783 Top1 15.63 Top5 65.61
2025-12-31 10:08:06,117 - INFO  - [NUDE][TRAIN] Epoch 0/100 Iter 100/390 Loss 2.7939 Top1 16.59 Top5 67.90
2025-12-31 10:08:12,020 - INFO  - [NUDE][TRAIN] Epoch 0/100 Iter 120/390 Loss 2.6594 Top1 17.58 Top5 69.96
2025-12-31 10:08:18,417 - INFO  - [NUDE][TRAIN] Epoch 0/100 Iter 140/390 Loss 2.5587 Top1 18.53 Top5 71.47
2025-12-31 10:08:24,943 - INFO  - [NUDE][TRAIN] Epoch 0/100 Iter 160/390 Loss 2.4756 Top1 19.63 Top5 73.03
2025-12-31 10:08:30,786 - INFO  - [NUDE][TRAIN] Epoch 0/100 Iter 180/390 Loss 2.4090 Top1 20.55 Top5 74.35
2025-12-31 10:08:36,794 - INFO  - [NUDE][TRAIN] Epoch 0/100 Iter 200/390 Loss 2.3554 Top1 21.41 Top5 75.25
2025-12-31 10:08:42,557 - INFO  - [NUDE][TRAIN] Epoch 0/100 Iter 220/390 Loss 2.3079 Top1 22.24 Top5 76.20
2025-12-31 10:08:48,430 - INFO  - [NUDE][TRAIN] Epoch 0/100 Iter 240/390 Loss 2.2638 Top1 23.12 Top5 77.09
2025-12-31 10:08:54,412 - INFO  - [NUDE][TRAIN] Epoch 0/100 Iter 260/390 Loss 2.2250 Top1 23.96 Top5 77.89
2025-12-31 10:09:00,272 - INFO  - [NUDE][TRAIN] Epoch 0/100 Iter 280/390 Loss 2.1917 Top1 24.66 Top5 78.63
2025-12-31 10:09:06,186 - INFO  - [NUDE][TRAIN] Epoch 0/100 Iter 300/390 Loss 2.1599 Top1 25.42 Top5 79.25
2025-12-31 10:09:12,025 - INFO  - [NUDE][TRAIN] Epoch 0/100 Iter 320/390 Loss 2.1297 Top1 26.12 Top5 79.85
2025-12-31 10:09:18,533 - INFO  - [NUDE][TRAIN] Epoch 0/100 Iter 340/390 Loss 2.1038 Top1 26.78 Top5 80.37
2025-12-31 10:09:24,786 - INFO  - [NUDE][TRAIN] Epoch 0/100 Iter 360/390 Loss 2.0795 Top1 27.38 Top5 80.87
2025-12-31 10:09:30,606 - INFO  - [NUDE][TRAIN] Epoch 0/100 Iter 380/390 Loss 2.0567 Top1 28.03 Top5 81.27
2025-12-31 10:09:33,571 - INFO  - [NUDE] Validate: force max bit-width W/A = 6
2025-12-31 10:09:35,857 - INFO  - [NUDE][EPOCH] 0/100 Train: Top1=28.25 Top5=81.50 Loss=2.0471 | Val(EMA): Top1=12.71
2025-12-31 10:09:35,857 - INFO  -   ⏱️  本Epoch耗时: 2分0秒 | 平均Epoch耗时: 2分0秒 | 剩余Epoch数: 99
2025-12-31 10:09:35,857 - INFO  -   📅 预估剩余时间: 3小时18分26秒 | 预估完成时间: 2025-12-31 13:28:02
2025-12-31 10:09:36,441 - INFO  - ([1] Epoch) Saving checkpoint to:
             Current: /root/autodl-tmp/retraining-free-quantization/training/r18_c10_nude_0.021_all_bits_orth_double/r18_c10_nude_0.021_all_bits_orth_double_checkpoint.pth.tar

2025-12-31 10:09:36,444 - INFO  - 🎲 Epoch 1: FaultInjector seed rotated to 43
2025-12-31 10:09:36,451 - INFO  - [NUDE] Epoch 1: force max bit-width W/A = 6
2025-12-31 10:09:36,451 - INFO  - ================================================================================
2025-12-31 10:09:36,451 - INFO  - 🔥 [NUDE] BFAT ACTIVE
2025-12-31 10:09:36,451 - INFO  -    Loss Type: direct_ce
2025-12-31 10:09:36,451 - INFO  -    Proj Mode: orthogonal
2025-12-31 10:09:36,451 - INFO  -    Injection: All Bits
2025-12-31 10:09:36,451 - INFO  - ================================================================================
2025-12-31 10:09:42,591 - INFO  - [NUDE][TRAIN] Epoch 1/100 Iter 20/390 Loss 1.6041 Top1 40.78 Top5 90.23
2025-12-31 10:09:48,685 - INFO  - [NUDE][TRAIN] Epoch 1/100 Iter 40/390 Loss 1.5890 Top1 41.05 Top5 90.31
2025-12-31 10:09:54,673 - INFO  - [NUDE][TRAIN] Epoch 1/100 Iter 60/390 Loss 1.5844 Top1 41.48 Top5 90.18
2025-12-31 10:10:00,774 - INFO  - [NUDE][TRAIN] Epoch 1/100 Iter 80/390 Loss 1.5806 Top1 41.29 Top5 90.34
2025-12-31 10:10:06,965 - INFO  - [NUDE][TRAIN] Epoch 1/100 Iter 100/390 Loss 1.5808 Top1 41.57 Top5 90.35
2025-12-31 10:10:12,922 - INFO  - [NUDE][TRAIN] Epoch 1/100 Iter 120/390 Loss 1.5764 Top1 41.94 Top5 90.54
2025-12-31 10:10:18,960 - INFO  - [NUDE][TRAIN] Epoch 1/100 Iter 140/390 Loss 1.5720 Top1 42.26 Top5 90.51
2025-12-31 10:10:24,811 - INFO  - [NUDE][TRAIN] Epoch 1/100 Iter 160/390 Loss 1.5689 Top1 42.29 Top5 90.56
2025-12-31 10:10:30,773 - INFO  - [NUDE][TRAIN] Epoch 1/100 Iter 180/390 Loss 1.5622 Top1 42.56 Top5 90.72
2025-12-31 10:10:36,850 - INFO  - [NUDE][TRAIN] Epoch 1/100 Iter 200/390 Loss 1.5562 Top1 42.80 Top5 90.86
2025-12-31 10:10:42,787 - INFO  - [NUDE][TRAIN] Epoch 1/100 Iter 220/390 Loss 1.5496 Top1 43.07 Top5 90.99
2025-12-31 10:10:48,876 - INFO  - [NUDE][TRAIN] Epoch 1/100 Iter 240/390 Loss 1.5439 Top1 43.34 Top5 91.04
2025-12-31 10:10:54,986 - INFO  - [NUDE][TRAIN] Epoch 1/100 Iter 260/390 Loss 1.5365 Top1 43.64 Top5 91.16
2025-12-31 10:11:01,241 - INFO  - [NUDE][TRAIN] Epoch 1/100 Iter 280/390 Loss 1.5309 Top1 43.85 Top5 91.19
2025-12-31 10:11:07,529 - INFO  - [NUDE][TRAIN] Epoch 1/100 Iter 300/390 Loss 1.5254 Top1 44.04 Top5 91.24
2025-12-31 10:11:13,801 - INFO  - [NUDE][TRAIN] Epoch 1/100 Iter 320/390 Loss 1.5186 Top1 44.29 Top5 91.36
2025-12-31 10:11:20,241 - INFO  - [NUDE][TRAIN] Epoch 1/100 Iter 340/390 Loss 1.5115 Top1 44.53 Top5 91.46
2025-12-31 10:11:26,576 - INFO  - [NUDE][TRAIN] Epoch 1/100 Iter 360/390 Loss 1.5050 Top1 44.80 Top5 91.55
2025-12-31 10:11:32,954 - INFO  - [NUDE][TRAIN] Epoch 1/100 Iter 380/390 Loss 1.4999 Top1 45.04 Top5 91.60
2025-12-31 10:11:36,192 - INFO  - [NUDE] Validate: force max bit-width W/A = 6
2025-12-31 10:11:38,678 - INFO  - [NUDE][EPOCH] 1/100 Train: Top1=45.24 Top5=91.65 Loss=1.4951 | Val(EMA): Top1=13.37
2025-12-31 10:11:38,678 - INFO  -   ⏱️  本Epoch耗时: 2分2秒 | 平均Epoch耗时: 2分1秒 | 剩余Epoch数: 98
2025-12-31 10:11:38,678 - INFO  -   📅 预估剩余时间: 3小时18分2秒 | 预估完成时间: 2025-12-31 13:29:41
2025-12-31 10:11:39,513 - INFO  - ([2] Epoch) Saving checkpoint to:
             Current: /root/autodl-tmp/retraining-free-quantization/training/r18_c10_nude_0.021_all_bits_orth_double/r18_c10_nude_0.021_all_bits_orth_double_checkpoint.pth.tar

2025-12-31 10:11:39,517 - INFO  - 🎲 Epoch 2: FaultInjector seed rotated to 44
2025-12-31 10:11:39,525 - INFO  - [NUDE] Epoch 2: force max bit-width W/A = 6
2025-12-31 10:11:39,525 - INFO  - ================================================================================
2025-12-31 10:11:39,525 - INFO  - 🔥 [NUDE] BFAT ACTIVE
2025-12-31 10:11:39,525 - INFO  -    Loss Type: direct_ce
2025-12-31 10:11:39,525 - INFO  -    Proj Mode: orthogonal
2025-12-31 10:11:39,526 - INFO  -    Injection: All Bits
2025-12-31 10:11:39,526 - INFO  - ================================================================================
2025-12-31 10:11:46,406 - INFO  - [NUDE][TRAIN] Epoch 2/100 Iter 20/390 Loss 1.3610 Top1 50.47 Top5 93.48
2025-12-31 10:11:52,754 - INFO  - [NUDE][TRAIN] Epoch 2/100 Iter 40/390 Loss 1.3509 Top1 50.68 Top5 93.24
2025-12-31 10:11:59,111 - INFO  - [NUDE][TRAIN] Epoch 2/100 Iter 60/390 Loss 1.3433 Top1 50.87 Top5 93.61
2025-12-31 10:12:05,375 - INFO  - [NUDE][TRAIN] Epoch 2/100 Iter 80/390 Loss 1.3441 Top1 50.98 Top5 93.49
2025-12-31 10:12:11,765 - INFO  - [NUDE][TRAIN] Epoch 2/100 Iter 100/390 Loss 1.3415 Top1 51.26 Top5 93.58
2025-12-31 10:12:17,790 - INFO  - [NUDE][TRAIN] Epoch 2/100 Iter 120/390 Loss 1.3292 Top1 51.63 Top5 93.78
2025-12-31 10:12:24,026 - INFO  - [NUDE][TRAIN] Epoch 2/100 Iter 140/390 Loss 1.3302 Top1 51.56 Top5 93.77
2025-12-31 10:12:30,255 - INFO  - [NUDE][TRAIN] Epoch 2/100 Iter 160/390 Loss 1.3227 Top1 51.96 Top5 93.83
2025-12-31 10:12:36,666 - INFO  - [NUDE][TRAIN] Epoch 2/100 Iter 180/390 Loss 1.3148 Top1 52.27 Top5 93.90
2025-12-31 10:12:43,039 - INFO  - [NUDE][TRAIN] Epoch 2/100 Iter 200/390 Loss 1.3066 Top1 52.56 Top5 94.06
2025-12-31 10:12:49,107 - INFO  - [NUDE][TRAIN] Epoch 2/100 Iter 220/390 Loss 1.2987 Top1 52.95 Top5 94.17
2025-12-31 10:12:55,538 - INFO  - [NUDE][TRAIN] Epoch 2/100 Iter 240/390 Loss 1.2922 Top1 53.26 Top5 94.23
2025-12-31 10:13:01,767 - INFO  - [NUDE][TRAIN] Epoch 2/100 Iter 260/390 Loss 1.2845 Top1 53.49 Top5 94.36
2025-12-31 10:13:08,155 - INFO  - [NUDE][TRAIN] Epoch 2/100 Iter 280/390 Loss 1.2793 Top1 53.72 Top5 94.38
2025-12-31 10:13:14,832 - INFO  - [NUDE][TRAIN] Epoch 2/100 Iter 300/390 Loss 1.2728 Top1 53.96 Top5 94.45
2025-12-31 10:13:21,116 - INFO  - [NUDE][TRAIN] Epoch 2/100 Iter 320/390 Loss 1.2668 Top1 54.18 Top5 94.49
2025-12-31 10:13:27,476 - INFO  - [NUDE][TRAIN] Epoch 2/100 Iter 340/390 Loss 1.2629 Top1 54.28 Top5 94.51
2025-12-31 10:13:33,803 - INFO  - [NUDE][TRAIN] Epoch 2/100 Iter 360/390 Loss 1.2572 Top1 54.44 Top5 94.57
2025-12-31 10:13:40,017 - INFO  - [NUDE][TRAIN] Epoch 2/100 Iter 380/390 Loss 1.2506 Top1 54.70 Top5 94.65
2025-12-31 10:13:43,539 - INFO  - [NUDE] Validate: force max bit-width W/A = 6
2025-12-31 10:13:45,894 - INFO  - [NUDE][EPOCH] 2/100 Train: Top1=54.78 Top5=94.72 Loss=1.2476 | Val(EMA): Top1=13.18
2025-12-31 10:13:45,894 - INFO  -   ⏱️  本Epoch耗时: 2分6秒 | 平均Epoch耗时: 2分2秒 | 剩余Epoch数: 97
2025-12-31 10:13:45,894 - INFO  -   📅 预估剩余时间: 3小时18分47秒 | 预估完成时间: 2025-12-31 13:32:32
2025-12-31 10:13:46,537 - INFO  - ([3] Epoch) Saving checkpoint to:
             Current: /root/autodl-tmp/retraining-free-quantization/training/r18_c10_nude_0.021_all_bits_orth_double/r18_c10_nude_0.021_all_bits_orth_double_checkpoint.pth.tar

2025-12-31 10:13:46,541 - INFO  - 🎲 Epoch 3: FaultInjector seed rotated to 45
2025-12-31 10:13:46,550 - INFO  - [NUDE] Epoch 3: force max bit-width W/A = 6
2025-12-31 10:13:46,550 - INFO  - ================================================================================
2025-12-31 10:13:46,550 - INFO  - 🔥 [NUDE] BFAT ACTIVE
2025-12-31 10:13:46,550 - INFO  -    Loss Type: direct_ce
2025-12-31 10:13:46,550 - INFO  -    Proj Mode: orthogonal
2025-12-31 10:13:46,550 - INFO  -    Injection: All Bits
2025-12-31 10:13:46,550 - INFO  - ================================================================================
2025-12-31 10:13:52,660 - INFO  - [NUDE][TRAIN] Epoch 3/100 Iter 20/390 Loss 1.1165 Top1 59.14 Top5 96.13
2025-12-31 10:13:59,326 - INFO  - [NUDE][TRAIN] Epoch 3/100 Iter 40/390 Loss 1.1336 Top1 58.28 Top5 96.19
2025-12-31 10:14:05,374 - INFO  - [NUDE][TRAIN] Epoch 3/100 Iter 60/390 Loss 1.1217 Top1 59.21 Top5 96.05
2025-12-31 10:14:11,729 - INFO  - [NUDE][TRAIN] Epoch 3/100 Iter 80/390 Loss 1.1211 Top1 59.43 Top5 95.91
2025-12-31 10:14:18,310 - INFO  - [NUDE][TRAIN] Epoch 3/100 Iter 100/390 Loss 1.1158 Top1 59.67 Top5 96.01
2025-12-31 10:14:24,281 - INFO  - [NUDE][TRAIN] Epoch 3/100 Iter 120/390 Loss 1.1035 Top1 60.03 Top5 96.09
2025-12-31 10:14:30,323 - INFO  - [NUDE][TRAIN] Epoch 3/100 Iter 140/390 Loss 1.0938 Top1 60.55 Top5 96.13
2025-12-31 10:14:36,343 - INFO  - [NUDE][TRAIN] Epoch 3/100 Iter 160/390 Loss 1.0858 Top1 60.88 Top5 96.28
2025-12-31 10:14:42,291 - INFO  - [NUDE][TRAIN] Epoch 3/100 Iter 180/390 Loss 1.0788 Top1 61.08 Top5 96.30
2025-12-31 10:14:48,271 - INFO  - [NUDE][TRAIN] Epoch 3/100 Iter 200/390 Loss 1.0759 Top1 61.27 Top5 96.26
2025-12-31 10:14:54,127 - INFO  - [NUDE][TRAIN] Epoch 3/100 Iter 220/390 Loss 1.0703 Top1 61.49 Top5 96.29
2025-12-31 10:15:00,118 - INFO  - [NUDE][TRAIN] Epoch 3/100 Iter 240/390 Loss 1.0672 Top1 61.70 Top5 96.28
2025-12-31 10:15:06,084 - INFO  - [NUDE][TRAIN] Epoch 3/100 Iter 260/390 Loss 1.0625 Top1 61.88 Top5 96.30
2025-12-31 10:15:11,990 - INFO  - [NUDE][TRAIN] Epoch 3/100 Iter 280/390 Loss 1.0552 Top1 62.15 Top5 96.36
2025-12-31 10:15:17,961 - INFO  - [NUDE][TRAIN] Epoch 3/100 Iter 300/390 Loss 1.0468 Top1 62.44 Top5 96.41
2025-12-31 10:15:23,846 - INFO  - [NUDE][TRAIN] Epoch 3/100 Iter 320/390 Loss 1.0450 Top1 62.53 Top5 96.42
2025-12-31 10:15:29,776 - INFO  - [NUDE][TRAIN] Epoch 3/100 Iter 340/390 Loss 1.0398 Top1 62.76 Top5 96.47
2025-12-31 10:15:35,690 - INFO  - [NUDE][TRAIN] Epoch 3/100 Iter 360/390 Loss 1.0348 Top1 62.96 Top5 96.49
2025-12-31 10:15:41,511 - INFO  - [NUDE][TRAIN] Epoch 3/100 Iter 380/390 Loss 1.0297 Top1 63.19 Top5 96.51
2025-12-31 10:15:44,601 - INFO  - [NUDE] Validate: force max bit-width W/A = 6
2025-12-31 10:15:46,865 - INFO  - [NUDE][EPOCH] 3/100 Train: Top1=63.28 Top5=96.52 Loss=1.0273 | Val(EMA): Top1=13.79
2025-12-31 10:15:46,865 - INFO  -   ⏱️  本Epoch耗时: 2分0秒 | 平均Epoch耗时: 2分2秒 | 剩余Epoch数: 96
2025-12-31 10:15:46,865 - INFO  -   📅 预估剩余时间: 3小时15分40秒 | 预估完成时间: 2025-12-31 13:31:27
2025-12-31 10:15:47,547 - INFO  - ([4] Epoch) Saving checkpoint to:
             Current: /root/autodl-tmp/retraining-free-quantization/training/r18_c10_nude_0.021_all_bits_orth_double/r18_c10_nude_0.021_all_bits_orth_double_checkpoint.pth.tar

2025-12-31 10:15:47,550 - INFO  - 🎲 Epoch 4: FaultInjector seed rotated to 46
2025-12-31 10:15:47,558 - INFO  - [NUDE] Epoch 4: force max bit-width W/A = 6
2025-12-31 10:15:47,558 - INFO  - ================================================================================
2025-12-31 10:15:47,558 - INFO  - 🔥 [NUDE] BFAT ACTIVE
2025-12-31 10:15:47,558 - INFO  -    Loss Type: direct_ce
2025-12-31 10:15:47,558 - INFO  -    Proj Mode: orthogonal
2025-12-31 10:15:47,558 - INFO  -    Injection: All Bits
2025-12-31 10:15:47,558 - INFO  - ================================================================================
2025-12-31 10:15:53,739 - INFO  - [NUDE][TRAIN] Epoch 4/100 Iter 20/390 Loss 0.9132 Top1 68.01 Top5 97.58
2025-12-31 10:15:59,564 - INFO  - [NUDE][TRAIN] Epoch 4/100 Iter 40/390 Loss 0.9281 Top1 67.01 Top5 97.15
2025-12-31 10:16:05,522 - INFO  - [NUDE][TRAIN] Epoch 4/100 Iter 60/390 Loss 0.9136 Top1 67.41 Top5 97.30
2025-12-31 10:16:11,508 - INFO  - [NUDE][TRAIN] Epoch 4/100 Iter 80/390 Loss 0.9083 Top1 67.65 Top5 97.36
2025-12-31 10:16:17,364 - INFO  - [NUDE][TRAIN] Epoch 4/100 Iter 100/390 Loss 0.9013 Top1 67.98 Top5 97.39
2025-12-31 10:16:23,396 - INFO  - [NUDE][TRAIN] Epoch 4/100 Iter 120/390 Loss 0.8944 Top1 68.40 Top5 97.42
2025-12-31 10:16:29,328 - INFO  - [NUDE][TRAIN] Epoch 4/100 Iter 140/390 Loss 0.8946 Top1 68.29 Top5 97.48
2025-12-31 10:16:35,362 - INFO  - [NUDE][TRAIN] Epoch 4/100 Iter 160/390 Loss 0.8944 Top1 68.30 Top5 97.46
2025-12-31 10:16:41,331 - INFO  - [NUDE][TRAIN] Epoch 4/100 Iter 180/390 Loss 0.8919 Top1 68.44 Top5 97.46
2025-12-31 10:16:47,583 - INFO  - [NUDE][TRAIN] Epoch 4/100 Iter 200/390 Loss 0.8903 Top1 68.46 Top5 97.46
2025-12-31 10:16:54,878 - INFO  - [NUDE][TRAIN] Epoch 4/100 Iter 220/390 Loss 0.8865 Top1 68.49 Top5 97.51
2025-12-31 10:17:00,851 - INFO  - [NUDE][TRAIN] Epoch 4/100 Iter 240/390 Loss 0.8842 Top1 68.63 Top5 97.54
2025-12-31 10:17:06,813 - INFO  - [NUDE][TRAIN] Epoch 4/100 Iter 260/390 Loss 0.8810 Top1 68.73 Top5 97.58
2025-12-31 10:17:12,702 - INFO  - [NUDE][TRAIN] Epoch 4/100 Iter 280/390 Loss 0.8768 Top1 68.89 Top5 97.59
2025-12-31 10:17:18,480 - INFO  - [NUDE][TRAIN] Epoch 4/100 Iter 300/390 Loss 0.8712 Top1 69.12 Top5 97.63
2025-12-31 10:17:24,407 - INFO  - [NUDE][TRAIN] Epoch 4/100 Iter 320/390 Loss 0.8680 Top1 69.23 Top5 97.66
2025-12-31 10:17:30,279 - INFO  - [NUDE][TRAIN] Epoch 4/100 Iter 340/390 Loss 0.8645 Top1 69.43 Top5 97.68
2025-12-31 10:17:36,243 - INFO  - [NUDE][TRAIN] Epoch 4/100 Iter 360/390 Loss 0.8594 Top1 69.68 Top5 97.70
2025-12-31 10:17:42,201 - INFO  - [NUDE][TRAIN] Epoch 4/100 Iter 380/390 Loss 0.8550 Top1 69.86 Top5 97.73
2025-12-31 10:17:45,169 - INFO  - [NUDE] Validate: force max bit-width W/A = 6
2025-12-31 10:17:47,431 - INFO  - [NUDE][EPOCH] 4/100 Train: Top1=69.89 Top5=97.74 Loss=0.8540 | Val(EMA): Top1=14.67
2025-12-31 10:17:47,432 - INFO  -   ⏱️  本Epoch耗时: 1分59秒 | 平均Epoch耗时: 2分1秒 | 剩余Epoch数: 95
2025-12-31 10:17:47,432 - INFO  -   📅 预估剩余时间: 3小时12分52秒 | 预估完成时间: 2025-12-31 13:30:39
2025-12-31 10:17:48,023 - INFO  - ([5] Epoch) Saving checkpoint to:
             Current: /root/autodl-tmp/retraining-free-quantization/training/r18_c10_nude_0.021_all_bits_orth_double/r18_c10_nude_0.021_all_bits_orth_double_checkpoint.pth.tar

2025-12-31 10:17:48,026 - INFO  - 🎲 Epoch 5: FaultInjector seed rotated to 47
2025-12-31 10:17:48,033 - INFO  - [NUDE] Epoch 5: force max bit-width W/A = 6
2025-12-31 10:17:48,034 - INFO  - ================================================================================
2025-12-31 10:17:48,034 - INFO  - 🔥 [NUDE] BFAT ACTIVE
2025-12-31 10:17:48,034 - INFO  -    Loss Type: direct_ce
2025-12-31 10:17:48,034 - INFO  -    Proj Mode: orthogonal
2025-12-31 10:17:48,034 - INFO  -    Injection: All Bits
2025-12-31 10:17:48,034 - INFO  - ================================================================================
2025-12-31 10:17:54,207 - INFO  - [NUDE][TRAIN] Epoch 5/100 Iter 20/390 Loss 0.7412 Top1 73.79 Top5 98.48
2025-12-31 10:18:00,069 - INFO  - [NUDE][TRAIN] Epoch 5/100 Iter 40/390 Loss 0.7579 Top1 73.11 Top5 98.59
2025-12-31 10:18:06,055 - INFO  - [NUDE][TRAIN] Epoch 5/100 Iter 60/390 Loss 0.7594 Top1 73.20 Top5 98.41
2025-12-31 10:18:12,016 - INFO  - [NUDE][TRAIN] Epoch 5/100 Iter 80/390 Loss 0.7584 Top1 73.13 Top5 98.35
2025-12-31 10:18:17,880 - INFO  - [NUDE][TRAIN] Epoch 5/100 Iter 100/390 Loss 0.7489 Top1 73.52 Top5 98.36
2025-12-31 10:18:23,823 - INFO  - [NUDE][TRAIN] Epoch 5/100 Iter 120/390 Loss 0.7498 Top1 73.61 Top5 98.32
2025-12-31 10:18:29,745 - INFO  - [NUDE][TRAIN] Epoch 5/100 Iter 140/390 Loss 0.7525 Top1 73.48 Top5 98.31
2025-12-31 10:18:35,888 - INFO  - [NUDE][TRAIN] Epoch 5/100 Iter 160/390 Loss 0.7489 Top1 73.60 Top5 98.33
2025-12-31 10:18:41,881 - INFO  - [NUDE][TRAIN] Epoch 5/100 Iter 180/390 Loss 0.7463 Top1 73.75 Top5 98.36
2025-12-31 10:18:47,755 - INFO  - [NUDE][TRAIN] Epoch 5/100 Iter 200/390 Loss 0.7427 Top1 73.87 Top5 98.39
2025-12-31 10:18:53,716 - INFO  - [NUDE][TRAIN] Epoch 5/100 Iter 220/390 Loss 0.7446 Top1 73.81 Top5 98.37
2025-12-31 10:18:59,540 - INFO  - [NUDE][TRAIN] Epoch 5/100 Iter 240/390 Loss 0.7417 Top1 73.94 Top5 98.38
2025-12-31 10:19:05,432 - INFO  - [NUDE][TRAIN] Epoch 5/100 Iter 260/390 Loss 0.7392 Top1 74.07 Top5 98.38
2025-12-31 10:19:11,389 - INFO  - [NUDE][TRAIN] Epoch 5/100 Iter 280/390 Loss 0.7377 Top1 74.15 Top5 98.39
2025-12-31 10:19:17,243 - INFO  - [NUDE][TRAIN] Epoch 5/100 Iter 300/390 Loss 0.7334 Top1 74.32 Top5 98.42
2025-12-31 10:19:23,280 - INFO  - [NUDE][TRAIN] Epoch 5/100 Iter 320/390 Loss 0.7314 Top1 74.44 Top5 98.42
2025-12-31 10:19:29,137 - INFO  - [NUDE][TRAIN] Epoch 5/100 Iter 340/390 Loss 0.7294 Top1 74.50 Top5 98.42
2025-12-31 10:19:35,150 - INFO  - [NUDE][TRAIN] Epoch 5/100 Iter 360/390 Loss 0.7268 Top1 74.62 Top5 98.42
2025-12-31 10:19:41,094 - INFO  - [NUDE][TRAIN] Epoch 5/100 Iter 380/390 Loss 0.7244 Top1 74.75 Top5 98.43
2025-12-31 10:19:44,067 - INFO  - [NUDE] Validate: force max bit-width W/A = 6
2025-12-31 10:19:46,417 - INFO  - [NUDE][EPOCH] 5/100 Train: Top1=74.81 Top5=98.43 Loss=0.7230 | Val(EMA): Top1=15.61
2025-12-31 10:19:46,417 - INFO  -   ⏱️  本Epoch耗时: 1分58秒 | 平均Epoch耗时: 2分1秒 | 剩余Epoch数: 94
2025-12-31 10:19:46,417 - INFO  -   📅 预估剩余时间: 3小时10分15秒 | 预估完成时间: 2025-12-31 13:30:01
2025-12-31 10:19:47,008 - INFO  - ([6] Epoch) Saving checkpoint to:
             Current: /root/autodl-tmp/retraining-free-quantization/training/r18_c10_nude_0.021_all_bits_orth_double/r18_c10_nude_0.021_all_bits_orth_double_checkpoint.pth.tar

2025-12-31 10:19:47,012 - INFO  - 🎲 Epoch 6: FaultInjector seed rotated to 48
2025-12-31 10:19:47,020 - INFO  - [NUDE] Epoch 6: force max bit-width W/A = 6
2025-12-31 10:19:47,020 - INFO  - ================================================================================
2025-12-31 10:19:47,020 - INFO  - 🔥 [NUDE] BFAT ACTIVE
2025-12-31 10:19:47,020 - INFO  -    Loss Type: direct_ce
2025-12-31 10:19:47,020 - INFO  -    Proj Mode: orthogonal
2025-12-31 10:19:47,020 - INFO  -    Injection: All Bits
2025-12-31 10:19:47,020 - INFO  - ================================================================================
2025-12-31 10:19:53,194 - INFO  - [NUDE][TRAIN] Epoch 6/100 Iter 20/390 Loss 0.6844 Top1 76.68 Top5 98.24
2025-12-31 10:19:59,180 - INFO  - [NUDE][TRAIN] Epoch 6/100 Iter 40/390 Loss 0.6791 Top1 76.64 Top5 98.38
2025-12-31 10:20:05,033 - INFO  - [NUDE][TRAIN] Epoch 6/100 Iter 60/390 Loss 0.6655 Top1 76.90 Top5 98.45
2025-12-31 10:20:10,989 - INFO  - [NUDE][TRAIN] Epoch 6/100 Iter 80/390 Loss 0.6550 Top1 77.15 Top5 98.57
2025-12-31 10:20:16,824 - INFO  - [NUDE][TRAIN] Epoch 6/100 Iter 100/390 Loss 0.6540 Top1 76.98 Top5 98.65
2025-12-31 10:20:22,801 - INFO  - [NUDE][TRAIN] Epoch 6/100 Iter 120/390 Loss 0.6531 Top1 77.04 Top5 98.57
2025-12-31 10:20:28,767 - INFO  - [NUDE][TRAIN] Epoch 6/100 Iter 140/390 Loss 0.6445 Top1 77.47 Top5 98.65
2025-12-31 10:20:34,605 - INFO  - [NUDE][TRAIN] Epoch 6/100 Iter 160/390 Loss 0.6421 Top1 77.58 Top5 98.67
2025-12-31 10:20:40,517 - INFO  - [NUDE][TRAIN] Epoch 6/100 Iter 180/390 Loss 0.6411 Top1 77.67 Top5 98.67
2025-12-31 10:20:46,326 - INFO  - [NUDE][TRAIN] Epoch 6/100 Iter 200/390 Loss 0.6407 Top1 77.70 Top5 98.73
2025-12-31 10:20:52,261 - INFO  - [NUDE][TRAIN] Epoch 6/100 Iter 220/390 Loss 0.6398 Top1 77.72 Top5 98.73
2025-12-31 10:20:58,235 - INFO  - [NUDE][TRAIN] Epoch 6/100 Iter 240/390 Loss 0.6401 Top1 77.72 Top5 98.73
2025-12-31 10:21:04,158 - INFO  - [NUDE][TRAIN] Epoch 6/100 Iter 260/390 Loss 0.6367 Top1 77.88 Top5 98.74
2025-12-31 10:21:10,116 - INFO  - [NUDE][TRAIN] Epoch 6/100 Iter 280/390 Loss 0.6367 Top1 77.92 Top5 98.74
2025-12-31 10:21:15,960 - INFO  - [NUDE][TRAIN] Epoch 6/100 Iter 300/390 Loss 0.6346 Top1 78.01 Top5 98.74
2025-12-31 10:21:21,909 - INFO  - [NUDE][TRAIN] Epoch 6/100 Iter 320/390 Loss 0.6328 Top1 78.02 Top5 98.75
2025-12-31 10:21:27,883 - INFO  - [NUDE][TRAIN] Epoch 6/100 Iter 340/390 Loss 0.6325 Top1 78.03 Top5 98.75
2025-12-31 10:21:33,750 - INFO  - [NUDE][TRAIN] Epoch 6/100 Iter 360/390 Loss 0.6306 Top1 78.08 Top5 98.77
2025-12-31 10:21:39,678 - INFO  - [NUDE][TRAIN] Epoch 6/100 Iter 380/390 Loss 0.6308 Top1 78.11 Top5 98.77
2025-12-31 10:21:42,665 - INFO  - [NUDE] Validate: force max bit-width W/A = 6
2025-12-31 10:21:44,969 - INFO  - [NUDE][EPOCH] 6/100 Train: Top1=78.16 Top5=98.78 Loss=0.6298 | Val(EMA): Top1=16.28
2025-12-31 10:21:44,969 - INFO  -   ⏱️  本Epoch耗时: 1分57秒 | 平均Epoch耗时: 2分0秒 | 剩余Epoch数: 93
2025-12-31 10:21:44,969 - INFO  -   📅 预估剩余时间: 3小时6分54秒 | 预估完成时间: 2025-12-31 13:28:39
2025-12-31 10:21:45,572 - INFO  - ([7] Epoch) Saving checkpoint to:
             Current: /root/autodl-tmp/retraining-free-quantization/training/r18_c10_nude_0.021_all_bits_orth_double/r18_c10_nude_0.021_all_bits_orth_double_checkpoint.pth.tar

2025-12-31 10:21:45,575 - INFO  - 🎲 Epoch 7: FaultInjector seed rotated to 49
2025-12-31 10:21:45,583 - INFO  - [NUDE] Epoch 7: force max bit-width W/A = 6
2025-12-31 10:21:45,583 - INFO  - ================================================================================
2025-12-31 10:21:45,583 - INFO  - 🔥 [NUDE] BFAT ACTIVE
2025-12-31 10:21:45,583 - INFO  -    Loss Type: direct_ce
2025-12-31 10:21:45,583 - INFO  -    Proj Mode: orthogonal
2025-12-31 10:21:45,584 - INFO  -    Injection: All Bits
2025-12-31 10:21:45,584 - INFO  - ================================================================================
2025-12-31 10:21:51,752 - INFO  - [NUDE][TRAIN] Epoch 7/100 Iter 20/390 Loss 0.5716 Top1 79.53 Top5 98.95
2025-12-31 10:21:57,778 - INFO  - [NUDE][TRAIN] Epoch 7/100 Iter 40/390 Loss 0.5861 Top1 79.41 Top5 98.89
2025-12-31 10:22:03,635 - INFO  - [NUDE][TRAIN] Epoch 7/100 Iter 60/390 Loss 0.5697 Top1 79.93 Top5 99.06
2025-12-31 10:22:09,611 - INFO  - [NUDE][TRAIN] Epoch 7/100 Iter 80/390 Loss 0.5685 Top1 80.04 Top5 99.14
2025-12-31 10:22:15,496 - INFO  - [NUDE][TRAIN] Epoch 7/100 Iter 100/390 Loss 0.5727 Top1 79.95 Top5 99.07
2025-12-31 10:22:21,457 - INFO  - [NUDE][TRAIN] Epoch 7/100 Iter 120/390 Loss 0.5798 Top1 79.74 Top5 99.01
2025-12-31 10:22:27,431 - INFO  - [NUDE][TRAIN] Epoch 7/100 Iter 140/390 Loss 0.5755 Top1 79.85 Top5 99.03
2025-12-31 10:22:33,335 - INFO  - [NUDE][TRAIN] Epoch 7/100 Iter 160/390 Loss 0.5712 Top1 79.95 Top5 99.02
2025-12-31 10:22:39,327 - INFO  - [NUDE][TRAIN] Epoch 7/100 Iter 180/390 Loss 0.5734 Top1 79.81 Top5 99.04
2025-12-31 10:22:45,319 - INFO  - [NUDE][TRAIN] Epoch 7/100 Iter 200/390 Loss 0.5699 Top1 79.96 Top5 99.04
2025-12-31 10:22:51,248 - INFO  - [NUDE][TRAIN] Epoch 7/100 Iter 220/390 Loss 0.5686 Top1 79.97 Top5 99.03
2025-12-31 10:22:57,233 - INFO  - [NUDE][TRAIN] Epoch 7/100 Iter 240/390 Loss 0.5643 Top1 80.21 Top5 99.05
2025-12-31 10:23:03,132 - INFO  - [NUDE][TRAIN] Epoch 7/100 Iter 260/390 Loss 0.5638 Top1 80.24 Top5 99.06
2025-12-31 10:23:09,110 - INFO  - [NUDE][TRAIN] Epoch 7/100 Iter 280/390 Loss 0.5631 Top1 80.31 Top5 99.05
2025-12-31 10:23:15,126 - INFO  - [NUDE][TRAIN] Epoch 7/100 Iter 300/390 Loss 0.5607 Top1 80.40 Top5 99.07
2025-12-31 10:23:21,080 - INFO  - [NUDE][TRAIN] Epoch 7/100 Iter 320/390 Loss 0.5596 Top1 80.46 Top5 99.08
2025-12-31 10:23:27,043 - INFO  - [NUDE][TRAIN] Epoch 7/100 Iter 340/390 Loss 0.5591 Top1 80.50 Top5 99.07
2025-12-31 10:23:33,039 - INFO  - [NUDE][TRAIN] Epoch 7/100 Iter 360/390 Loss 0.5576 Top1 80.56 Top5 99.08
2025-12-31 10:23:38,933 - INFO  - [NUDE][TRAIN] Epoch 7/100 Iter 380/390 Loss 0.5568 Top1 80.62 Top5 99.07
2025-12-31 10:23:41,914 - INFO  - [NUDE] Validate: force max bit-width W/A = 6
2025-12-31 10:23:44,175 - INFO  - [NUDE][EPOCH] 7/100 Train: Top1=80.64 Top5=99.08 Loss=0.5558 | Val(EMA): Top1=17.84
2025-12-31 10:23:44,176 - INFO  -   ⏱️  本Epoch耗时: 1分58秒 | 平均Epoch耗时: 1分59秒 | 剩余Epoch数: 92
2025-12-31 10:23:44,176 - INFO  -   📅 预估剩余时间: 3小时2分30秒 | 预估完成时间: 2025-12-31 13:26:15
2025-12-31 10:23:44,914 - INFO  - ([8] Epoch) Saving checkpoint to:
             Current: /root/autodl-tmp/retraining-free-quantization/training/r18_c10_nude_0.021_all_bits_orth_double/r18_c10_nude_0.021_all_bits_orth_double_checkpoint.pth.tar

2025-12-31 10:23:44,918 - INFO  - 🎲 Epoch 8: FaultInjector seed rotated to 50
2025-12-31 10:23:44,926 - INFO  - [NUDE] Epoch 8: force max bit-width W/A = 6
2025-12-31 10:23:44,926 - INFO  - ================================================================================
2025-12-31 10:23:44,926 - INFO  - 🔥 [NUDE] BFAT ACTIVE
2025-12-31 10:23:44,926 - INFO  -    Loss Type: direct_ce
2025-12-31 10:23:44,926 - INFO  -    Proj Mode: orthogonal
2025-12-31 10:23:44,926 - INFO  -    Injection: All Bits
2025-12-31 10:23:44,926 - INFO  - ================================================================================
2025-12-31 10:23:51,072 - INFO  - [NUDE][TRAIN] Epoch 8/100 Iter 20/390 Loss 0.5171 Top1 83.20 Top5 99.06
2025-12-31 10:23:57,209 - INFO  - [NUDE][TRAIN] Epoch 8/100 Iter 40/390 Loss 0.5086 Top1 82.97 Top5 99.20
2025-12-31 10:24:03,190 - INFO  - [NUDE][TRAIN] Epoch 8/100 Iter 60/390 Loss 0.5137 Top1 82.77 Top5 99.19
2025-12-31 10:24:09,062 - INFO  - [NUDE][TRAIN] Epoch 8/100 Iter 80/390 Loss 0.5112 Top1 82.72 Top5 99.27
2025-12-31 10:24:14,988 - INFO  - [NUDE][TRAIN] Epoch 8/100 Iter 100/390 Loss 0.5134 Top1 82.46 Top5 99.25
2025-12-31 10:24:20,825 - INFO  - [NUDE][TRAIN] Epoch 8/100 Iter 120/390 Loss 0.5122 Top1 82.43 Top5 99.25
2025-12-31 10:24:26,982 - INFO  - [NUDE][TRAIN] Epoch 8/100 Iter 140/390 Loss 0.5164 Top1 82.39 Top5 99.26
2025-12-31 10:24:32,980 - INFO  - [NUDE][TRAIN] Epoch 8/100 Iter 160/390 Loss 0.5193 Top1 82.15 Top5 99.26
2025-12-31 10:24:38,850 - INFO  - [NUDE][TRAIN] Epoch 8/100 Iter 180/390 Loss 0.5188 Top1 82.13 Top5 99.25
2025-12-31 10:24:44,836 - INFO  - [NUDE][TRAIN] Epoch 8/100 Iter 200/390 Loss 0.5161 Top1 82.18 Top5 99.28
2025-12-31 10:24:50,783 - INFO  - [NUDE][TRAIN] Epoch 8/100 Iter 220/390 Loss 0.5150 Top1 82.23 Top5 99.29
2025-12-31 10:24:56,786 - INFO  - [NUDE][TRAIN] Epoch 8/100 Iter 240/390 Loss 0.5152 Top1 82.18 Top5 99.29
2025-12-31 10:25:02,782 - INFO  - [NUDE][TRAIN] Epoch 8/100 Iter 260/390 Loss 0.5129 Top1 82.26 Top5 99.29
2025-12-31 10:25:08,685 - INFO  - [NUDE][TRAIN] Epoch 8/100 Iter 280/390 Loss 0.5102 Top1 82.30 Top5 99.29
2025-12-31 10:25:14,682 - INFO  - [NUDE][TRAIN] Epoch 8/100 Iter 300/390 Loss 0.5084 Top1 82.36 Top5 99.29
2025-12-31 10:25:20,556 - INFO  - [NUDE][TRAIN] Epoch 8/100 Iter 320/390 Loss 0.5061 Top1 82.43 Top5 99.30
2025-12-31 10:25:26,526 - INFO  - [NUDE][TRAIN] Epoch 8/100 Iter 340/390 Loss 0.5046 Top1 82.49 Top5 99.29
2025-12-31 10:25:32,523 - INFO  - [NUDE][TRAIN] Epoch 8/100 Iter 360/390 Loss 0.5051 Top1 82.46 Top5 99.28
2025-12-31 10:25:38,370 - INFO  - [NUDE][TRAIN] Epoch 8/100 Iter 380/390 Loss 0.5056 Top1 82.45 Top5 99.26
2025-12-31 10:25:41,359 - INFO  - [NUDE] Validate: force max bit-width W/A = 6
2025-12-31 10:25:43,823 - INFO  - [NUDE][EPOCH] 8/100 Train: Top1=82.45 Top5=99.26 Loss=0.5059 | Val(EMA): Top1=20.84
2025-12-31 10:25:43,823 - INFO  -   ⏱️  本Epoch耗时: 1分58秒 | 平均Epoch耗时: 1分58秒 | 剩余Epoch数: 91
2025-12-31 10:25:43,823 - INFO  -   📅 预估剩余时间: 3小时0分5秒 | 预估完成时间: 2025-12-31 13:25:49
2025-12-31 10:25:44,687 - INFO  - ([9] Epoch) Saving checkpoint to:
             Current: /root/autodl-tmp/retraining-free-quantization/training/r18_c10_nude_0.021_all_bits_orth_double/r18_c10_nude_0.021_all_bits_orth_double_checkpoint.pth.tar

2025-12-31 10:25:44,690 - INFO  - 🎲 Epoch 9: FaultInjector seed rotated to 51
2025-12-31 10:25:44,698 - INFO  - [NUDE] Epoch 9: force max bit-width W/A = 6
2025-12-31 10:25:44,698 - INFO  - ================================================================================
2025-12-31 10:25:44,698 - INFO  - 🔥 [NUDE] BFAT ACTIVE
2025-12-31 10:25:44,698 - INFO  -    Loss Type: direct_ce
2025-12-31 10:25:44,698 - INFO  -    Proj Mode: orthogonal
2025-12-31 10:25:44,698 - INFO  -    Injection: All Bits
2025-12-31 10:25:44,698 - INFO  - ================================================================================
2025-12-31 10:25:50,705 - INFO  - [NUDE][TRAIN] Epoch 9/100 Iter 20/390 Loss 0.4625 Top1 83.63 Top5 99.53
2025-12-31 10:25:56,635 - INFO  - [NUDE][TRAIN] Epoch 9/100 Iter 40/390 Loss 0.4456 Top1 84.14 Top5 99.55
2025-12-31 10:26:02,542 - INFO  - [NUDE][TRAIN] Epoch 9/100 Iter 60/390 Loss 0.4561 Top1 83.91 Top5 99.40
2025-12-31 10:26:08,408 - INFO  - [NUDE][TRAIN] Epoch 9/100 Iter 80/390 Loss 0.4610 Top1 83.88 Top5 99.43
2025-12-31 10:26:14,402 - INFO  - [NUDE][TRAIN] Epoch 9/100 Iter 100/390 Loss 0.4621 Top1 83.88 Top5 99.41
2025-12-31 10:26:20,662 - INFO  - [NUDE][TRAIN] Epoch 9/100 Iter 120/390 Loss 0.4677 Top1 83.70 Top5 99.36
2025-12-31 10:26:26,868 - INFO  - [NUDE][TRAIN] Epoch 9/100 Iter 140/390 Loss 0.4636 Top1 83.82 Top5 99.34
2025-12-31 10:26:32,823 - INFO  - [NUDE][TRAIN] Epoch 9/100 Iter 160/390 Loss 0.4633 Top1 83.80 Top5 99.37
2025-12-31 10:26:38,671 - INFO  - [NUDE][TRAIN] Epoch 9/100 Iter 180/390 Loss 0.4618 Top1 83.87 Top5 99.34
2025-12-31 10:26:44,659 - INFO  - [NUDE][TRAIN] Epoch 9/100 Iter 200/390 Loss 0.4626 Top1 83.84 Top5 99.33
2025-12-31 10:26:50,560 - INFO  - [NUDE][TRAIN] Epoch 9/100 Iter 220/390 Loss 0.4648 Top1 83.79 Top5 99.34
2025-12-31 10:26:56,518 - INFO  - [NUDE][TRAIN] Epoch 9/100 Iter 240/390 Loss 0.4633 Top1 83.86 Top5 99.35
2025-12-31 10:27:02,560 - INFO  - [NUDE][TRAIN] Epoch 9/100 Iter 260/390 Loss 0.4624 Top1 83.90 Top5 99.35
2025-12-31 10:27:08,465 - INFO  - [NUDE][TRAIN] Epoch 9/100 Iter 280/390 Loss 0.4617 Top1 83.91 Top5 99.36
2025-12-31 10:27:14,408 - INFO  - [NUDE][TRAIN] Epoch 9/100 Iter 300/390 Loss 0.4626 Top1 83.84 Top5 99.36
2025-12-31 10:27:20,259 - INFO  - [NUDE][TRAIN] Epoch 9/100 Iter 320/390 Loss 0.4626 Top1 83.85 Top5 99.35
2025-12-31 10:27:26,207 - INFO  - [NUDE][TRAIN] Epoch 9/100 Iter 340/390 Loss 0.4625 Top1 83.88 Top5 99.35
2025-12-31 10:27:32,211 - INFO  - [NUDE][TRAIN] Epoch 9/100 Iter 360/390 Loss 0.4607 Top1 83.95 Top5 99.36
2025-12-31 10:27:38,034 - INFO  - [NUDE][TRAIN] Epoch 9/100 Iter 380/390 Loss 0.4597 Top1 83.98 Top5 99.36
2025-12-31 10:27:41,087 - INFO  - [NUDE] Validate: force max bit-width W/A = 6
2025-12-31 10:27:43,357 - INFO  - [NUDE][EPOCH] 9/100 Train: Top1=83.99 Top5=99.35 Loss=0.4600 | Val(EMA): Top1=26.19
2025-12-31 10:27:43,358 - INFO  -   ⏱️  本Epoch耗时: 1分58秒 | 平均Epoch耗时: 1分58秒 | 剩余Epoch数: 90
2025-12-31 10:27:43,358 - INFO  -   📅 预估剩余时间: 2小时57分45秒 | 预估完成时间: 2025-12-31 13:25:28
2025-12-31 10:27:44,065 - INFO  - ([10] Epoch) Saving checkpoint to:
             Current: /root/autodl-tmp/retraining-free-quantization/training/r18_c10_nude_0.021_all_bits_orth_double/r18_c10_nude_0.021_all_bits_orth_double_checkpoint.pth.tar

2025-12-31 10:27:44,068 - INFO  - 🎲 Epoch 10: FaultInjector seed rotated to 52
2025-12-31 10:27:44,076 - INFO  - [NUDE] Epoch 10: force max bit-width W/A = 6
2025-12-31 10:27:44,076 - INFO  - ================================================================================
2025-12-31 10:27:44,076 - INFO  - 🔥 [NUDE] BFAT ACTIVE
2025-12-31 10:27:44,076 - INFO  -    Loss Type: direct_ce
2025-12-31 10:27:44,076 - INFO  -    Proj Mode: orthogonal
2025-12-31 10:27:44,076 - INFO  -    Injection: All Bits
2025-12-31 10:27:44,076 - INFO  - ================================================================================
2025-12-31 10:27:50,119 - INFO  - [NUDE][TRAIN] Epoch 10/100 Iter 20/390 Loss 0.4184 Top1 85.23 Top5 99.45
2025-12-31 10:27:56,174 - INFO  - [NUDE][TRAIN] Epoch 10/100 Iter 40/390 Loss 0.4071 Top1 85.82 Top5 99.49
2025-12-31 10:28:02,126 - INFO  - [NUDE][TRAIN] Epoch 10/100 Iter 60/390 Loss 0.4070 Top1 85.89 Top5 99.53
2025-12-31 10:28:08,285 - INFO  - [NUDE][TRAIN] Epoch 10/100 Iter 80/390 Loss 0.4165 Top1 85.63 Top5 99.51
2025-12-31 10:28:14,297 - INFO  - [NUDE][TRAIN] Epoch 10/100 Iter 100/390 Loss 0.4182 Top1 85.59 Top5 99.54
2025-12-31 10:28:20,250 - INFO  - [NUDE][TRAIN] Epoch 10/100 Iter 120/390 Loss 0.4138 Top1 85.85 Top5 99.56
2025-12-31 10:28:26,261 - INFO  - [NUDE][TRAIN] Epoch 10/100 Iter 140/390 Loss 0.4180 Top1 85.64 Top5 99.55
2025-12-31 10:28:32,187 - INFO  - [NUDE][TRAIN] Epoch 10/100 Iter 160/390 Loss 0.4191 Top1 85.77 Top5 99.54
2025-12-31 10:28:38,007 - INFO  - [NUDE][TRAIN] Epoch 10/100 Iter 180/390 Loss 0.4204 Top1 85.70 Top5 99.54
2025-12-31 10:28:43,977 - INFO  - [NUDE][TRAIN] Epoch 10/100 Iter 200/390 Loss 0.4212 Top1 85.65 Top5 99.53
2025-12-31 10:28:49,953 - INFO  - [NUDE][TRAIN] Epoch 10/100 Iter 220/390 Loss 0.4221 Top1 85.58 Top5 99.53
2025-12-31 10:28:56,126 - INFO  - [NUDE][TRAIN] Epoch 10/100 Iter 240/390 Loss 0.4236 Top1 85.52 Top5 99.52
2025-12-31 10:29:02,068 - INFO  - [NUDE][TRAIN] Epoch 10/100 Iter 260/390 Loss 0.4215 Top1 85.57 Top5 99.50
2025-12-31 10:29:07,909 - INFO  - [NUDE][TRAIN] Epoch 10/100 Iter 280/390 Loss 0.4213 Top1 85.56 Top5 99.50
2025-12-31 10:29:13,877 - INFO  - [NUDE][TRAIN] Epoch 10/100 Iter 300/390 Loss 0.4220 Top1 85.58 Top5 99.50
2025-12-31 10:29:19,773 - INFO  - [NUDE][TRAIN] Epoch 10/100 Iter 320/390 Loss 0.4234 Top1 85.51 Top5 99.49
2025-12-31 10:29:25,577 - INFO  - [NUDE][TRAIN] Epoch 10/100 Iter 340/390 Loss 0.4225 Top1 85.49 Top5 99.49
2025-12-31 10:29:31,544 - INFO  - [NUDE][TRAIN] Epoch 10/100 Iter 360/390 Loss 0.4231 Top1 85.49 Top5 99.48
2025-12-31 10:29:37,634 - INFO  - [NUDE][TRAIN] Epoch 10/100 Iter 380/390 Loss 0.4238 Top1 85.47 Top5 99.47
2025-12-31 10:29:40,704 - INFO  - [NUDE] Validate: force max bit-width W/A = 6
2025-12-31 10:29:43,004 - INFO  - [NUDE][EPOCH] 10/100 Train: Top1=85.49 Top5=99.47 Loss=0.4226 | Val(EMA): Top1=29.86
2025-12-31 10:29:43,004 - INFO  -   ⏱️  本Epoch耗时: 1分58秒 | 平均Epoch耗时: 1分58秒 | 剩余Epoch数: 89
2025-12-31 10:29:43,004 - INFO  -   📅 预估剩余时间: 2小时55分56秒 | 预估完成时间: 2025-12-31 13:25:39
2025-12-31 10:29:43,834 - INFO  - ([11] Epoch) Saving checkpoint to:
             Current: /root/autodl-tmp/retraining-free-quantization/training/r18_c10_nude_0.021_all_bits_orth_double/r18_c10_nude_0.021_all_bits_orth_double_checkpoint.pth.tar

2025-12-31 10:29:43,838 - INFO  - 🎲 Epoch 11: FaultInjector seed rotated to 53
2025-12-31 10:29:43,845 - INFO  - [NUDE] Epoch 11: force max bit-width W/A = 6
2025-12-31 10:29:43,846 - INFO  - ================================================================================
2025-12-31 10:29:43,846 - INFO  - 🔥 [NUDE] BFAT ACTIVE
2025-12-31 10:29:43,846 - INFO  -    Loss Type: direct_ce
2025-12-31 10:29:43,846 - INFO  -    Proj Mode: orthogonal
2025-12-31 10:29:43,846 - INFO  -    Injection: All Bits
2025-12-31 10:29:43,846 - INFO  - ================================================================================
2025-12-31 10:29:50,034 - INFO  - [NUDE][TRAIN] Epoch 11/100 Iter 20/390 Loss 0.4019 Top1 86.25 Top5 99.57
2025-12-31 10:29:55,873 - INFO  - [NUDE][TRAIN] Epoch 11/100 Iter 40/390 Loss 0.3930 Top1 86.74 Top5 99.51
2025-12-31 10:30:01,814 - INFO  - [NUDE][TRAIN] Epoch 11/100 Iter 60/390 Loss 0.3874 Top1 86.89 Top5 99.54
2025-12-31 10:30:07,665 - INFO  - [NUDE][TRAIN] Epoch 11/100 Iter 80/390 Loss 0.3901 Top1 86.78 Top5 99.54
2025-12-31 10:30:13,589 - INFO  - [NUDE][TRAIN] Epoch 11/100 Iter 100/390 Loss 0.3914 Top1 86.62 Top5 99.59
2025-12-31 10:30:19,626 - INFO  - [NUDE][TRAIN] Epoch 11/100 Iter 120/390 Loss 0.3885 Top1 86.65 Top5 99.60
2025-12-31 10:30:25,456 - INFO  - [NUDE][TRAIN] Epoch 11/100 Iter 140/390 Loss 0.3896 Top1 86.65 Top5 99.55
2025-12-31 10:30:31,407 - INFO  - [NUDE][TRAIN] Epoch 11/100 Iter 160/390 Loss 0.3887 Top1 86.64 Top5 99.56
2025-12-31 10:30:37,251 - INFO  - [NUDE][TRAIN] Epoch 11/100 Iter 180/390 Loss 0.3890 Top1 86.54 Top5 99.57
2025-12-31 10:30:43,182 - INFO  - [NUDE][TRAIN] Epoch 11/100 Iter 200/390 Loss 0.3912 Top1 86.46 Top5 99.55
2025-12-31 10:30:49,112 - INFO  - [NUDE][TRAIN] Epoch 11/100 Iter 220/390 Loss 0.3930 Top1 86.44 Top5 99.55
2025-12-31 10:30:54,972 - INFO  - [NUDE][TRAIN] Epoch 11/100 Iter 240/390 Loss 0.3923 Top1 86.51 Top5 99.55
2025-12-31 10:31:00,908 - INFO  - [NUDE][TRAIN] Epoch 11/100 Iter 260/390 Loss 0.3934 Top1 86.51 Top5 99.54
2025-12-31 10:31:06,725 - INFO  - [NUDE][TRAIN] Epoch 11/100 Iter 280/390 Loss 0.3955 Top1 86.50 Top5 99.51
2025-12-31 10:31:12,632 - INFO  - [NUDE][TRAIN] Epoch 11/100 Iter 300/390 Loss 0.3948 Top1 86.51 Top5 99.52
2025-12-31 10:31:18,592 - INFO  - [NUDE][TRAIN] Epoch 11/100 Iter 320/390 Loss 0.3949 Top1 86.47 Top5 99.53
2025-12-31 10:31:24,503 - INFO  - [NUDE][TRAIN] Epoch 11/100 Iter 340/390 Loss 0.3947 Top1 86.50 Top5 99.53
2025-12-31 10:31:30,445 - INFO  - [NUDE][TRAIN] Epoch 11/100 Iter 360/390 Loss 0.3940 Top1 86.53 Top5 99.54
2025-12-31 10:31:36,311 - INFO  - [NUDE][TRAIN] Epoch 11/100 Iter 380/390 Loss 0.3940 Top1 86.54 Top5 99.54
2025-12-31 10:31:39,411 - INFO  - [NUDE] Validate: force max bit-width W/A = 6
2025-12-31 10:31:41,767 - INFO  - [NUDE][EPOCH] 11/100 Train: Top1=86.52 Top5=99.53 Loss=0.3946 | Val(EMA): Top1=35.20
2025-12-31 10:31:41,767 - INFO  -   ⏱️  本Epoch耗时: 1分57秒 | 平均Epoch耗时: 1分58秒 | 剩余Epoch数: 88
2025-12-31 10:31:41,767 - INFO  -   📅 预估剩余时间: 2小时53分57秒 | 预估完成时间: 2025-12-31 13:25:39
2025-12-31 10:31:42,395 - INFO  - ([12] Epoch) Saving checkpoint to:
             Current: /root/autodl-tmp/retraining-free-quantization/training/r18_c10_nude_0.021_all_bits_orth_double/r18_c10_nude_0.021_all_bits_orth_double_checkpoint.pth.tar

2025-12-31 10:31:42,398 - INFO  - 🎲 Epoch 12: FaultInjector seed rotated to 54
2025-12-31 10:31:42,407 - INFO  - [NUDE] Epoch 12: force max bit-width W/A = 6
2025-12-31 10:31:42,407 - INFO  - ================================================================================
2025-12-31 10:31:42,407 - INFO  - 🔥 [NUDE] BFAT ACTIVE
2025-12-31 10:31:42,407 - INFO  -    Loss Type: direct_ce
2025-12-31 10:31:42,407 - INFO  -    Proj Mode: orthogonal
2025-12-31 10:31:42,407 - INFO  -    Injection: All Bits
2025-12-31 10:31:42,407 - INFO  - ================================================================================
2025-12-31 10:31:48,611 - INFO  - [NUDE][TRAIN] Epoch 12/100 Iter 20/390 Loss 0.3665 Top1 87.15 Top5 99.57
2025-12-31 10:31:54,507 - INFO  - [NUDE][TRAIN] Epoch 12/100 Iter 40/390 Loss 0.3719 Top1 86.91 Top5 99.55
2025-12-31 10:32:00,447 - INFO  - [NUDE][TRAIN] Epoch 12/100 Iter 60/390 Loss 0.3675 Top1 87.25 Top5 99.61
2025-12-31 10:32:06,392 - INFO  - [NUDE][TRAIN] Epoch 12/100 Iter 80/390 Loss 0.3723 Top1 87.27 Top5 99.58
2025-12-31 10:32:12,269 - INFO  - [NUDE][TRAIN] Epoch 12/100 Iter 100/390 Loss 0.3756 Top1 87.12 Top5 99.58
2025-12-31 10:32:18,209 - INFO  - [NUDE][TRAIN] Epoch 12/100 Iter 120/390 Loss 0.3798 Top1 87.04 Top5 99.54
2025-12-31 10:32:24,041 - INFO  - [NUDE][TRAIN] Epoch 12/100 Iter 140/390 Loss 0.3811 Top1 86.95 Top5 99.54
2025-12-31 10:32:30,039 - INFO  - [NUDE][TRAIN] Epoch 12/100 Iter 160/390 Loss 0.3824 Top1 86.99 Top5 99.54
2025-12-31 10:32:35,982 - INFO  - [NUDE][TRAIN] Epoch 12/100 Iter 180/390 Loss 0.3824 Top1 86.97 Top5 99.54
2025-12-31 10:32:41,850 - INFO  - [NUDE][TRAIN] Epoch 12/100 Iter 200/390 Loss 0.3782 Top1 87.13 Top5 99.56
2025-12-31 10:32:47,797 - INFO  - [NUDE][TRAIN] Epoch 12/100 Iter 220/390 Loss 0.3762 Top1 87.17 Top5 99.57
2025-12-31 10:32:53,723 - INFO  - [NUDE][TRAIN] Epoch 12/100 Iter 240/390 Loss 0.3753 Top1 87.18 Top5 99.57
2025-12-31 10:32:59,599 - INFO  - [NUDE][TRAIN] Epoch 12/100 Iter 260/390 Loss 0.3759 Top1 87.21 Top5 99.55
2025-12-31 10:33:05,564 - INFO  - [NUDE][TRAIN] Epoch 12/100 Iter 280/390 Loss 0.3771 Top1 87.18 Top5 99.53
2025-12-31 10:33:11,446 - INFO  - [NUDE][TRAIN] Epoch 12/100 Iter 300/390 Loss 0.3756 Top1 87.23 Top5 99.54
2025-12-31 10:33:17,440 - INFO  - [NUDE][TRAIN] Epoch 12/100 Iter 320/390 Loss 0.3746 Top1 87.24 Top5 99.56
2025-12-31 10:33:23,401 - INFO  - [NUDE][TRAIN] Epoch 12/100 Iter 340/390 Loss 0.3737 Top1 87.26 Top5 99.57
2025-12-31 10:33:29,274 - INFO  - [NUDE][TRAIN] Epoch 12/100 Iter 360/390 Loss 0.3750 Top1 87.19 Top5 99.57
2025-12-31 10:33:35,259 - INFO  - [NUDE][TRAIN] Epoch 12/100 Iter 380/390 Loss 0.3740 Top1 87.21 Top5 99.57
2025-12-31 10:33:38,280 - INFO  - [NUDE] Validate: force max bit-width W/A = 6
2025-12-31 10:33:40,602 - INFO  - [NUDE][EPOCH] 12/100 Train: Top1=87.24 Top5=99.57 Loss=0.3734 | Val(EMA): Top1=41.55
2025-12-31 10:33:40,602 - INFO  -   ⏱️  本Epoch耗时: 1分58秒 | 平均Epoch耗时: 1分58秒 | 剩余Epoch数: 87
2025-12-31 10:33:40,602 - INFO  -   📅 预估剩余时间: 2小时51分51秒 | 预估完成时间: 2025-12-31 13:25:32
2025-12-31 10:33:41,261 - INFO  - ([13] Epoch) Saving checkpoint to:
             Current: /root/autodl-tmp/retraining-free-quantization/training/r18_c10_nude_0.021_all_bits_orth_double/r18_c10_nude_0.021_all_bits_orth_double_checkpoint.pth.tar

2025-12-31 10:33:41,264 - INFO  - 🎲 Epoch 13: FaultInjector seed rotated to 55
2025-12-31 10:33:41,272 - INFO  - [NUDE] Epoch 13: force max bit-width W/A = 6
2025-12-31 10:33:41,272 - INFO  - ================================================================================
2025-12-31 10:33:41,272 - INFO  - 🔥 [NUDE] BFAT ACTIVE
2025-12-31 10:33:41,272 - INFO  -    Loss Type: direct_ce
2025-12-31 10:33:41,272 - INFO  -    Proj Mode: orthogonal
2025-12-31 10:33:41,272 - INFO  -    Injection: All Bits
2025-12-31 10:33:41,272 - INFO  - ================================================================================
2025-12-31 10:33:47,453 - INFO  - [NUDE][TRAIN] Epoch 13/100 Iter 20/390 Loss 0.3587 Top1 88.20 Top5 99.45
2025-12-31 10:33:53,446 - INFO  - [NUDE][TRAIN] Epoch 13/100 Iter 40/390 Loss 0.3444 Top1 88.28 Top5 99.53
2025-12-31 10:33:59,282 - INFO  - [NUDE][TRAIN] Epoch 13/100 Iter 60/390 Loss 0.3564 Top1 87.76 Top5 99.56
2025-12-31 10:34:05,271 - INFO  - [NUDE][TRAIN] Epoch 13/100 Iter 80/390 Loss 0.3499 Top1 88.12 Top5 99.56
2025-12-31 10:34:11,116 - INFO  - [NUDE][TRAIN] Epoch 13/100 Iter 100/390 Loss 0.3473 Top1 88.25 Top5 99.58
2025-12-31 10:34:17,146 - INFO  - [NUDE][TRAIN] Epoch 13/100 Iter 120/390 Loss 0.3514 Top1 88.11 Top5 99.60
2025-12-31 10:34:23,151 - INFO  - [NUDE][TRAIN] Epoch 13/100 Iter 140/390 Loss 0.3534 Top1 88.03 Top5 99.59
2025-12-31 10:34:29,066 - INFO  - [NUDE][TRAIN] Epoch 13/100 Iter 160/390 Loss 0.3505 Top1 88.06 Top5 99.59
2025-12-31 10:34:35,027 - INFO  - [NUDE][TRAIN] Epoch 13/100 Iter 180/390 Loss 0.3516 Top1 88.00 Top5 99.60
2025-12-31 10:34:40,837 - INFO  - [NUDE][TRAIN] Epoch 13/100 Iter 200/390 Loss 0.3507 Top1 88.04 Top5 99.61
2025-12-31 10:34:46,772 - INFO  - [NUDE][TRAIN] Epoch 13/100 Iter 220/390 Loss 0.3493 Top1 88.10 Top5 99.62
2025-12-31 10:34:52,773 - INFO  - [NUDE][TRAIN] Epoch 13/100 Iter 240/390 Loss 0.3486 Top1 88.11 Top5 99.62
2025-12-31 10:34:58,647 - INFO  - [NUDE][TRAIN] Epoch 13/100 Iter 260/390 Loss 0.3500 Top1 88.04 Top5 99.62
2025-12-31 10:35:05,006 - INFO  - [NUDE][TRAIN] Epoch 13/100 Iter 280/390 Loss 0.3505 Top1 88.01 Top5 99.62
2025-12-31 10:35:11,421 - INFO  - [NUDE][TRAIN] Epoch 13/100 Iter 300/390 Loss 0.3493 Top1 88.06 Top5 99.62
2025-12-31 10:35:17,418 - INFO  - [NUDE][TRAIN] Epoch 13/100 Iter 320/390 Loss 0.3497 Top1 88.02 Top5 99.61
2025-12-31 10:35:23,363 - INFO  - [NUDE][TRAIN] Epoch 13/100 Iter 340/390 Loss 0.3481 Top1 88.12 Top5 99.60
2025-12-31 10:35:29,247 - INFO  - [NUDE][TRAIN] Epoch 13/100 Iter 360/390 Loss 0.3474 Top1 88.13 Top5 99.61
2025-12-31 10:35:35,191 - INFO  - [NUDE][TRAIN] Epoch 13/100 Iter 380/390 Loss 0.3462 Top1 88.19 Top5 99.61
2025-12-31 10:35:38,171 - INFO  - [NUDE] Validate: force max bit-width W/A = 6
2025-12-31 10:35:40,479 - INFO  - [NUDE][EPOCH] 13/100 Train: Top1=88.18 Top5=99.61 Loss=0.3472 | Val(EMA): Top1=48.87
2025-12-31 10:35:40,479 - INFO  -   ⏱️  本Epoch耗时: 1分59秒 | 平均Epoch耗时: 1分58秒 | 剩余Epoch数: 86
2025-12-31 10:35:40,479 - INFO  -   📅 预估剩余时间: 2小时49分58秒 | 预估完成时间: 2025-12-31 13:25:39
2025-12-31 10:35:41,118 - INFO  - ([14] Epoch) Saving checkpoint to:
             Current: /root/autodl-tmp/retraining-free-quantization/training/r18_c10_nude_0.021_all_bits_orth_double/r18_c10_nude_0.021_all_bits_orth_double_checkpoint.pth.tar

2025-12-31 10:35:41,121 - INFO  - 🎲 Epoch 14: FaultInjector seed rotated to 56
2025-12-31 10:35:41,129 - INFO  - [NUDE] Epoch 14: force max bit-width W/A = 6
2025-12-31 10:35:41,129 - INFO  - ================================================================================
2025-12-31 10:35:41,129 - INFO  - 🔥 [NUDE] BFAT ACTIVE
2025-12-31 10:35:41,129 - INFO  -    Loss Type: direct_ce
2025-12-31 10:35:41,129 - INFO  -    Proj Mode: orthogonal
2025-12-31 10:35:41,130 - INFO  -    Injection: All Bits
2025-12-31 10:35:41,130 - INFO  - ================================================================================
2025-12-31 10:35:47,643 - INFO  - [NUDE][TRAIN] Epoch 14/100 Iter 20/390 Loss 0.2826 Top1 91.02 Top5 99.73
2025-12-31 10:35:53,551 - INFO  - [NUDE][TRAIN] Epoch 14/100 Iter 40/390 Loss 0.3017 Top1 90.10 Top5 99.77
2025-12-31 10:35:59,462 - INFO  - [NUDE][TRAIN] Epoch 14/100 Iter 60/390 Loss 0.3120 Top1 89.75 Top5 99.69
2025-12-31 10:36:05,440 - INFO  - [NUDE][TRAIN] Epoch 14/100 Iter 80/390 Loss 0.3091 Top1 89.71 Top5 99.71
2025-12-31 10:36:11,324 - INFO  - [NUDE][TRAIN] Epoch 14/100 Iter 100/390 Loss 0.3072 Top1 89.60 Top5 99.70
2025-12-31 10:36:17,241 - INFO  - [NUDE][TRAIN] Epoch 14/100 Iter 120/390 Loss 0.3086 Top1 89.45 Top5 99.73
2025-12-31 10:36:23,156 - INFO  - [NUDE][TRAIN] Epoch 14/100 Iter 140/390 Loss 0.3089 Top1 89.43 Top5 99.74
2025-12-31 10:36:29,035 - INFO  - [NUDE][TRAIN] Epoch 14/100 Iter 160/390 Loss 0.3102 Top1 89.37 Top5 99.75
2025-12-31 10:36:34,985 - INFO  - [NUDE][TRAIN] Epoch 14/100 Iter 180/390 Loss 0.3113 Top1 89.39 Top5 99.74
2025-12-31 10:36:40,897 - INFO  - [NUDE][TRAIN] Epoch 14/100 Iter 200/390 Loss 0.3147 Top1 89.27 Top5 99.72
2025-12-31 10:36:46,893 - INFO  - [NUDE][TRAIN] Epoch 14/100 Iter 220/390 Loss 0.3152 Top1 89.23 Top5 99.72
2025-12-31 10:36:52,874 - INFO  - [NUDE][TRAIN] Epoch 14/100 Iter 240/390 Loss 0.3181 Top1 89.10 Top5 99.71
2025-12-31 10:36:58,782 - INFO  - [NUDE][TRAIN] Epoch 14/100 Iter 260/390 Loss 0.3203 Top1 89.01 Top5 99.71
2025-12-31 10:37:04,769 - INFO  - [NUDE][TRAIN] Epoch 14/100 Iter 280/390 Loss 0.3205 Top1 88.97 Top5 99.71
2025-12-31 10:37:10,642 - INFO  - [NUDE][TRAIN] Epoch 14/100 Iter 300/390 Loss 0.3202 Top1 88.99 Top5 99.71
2025-12-31 10:37:16,697 - INFO  - [NUDE][TRAIN] Epoch 14/100 Iter 320/390 Loss 0.3208 Top1 88.96 Top5 99.71
2025-12-31 10:37:22,674 - INFO  - [NUDE][TRAIN] Epoch 14/100 Iter 340/390 Loss 0.3216 Top1 88.92 Top5 99.71
2025-12-31 10:37:28,526 - INFO  - [NUDE][TRAIN] Epoch 14/100 Iter 360/390 Loss 0.3213 Top1 88.96 Top5 99.71
2025-12-31 10:37:34,471 - INFO  - [NUDE][TRAIN] Epoch 14/100 Iter 380/390 Loss 0.3224 Top1 88.93 Top5 99.71
2025-12-31 10:37:37,483 - INFO  - [NUDE] Validate: force max bit-width W/A = 6
2025-12-31 10:37:39,777 - INFO  - [NUDE][EPOCH] 14/100 Train: Top1=88.93 Top5=99.71 Loss=0.3219 | Val(EMA): Top1=56.06
2025-12-31 10:37:39,778 - INFO  -   ⏱️  本Epoch耗时: 1分58秒 | 平均Epoch耗时: 1分58秒 | 剩余Epoch数: 85
2025-12-31 10:37:39,778 - INFO  -   📅 预估剩余时间: 2小时47分59秒 | 预估完成时间: 2025-12-31 13:25:39
2025-12-31 10:37:40,427 - INFO  - ([15] Epoch) Saving checkpoint to:
             Current: /root/autodl-tmp/retraining-free-quantization/training/r18_c10_nude_0.021_all_bits_orth_double/r18_c10_nude_0.021_all_bits_orth_double_checkpoint.pth.tar

2025-12-31 10:37:40,430 - INFO  - 🎲 Epoch 15: FaultInjector seed rotated to 57
2025-12-31 10:37:40,438 - INFO  - [NUDE] Epoch 15: force max bit-width W/A = 6
2025-12-31 10:37:40,438 - INFO  - ================================================================================
2025-12-31 10:37:40,438 - INFO  - 🔥 [NUDE] BFAT ACTIVE
2025-12-31 10:37:40,438 - INFO  -    Loss Type: direct_ce
2025-12-31 10:37:40,438 - INFO  -    Proj Mode: orthogonal
2025-12-31 10:37:40,438 - INFO  -    Injection: All Bits
2025-12-31 10:37:40,438 - INFO  - ================================================================================
2025-12-31 10:37:46,625 - INFO  - [NUDE][TRAIN] Epoch 15/100 Iter 20/390 Loss 0.2804 Top1 90.82 Top5 99.84
2025-12-31 10:37:53,065 - INFO  - [NUDE][TRAIN] Epoch 15/100 Iter 40/390 Loss 0.2989 Top1 90.20 Top5 99.75
2025-12-31 10:37:58,892 - INFO  - [NUDE][TRAIN] Epoch 15/100 Iter 60/390 Loss 0.3011 Top1 90.00 Top5 99.78
2025-12-31 10:38:04,778 - INFO  - [NUDE][TRAIN] Epoch 15/100 Iter 80/390 Loss 0.3058 Top1 89.75 Top5 99.68
2025-12-31 10:38:10,612 - INFO  - [NUDE][TRAIN] Epoch 15/100 Iter 100/390 Loss 0.3052 Top1 89.66 Top5 99.71
2025-12-31 10:38:16,573 - INFO  - [NUDE][TRAIN] Epoch 15/100 Iter 120/390 Loss 0.3056 Top1 89.62 Top5 99.71
2025-12-31 10:38:22,543 - INFO  - [NUDE][TRAIN] Epoch 15/100 Iter 140/390 Loss 0.3028 Top1 89.67 Top5 99.71
2025-12-31 10:38:28,411 - INFO  - [NUDE][TRAIN] Epoch 15/100 Iter 160/390 Loss 0.3044 Top1 89.51 Top5 99.72
2025-12-31 10:38:34,395 - INFO  - [NUDE][TRAIN] Epoch 15/100 Iter 180/390 Loss 0.3003 Top1 89.63 Top5 99.74
2025-12-31 10:38:40,415 - INFO  - [NUDE][TRAIN] Epoch 15/100 Iter 200/390 Loss 0.2996 Top1 89.68 Top5 99.74
2025-12-31 10:38:46,286 - INFO  - [NUDE][TRAIN] Epoch 15/100 Iter 220/390 Loss 0.3007 Top1 89.60 Top5 99.73
2025-12-31 10:38:52,246 - INFO  - [NUDE][TRAIN] Epoch 15/100 Iter 240/390 Loss 0.3034 Top1 89.51 Top5 99.72
2025-12-31 10:38:58,131 - INFO  - [NUDE][TRAIN] Epoch 15/100 Iter 260/390 Loss 0.3034 Top1 89.53 Top5 99.72
2025-12-31 10:39:04,163 - INFO  - [NUDE][TRAIN] Epoch 15/100 Iter 280/390 Loss 0.3044 Top1 89.48 Top5 99.73
2025-12-31 10:39:10,096 - INFO  - [NUDE][TRAIN] Epoch 15/100 Iter 300/390 Loss 0.3040 Top1 89.50 Top5 99.73
2025-12-31 10:39:16,018 - INFO  - [NUDE][TRAIN] Epoch 15/100 Iter 320/390 Loss 0.3047 Top1 89.49 Top5 99.73
2025-12-31 10:39:21,959 - INFO  - [NUDE][TRAIN] Epoch 15/100 Iter 340/390 Loss 0.3054 Top1 89.46 Top5 99.73
2025-12-31 10:39:27,838 - INFO  - [NUDE][TRAIN] Epoch 15/100 Iter 360/390 Loss 0.3056 Top1 89.47 Top5 99.73
2025-12-31 10:39:33,813 - INFO  - [NUDE][TRAIN] Epoch 15/100 Iter 380/390 Loss 0.3063 Top1 89.42 Top5 99.73
2025-12-31 10:39:36,794 - INFO  - [NUDE] Validate: force max bit-width W/A = 6
2025-12-31 10:39:39,130 - INFO  - [NUDE][EPOCH] 15/100 Train: Top1=89.42 Top5=99.73 Loss=0.3063 | Val(EMA): Top1=63.71
2025-12-31 10:39:39,130 - INFO  -   ⏱️  本Epoch耗时: 1分58秒 | 平均Epoch耗时: 1分58秒 | 剩余Epoch数: 84
2025-12-31 10:39:39,130 - INFO  -   📅 预估剩余时间: 2小时45分57秒 | 预估完成时间: 2025-12-31 13:25:36
2025-12-31 10:39:39,917 - INFO  - ([16] Epoch) Saving checkpoint to:
             Current: /root/autodl-tmp/retraining-free-quantization/training/r18_c10_nude_0.021_all_bits_orth_double/r18_c10_nude_0.021_all_bits_orth_double_checkpoint.pth.tar

2025-12-31 10:39:39,920 - INFO  - 🎲 Epoch 16: FaultInjector seed rotated to 58
2025-12-31 10:39:39,928 - INFO  - [NUDE] Epoch 16: force max bit-width W/A = 6
2025-12-31 10:39:39,928 - INFO  - ================================================================================
2025-12-31 10:39:39,928 - INFO  - 🔥 [NUDE] BFAT ACTIVE
2025-12-31 10:39:39,928 - INFO  -    Loss Type: direct_ce
2025-12-31 10:39:39,928 - INFO  -    Proj Mode: orthogonal
2025-12-31 10:39:39,928 - INFO  -    Injection: All Bits
2025-12-31 10:39:39,928 - INFO  - ================================================================================
2025-12-31 10:39:45,918 - INFO  - [NUDE][TRAIN] Epoch 16/100 Iter 20/390 Loss 0.2803 Top1 90.27 Top5 99.84
2025-12-31 10:39:51,836 - INFO  - [NUDE][TRAIN] Epoch 16/100 Iter 40/390 Loss 0.2784 Top1 90.16 Top5 99.71
2025-12-31 10:39:57,684 - INFO  - [NUDE][TRAIN] Epoch 16/100 Iter 60/390 Loss 0.2800 Top1 90.26 Top5 99.69
2025-12-31 10:40:03,638 - INFO  - [NUDE][TRAIN] Epoch 16/100 Iter 80/390 Loss 0.2781 Top1 90.34 Top5 99.77
2025-12-31 10:40:09,593 - INFO  - [NUDE][TRAIN] Epoch 16/100 Iter 100/390 Loss 0.2735 Top1 90.35 Top5 99.77
2025-12-31 10:40:15,445 - INFO  - [NUDE][TRAIN] Epoch 16/100 Iter 120/390 Loss 0.2825 Top1 90.10 Top5 99.78
2025-12-31 10:40:21,425 - INFO  - [NUDE][TRAIN] Epoch 16/100 Iter 140/390 Loss 0.2846 Top1 90.10 Top5 99.78
2025-12-31 10:40:27,309 - INFO  - [NUDE][TRAIN] Epoch 16/100 Iter 160/390 Loss 0.2850 Top1 90.04 Top5 99.76
2025-12-31 10:40:33,311 - INFO  - [NUDE][TRAIN] Epoch 16/100 Iter 180/390 Loss 0.2866 Top1 90.00 Top5 99.77
2025-12-31 10:40:39,272 - INFO  - [NUDE][TRAIN] Epoch 16/100 Iter 200/390 Loss 0.2845 Top1 90.08 Top5 99.78
2025-12-31 10:40:45,160 - INFO  - [NUDE][TRAIN] Epoch 16/100 Iter 220/390 Loss 0.2848 Top1 90.10 Top5 99.76
2025-12-31 10:40:51,107 - INFO  - [NUDE][TRAIN] Epoch 16/100 Iter 240/390 Loss 0.2869 Top1 90.07 Top5 99.74
2025-12-31 10:40:56,995 - INFO  - [NUDE][TRAIN] Epoch 16/100 Iter 260/390 Loss 0.2851 Top1 90.19 Top5 99.75
2025-12-31 10:41:02,979 - INFO  - [NUDE][TRAIN] Epoch 16/100 Iter 280/390 Loss 0.2875 Top1 90.06 Top5 99.74
2025-12-31 10:41:08,943 - INFO  - [NUDE][TRAIN] Epoch 16/100 Iter 300/390 Loss 0.2889 Top1 90.03 Top5 99.74
2025-12-31 10:41:14,807 - INFO  - [NUDE][TRAIN] Epoch 16/100 Iter 320/390 Loss 0.2891 Top1 90.03 Top5 99.75
2025-12-31 10:41:20,766 - INFO  - [NUDE][TRAIN] Epoch 16/100 Iter 340/390 Loss 0.2912 Top1 89.99 Top5 99.75
2025-12-31 10:41:26,607 - INFO  - [NUDE][TRAIN] Epoch 16/100 Iter 360/390 Loss 0.2911 Top1 90.01 Top5 99.74
2025-12-31 10:41:32,542 - INFO  - [NUDE][TRAIN] Epoch 16/100 Iter 380/390 Loss 0.2907 Top1 90.00 Top5 99.74
2025-12-31 10:41:35,528 - INFO  - [NUDE] Validate: force max bit-width W/A = 6
2025-12-31 10:41:37,953 - INFO  - [NUDE][EPOCH] 16/100 Train: Top1=90.02 Top5=99.75 Loss=0.2905 | Val(EMA): Top1=70.49
2025-12-31 10:41:37,954 - INFO  -   ⏱️  本Epoch耗时: 1分58秒 | 平均Epoch耗时: 1分58秒 | 剩余Epoch数: 83
2025-12-31 10:41:37,954 - INFO  -   📅 预估剩余时间: 2小时44分0秒 | 预估完成时间: 2025-12-31 13:25:38
2025-12-31 10:41:38,778 - INFO  - ([17] Epoch) Saving checkpoint to:
             Current: /root/autodl-tmp/retraining-free-quantization/training/r18_c10_nude_0.021_all_bits_orth_double/r18_c10_nude_0.021_all_bits_orth_double_checkpoint.pth.tar

2025-12-31 10:41:38,781 - INFO  - 🎲 Epoch 17: FaultInjector seed rotated to 59
2025-12-31 10:41:38,789 - INFO  - [NUDE] Epoch 17: force max bit-width W/A = 6
2025-12-31 10:41:38,789 - INFO  - ================================================================================
2025-12-31 10:41:38,789 - INFO  - 🔥 [NUDE] BFAT ACTIVE
2025-12-31 10:41:38,789 - INFO  -    Loss Type: direct_ce
2025-12-31 10:41:38,789 - INFO  -    Proj Mode: orthogonal
2025-12-31 10:41:38,789 - INFO  -    Injection: All Bits
2025-12-31 10:41:38,789 - INFO  - ================================================================================
2025-12-31 10:41:44,983 - INFO  - [NUDE][TRAIN] Epoch 17/100 Iter 20/390 Loss 0.2521 Top1 91.29 Top5 99.77
2025-12-31 10:41:52,335 - INFO  - [NUDE][TRAIN] Epoch 17/100 Iter 40/390 Loss 0.2612 Top1 90.92 Top5 99.77
2025-12-31 10:41:59,590 - INFO  - [NUDE][TRAIN] Epoch 17/100 Iter 60/390 Loss 0.2596 Top1 90.98 Top5 99.78
2025-12-31 10:42:06,777 - INFO  - [NUDE][TRAIN] Epoch 17/100 Iter 80/390 Loss 0.2637 Top1 90.73 Top5 99.80
2025-12-31 10:42:12,794 - INFO  - [NUDE][TRAIN] Epoch 17/100 Iter 100/390 Loss 0.2651 Top1 90.74 Top5 99.79
2025-12-31 10:42:18,730 - INFO  - [NUDE][TRAIN] Epoch 17/100 Iter 120/390 Loss 0.2674 Top1 90.74 Top5 99.76
2025-12-31 10:42:26,136 - INFO  - [NUDE][TRAIN] Epoch 17/100 Iter 140/390 Loss 0.2699 Top1 90.66 Top5 99.76
2025-12-31 10:42:32,428 - INFO  - [NUDE][TRAIN] Epoch 17/100 Iter 160/390 Loss 0.2710 Top1 90.65 Top5 99.76
2025-12-31 10:42:38,962 - INFO  - [NUDE][TRAIN] Epoch 17/100 Iter 180/390 Loss 0.2727 Top1 90.68 Top5 99.77
2025-12-31 10:42:45,444 - INFO  - [NUDE][TRAIN] Epoch 17/100 Iter 200/390 Loss 0.2741 Top1 90.62 Top5 99.77
2025-12-31 10:42:51,661 - INFO  - [NUDE][TRAIN] Epoch 17/100 Iter 220/390 Loss 0.2731 Top1 90.63 Top5 99.77
2025-12-31 10:42:58,113 - INFO  - [NUDE][TRAIN] Epoch 17/100 Iter 240/390 Loss 0.2756 Top1 90.55 Top5 99.78
2025-12-31 10:43:04,322 - INFO  - [NUDE][TRAIN] Epoch 17/100 Iter 260/390 Loss 0.2735 Top1 90.63 Top5 99.77
2025-12-31 10:43:10,746 - INFO  - [NUDE][TRAIN] Epoch 17/100 Iter 280/390 Loss 0.2760 Top1 90.56 Top5 99.77
2025-12-31 10:43:16,886 - INFO  - [NUDE][TRAIN] Epoch 17/100 Iter 300/390 Loss 0.2755 Top1 90.56 Top5 99.76
2025-12-31 10:43:23,226 - INFO  - [NUDE][TRAIN] Epoch 17/100 Iter 320/390 Loss 0.2745 Top1 90.59 Top5 99.77
2025-12-31 10:43:30,145 - INFO  - [NUDE][TRAIN] Epoch 17/100 Iter 340/390 Loss 0.2743 Top1 90.58 Top5 99.76
2025-12-31 10:43:36,777 - INFO  - [NUDE][TRAIN] Epoch 17/100 Iter 360/390 Loss 0.2743 Top1 90.57 Top5 99.76
2025-12-31 10:43:43,170 - INFO  - [NUDE][TRAIN] Epoch 17/100 Iter 380/390 Loss 0.2744 Top1 90.56 Top5 99.76
2025-12-31 10:43:46,357 - INFO  - [NUDE] Validate: force max bit-width W/A = 6
2025-12-31 10:43:48,841 - INFO  - [NUDE][EPOCH] 17/100 Train: Top1=90.53 Top5=99.76 Loss=0.2753 | Val(EMA): Top1=76.21
2025-12-31 10:43:48,841 - INFO  -   ⏱️  本Epoch耗时: 2分10秒 | 平均Epoch耗时: 2分0秒 | 剩余Epoch数: 82
2025-12-31 10:43:48,842 - INFO  -   📅 预估剩余时间: 2小时45分16秒 | 预估完成时间: 2025-12-31 13:29:05
2025-12-31 10:43:49,661 - INFO  - ([18] Epoch) Saving checkpoint to:
             Current: /root/autodl-tmp/retraining-free-quantization/training/r18_c10_nude_0.021_all_bits_orth_double/r18_c10_nude_0.021_all_bits_orth_double_checkpoint.pth.tar

2025-12-31 10:43:49,664 - INFO  - 🎲 Epoch 18: FaultInjector seed rotated to 60
2025-12-31 10:43:49,673 - INFO  - [NUDE] Epoch 18: force max bit-width W/A = 6
2025-12-31 10:43:49,673 - INFO  - ================================================================================
2025-12-31 10:43:49,673 - INFO  - 🔥 [NUDE] BFAT ACTIVE
2025-12-31 10:43:49,673 - INFO  -    Loss Type: direct_ce
2025-12-31 10:43:49,673 - INFO  -    Proj Mode: orthogonal
2025-12-31 10:43:49,673 - INFO  -    Injection: All Bits
2025-12-31 10:43:49,673 - INFO  - ================================================================================
2025-12-31 10:43:56,246 - INFO  - [NUDE][TRAIN] Epoch 18/100 Iter 20/390 Loss 0.2268 Top1 91.80 Top5 99.92
2025-12-31 10:44:02,676 - INFO  - [NUDE][TRAIN] Epoch 18/100 Iter 40/390 Loss 0.2360 Top1 91.74 Top5 99.86
2025-12-31 10:44:08,931 - INFO  - [NUDE][TRAIN] Epoch 18/100 Iter 60/390 Loss 0.2417 Top1 91.54 Top5 99.86
2025-12-31 10:44:15,250 - INFO  - [NUDE][TRAIN] Epoch 18/100 Iter 80/390 Loss 0.2429 Top1 91.53 Top5 99.85
2025-12-31 10:44:21,715 - INFO  - [NUDE][TRAIN] Epoch 18/100 Iter 100/390 Loss 0.2447 Top1 91.42 Top5 99.85
2025-12-31 10:44:28,166 - INFO  - [NUDE][TRAIN] Epoch 18/100 Iter 120/390 Loss 0.2457 Top1 91.35 Top5 99.83
2025-12-31 10:44:35,038 - INFO  - [NUDE][TRAIN] Epoch 18/100 Iter 140/390 Loss 0.2472 Top1 91.37 Top5 99.82
2025-12-31 10:44:41,254 - INFO  - [NUDE][TRAIN] Epoch 18/100 Iter 160/390 Loss 0.2472 Top1 91.44 Top5 99.83
2025-12-31 10:44:47,615 - INFO  - [NUDE][TRAIN] Epoch 18/100 Iter 180/390 Loss 0.2493 Top1 91.40 Top5 99.84
2025-12-31 10:44:54,191 - INFO  - [NUDE][TRAIN] Epoch 18/100 Iter 200/390 Loss 0.2519 Top1 91.32 Top5 99.83
2025-12-31 10:45:00,150 - INFO  - [NUDE][TRAIN] Epoch 18/100 Iter 220/390 Loss 0.2525 Top1 91.31 Top5 99.82
2025-12-31 10:45:06,529 - INFO  - [NUDE][TRAIN] Epoch 18/100 Iter 240/390 Loss 0.2534 Top1 91.30 Top5 99.82
2025-12-31 10:45:12,778 - INFO  - [NUDE][TRAIN] Epoch 18/100 Iter 260/390 Loss 0.2512 Top1 91.39 Top5 99.82
2025-12-31 10:45:19,320 - INFO  - [NUDE][TRAIN] Epoch 18/100 Iter 280/390 Loss 0.2523 Top1 91.35 Top5 99.81
2025-12-31 10:45:25,873 - INFO  - [NUDE][TRAIN] Epoch 18/100 Iter 300/390 Loss 0.2522 Top1 91.39 Top5 99.81
2025-12-31 10:45:32,463 - INFO  - [NUDE][TRAIN] Epoch 18/100 Iter 320/390 Loss 0.2545 Top1 91.30 Top5 99.81
2025-12-31 10:45:38,969 - INFO  - [NUDE][TRAIN] Epoch 18/100 Iter 340/390 Loss 0.2548 Top1 91.27 Top5 99.81
2025-12-31 10:45:45,182 - INFO  - [NUDE][TRAIN] Epoch 18/100 Iter 360/390 Loss 0.2548 Top1 91.24 Top5 99.80
2025-12-31 10:45:51,509 - INFO  - [NUDE][TRAIN] Epoch 18/100 Iter 380/390 Loss 0.2558 Top1 91.24 Top5 99.79
2025-12-31 10:45:54,840 - INFO  - [NUDE] Validate: force max bit-width W/A = 6
2025-12-31 10:45:57,309 - INFO  - [NUDE][EPOCH] 18/100 Train: Top1=91.21 Top5=99.79 Loss=0.2568 | Val(EMA): Top1=79.68
2025-12-31 10:45:57,309 - INFO  -   ⏱️  本Epoch耗时: 2分7秒 | 平均Epoch耗时: 2分2秒 | 剩余Epoch数: 81
2025-12-31 10:45:57,309 - INFO  -   📅 预估剩余时间: 2小时45分32秒 | 预估完成时间: 2025-12-31 13:31:29
2025-12-31 10:45:58,195 - INFO  - ([19] Epoch) Saving checkpoint to:
             Current: /root/autodl-tmp/retraining-free-quantization/training/r18_c10_nude_0.021_all_bits_orth_double/r18_c10_nude_0.021_all_bits_orth_double_checkpoint.pth.tar

2025-12-31 10:45:58,198 - INFO  - 🎲 Epoch 19: FaultInjector seed rotated to 61
2025-12-31 10:45:58,207 - INFO  - [NUDE] Epoch 19: force max bit-width W/A = 6
2025-12-31 10:45:58,207 - INFO  - ================================================================================
2025-12-31 10:45:58,207 - INFO  - 🔥 [NUDE] BFAT ACTIVE
2025-12-31 10:45:58,207 - INFO  -    Loss Type: direct_ce
2025-12-31 10:45:58,207 - INFO  -    Proj Mode: orthogonal
2025-12-31 10:45:58,207 - INFO  -    Injection: All Bits
2025-12-31 10:45:58,207 - INFO  - ================================================================================
2025-12-31 10:46:04,839 - INFO  - [NUDE][TRAIN] Epoch 19/100 Iter 20/390 Loss 0.2332 Top1 91.64 Top5 99.77
2025-12-31 10:46:11,236 - INFO  - [NUDE][TRAIN] Epoch 19/100 Iter 40/390 Loss 0.2405 Top1 91.52 Top5 99.82
2025-12-31 10:46:17,490 - INFO  - [NUDE][TRAIN] Epoch 19/100 Iter 60/390 Loss 0.2454 Top1 91.35 Top5 99.82
2025-12-31 10:46:23,892 - INFO  - [NUDE][TRAIN] Epoch 19/100 Iter 80/390 Loss 0.2395 Top1 91.51 Top5 99.82
2025-12-31 10:46:30,239 - INFO  - [NUDE][TRAIN] Epoch 19/100 Iter 100/390 Loss 0.2408 Top1 91.49 Top5 99.83
2025-12-31 10:46:36,470 - INFO  - [NUDE][TRAIN] Epoch 19/100 Iter 120/390 Loss 0.2432 Top1 91.43 Top5 99.84
2025-12-31 10:46:42,696 - INFO  - [NUDE][TRAIN] Epoch 19/100 Iter 140/390 Loss 0.2440 Top1 91.44 Top5 99.84
2025-12-31 10:46:48,709 - INFO  - [NUDE][TRAIN] Epoch 19/100 Iter 160/390 Loss 0.2423 Top1 91.46 Top5 99.83
2025-12-31 10:46:54,968 - INFO  - [NUDE][TRAIN] Epoch 19/100 Iter 180/390 Loss 0.2414 Top1 91.54 Top5 99.82
2025-12-31 10:47:01,438 - INFO  - [NUDE][TRAIN] Epoch 19/100 Iter 200/390 Loss 0.2427 Top1 91.47 Top5 99.83
2025-12-31 10:47:07,717 - INFO  - [NUDE][TRAIN] Epoch 19/100 Iter 220/390 Loss 0.2431 Top1 91.45 Top5 99.83
2025-12-31 10:47:14,083 - INFO  - [NUDE][TRAIN] Epoch 19/100 Iter 240/390 Loss 0.2436 Top1 91.44 Top5 99.83
2025-12-31 10:47:20,294 - INFO  - [NUDE][TRAIN] Epoch 19/100 Iter 260/390 Loss 0.2455 Top1 91.42 Top5 99.83
2025-12-31 10:47:26,663 - INFO  - [NUDE][TRAIN] Epoch 19/100 Iter 280/390 Loss 0.2471 Top1 91.40 Top5 99.83
2025-12-31 10:47:33,020 - INFO  - [NUDE][TRAIN] Epoch 19/100 Iter 300/390 Loss 0.2479 Top1 91.38 Top5 99.82
2025-12-31 10:47:39,282 - INFO  - [NUDE][TRAIN] Epoch 19/100 Iter 320/390 Loss 0.2470 Top1 91.37 Top5 99.82
2025-12-31 10:47:45,639 - INFO  - [NUDE][TRAIN] Epoch 19/100 Iter 340/390 Loss 0.2473 Top1 91.36 Top5 99.82
2025-12-31 10:47:51,902 - INFO  - [NUDE][TRAIN] Epoch 19/100 Iter 360/390 Loss 0.2466 Top1 91.36 Top5 99.82
2025-12-31 10:47:58,657 - INFO  - [NUDE][TRAIN] Epoch 19/100 Iter 380/390 Loss 0.2470 Top1 91.34 Top5 99.83
2025-12-31 10:48:01,837 - INFO  - [NUDE] Validate: force max bit-width W/A = 6
2025-12-31 10:48:04,323 - INFO  - [NUDE][EPOCH] 19/100 Train: Top1=91.32 Top5=99.82 Loss=0.2475 | Val(EMA): Top1=82.78
2025-12-31 10:48:04,323 - INFO  -   ⏱️  本Epoch耗时: 2分6秒 | 平均Epoch耗时: 2分4秒 | 剩余Epoch数: 80
2025-12-31 10:48:04,324 - INFO  -   📅 预估剩余时间: 2小时45分29秒 | 预估完成时间: 2025-12-31 13:33:33
2025-12-31 10:48:05,106 - INFO  - ([20] Epoch) Saving checkpoint to:
             Current: /root/autodl-tmp/retraining-free-quantization/training/r18_c10_nude_0.021_all_bits_orth_double/r18_c10_nude_0.021_all_bits_orth_double_checkpoint.pth.tar

2025-12-31 10:48:05,109 - INFO  - 🎲 Epoch 20: FaultInjector seed rotated to 62
2025-12-31 10:48:05,120 - INFO  - [NUDE] Epoch 20: force max bit-width W/A = 6
2025-12-31 10:48:05,121 - INFO  - ================================================================================
2025-12-31 10:48:05,121 - INFO  - 🔥 [NUDE] BFAT ACTIVE
2025-12-31 10:48:05,121 - INFO  -    Loss Type: direct_ce
2025-12-31 10:48:05,121 - INFO  -    Proj Mode: orthogonal
2025-12-31 10:48:05,121 - INFO  -    Injection: All Bits
2025-12-31 10:48:05,121 - INFO  - ================================================================================
2025-12-31 10:48:11,602 - INFO  - [NUDE][TRAIN] Epoch 20/100 Iter 20/390 Loss 0.2317 Top1 91.48 Top5 99.80
2025-12-31 10:48:17,983 - INFO  - [NUDE][TRAIN] Epoch 20/100 Iter 40/390 Loss 0.2310 Top1 91.72 Top5 99.79
2025-12-31 10:48:24,130 - INFO  - [NUDE][TRAIN] Epoch 20/100 Iter 60/390 Loss 0.2264 Top1 92.11 Top5 99.80
2025-12-31 10:48:30,459 - INFO  - [NUDE][TRAIN] Epoch 20/100 Iter 80/390 Loss 0.2286 Top1 91.89 Top5 99.84
2025-12-31 10:48:36,974 - INFO  - [NUDE][TRAIN] Epoch 20/100 Iter 100/390 Loss 0.2333 Top1 91.77 Top5 99.80
2025-12-31 10:48:43,270 - INFO  - [NUDE][TRAIN] Epoch 20/100 Iter 120/390 Loss 0.2348 Top1 91.74 Top5 99.80
2025-12-31 10:48:50,255 - INFO  - [NUDE][TRAIN] Epoch 20/100 Iter 140/390 Loss 0.2326 Top1 91.85 Top5 99.80
2025-12-31 10:48:56,472 - INFO  - [NUDE][TRAIN] Epoch 20/100 Iter 160/390 Loss 0.2312 Top1 91.95 Top5 99.80
2025-12-31 10:49:02,850 - INFO  - [NUDE][TRAIN] Epoch 20/100 Iter 180/390 Loss 0.2315 Top1 91.96 Top5 99.80
2025-12-31 10:49:09,324 - INFO  - [NUDE][TRAIN] Epoch 20/100 Iter 200/390 Loss 0.2317 Top1 91.93 Top5 99.81
2025-12-31 10:49:15,985 - INFO  - [NUDE][TRAIN] Epoch 20/100 Iter 220/390 Loss 0.2290 Top1 92.04 Top5 99.83
2025-12-31 10:49:22,426 - INFO  - [NUDE][TRAIN] Epoch 20/100 Iter 240/390 Loss 0.2305 Top1 91.96 Top5 99.82
2025-12-31 10:49:28,610 - INFO  - [NUDE][TRAIN] Epoch 20/100 Iter 260/390 Loss 0.2341 Top1 91.84 Top5 99.82
2025-12-31 10:49:35,022 - INFO  - [NUDE][TRAIN] Epoch 20/100 Iter 280/390 Loss 0.2346 Top1 91.81 Top5 99.82
