2026-01-03 07:18:29,705 - INFO  - Log file for this run: /workspace/FATBETA/training/mobilenetv2_cifar_nude_qat/mobilenetv2_cifar_nude_qat.log
2026-01-03 07:18:29,710 - INFO  - TensorBoard data directory: /workspace/FATBETA/training/mobilenetv2_cifar_nude_qat/tb_runs
2026-01-03 07:18:29,711 - INFO  - Copied code file: main_nude.py
2026-01-03 07:18:29,711 - INFO  - Copied code file: policy.py
2026-01-03 07:18:29,711 - INFO  - Copied code file: process_nude.py
2026-01-03 07:18:29,712 - INFO  - Copied code file: FAULT_INJECTION_SIMPLE_EXAMPLE.py
2026-01-03 07:18:29,712 - INFO  - Copied code file: func.py
2026-01-03 07:18:29,712 - INFO  - Copied code file: __init__.py
2026-01-03 07:18:29,713 - INFO  - Copied code file: quantizer.py
2026-01-03 07:18:29,713 - INFO  - Copied code file: lsq.py
2026-01-03 07:18:29,713 - INFO  - Code backup completed. Code saved to: /workspace/FATBETA/training/mobilenetv2_cifar_nude_qat/code/quan/quantizer
2026-01-03 07:18:29,713 - INFO  - Copied code file: utils.py
2026-01-03 07:18:29,713 - INFO  - Copied code file: __init__.py
2026-01-03 07:18:29,713 - INFO  - Code backup completed. Code saved to: /workspace/FATBETA/training/mobilenetv2_cifar_nude_qat/code/quan
2026-01-03 07:18:29,714 - INFO  - Copied code file: train_rl_restorer_with_enhanced_features.py
2026-01-03 07:18:29,714 - INFO  - Copied code file: example_rl_restorer.py
2026-01-03 07:18:29,715 - INFO  - Code backup completed. Code saved to: /workspace/FATBETA/training/mobilenetv2_cifar_nude_qat/code/logs/restorer_pipeline
2026-01-03 07:18:29,715 - INFO  - Code backup completed. Code saved to: /workspace/FATBETA/training/mobilenetv2_cifar_nude_qat/code/logs/sensitive_layer_sets
2026-01-03 07:18:29,715 - INFO  - Code backup completed. Code saved to: /workspace/FATBETA/training/mobilenetv2_cifar_nude_qat/code/logs
2026-01-03 07:18:29,715 - INFO  - Code backup completed. Code saved to: /workspace/FATBETA/training/mobilenetv2_cifar_nude_qat/code/configs/restorer
2026-01-03 07:18:29,715 - INFO  - Code backup completed. Code saved to: /workspace/FATBETA/training/mobilenetv2_cifar_nude_qat/code/configs
2026-01-03 07:18:29,715 - INFO  - Copied code file: test_resnet18_skip_msb.py
2026-01-03 07:18:29,716 - INFO  - Copied code file: process_olm_fat.py
2026-01-03 07:18:29,716 - INFO  - Copied code file: debug_baseline_test.py
2026-01-03 07:18:29,716 - INFO  - Copied code file: process_pretrain.py
2026-01-03 07:18:29,716 - INFO  - Copied code file: train_sensitive_restorer_distill.py
2026-01-03 07:18:29,717 - INFO  - Copied code file: policy.py
2026-01-03 07:18:29,717 - INFO  - Copied code file: mainalex.py
2026-01-03 07:18:29,717 - INFO  - Copied code file: func.py
2026-01-03 07:18:29,717 - INFO  - Copied code file: __init__.py
2026-01-03 07:18:29,718 - INFO  - Copied code file: quantizer.py
2026-01-03 07:18:29,718 - INFO  - Copied code file: lsq.py
2026-01-03 07:18:29,718 - INFO  - Code backup completed. Code saved to: /workspace/FATBETA/training/mobilenetv2_cifar_nude_qat/code/error_find/quan/quantizer
2026-01-03 07:18:29,718 - INFO  - Copied code file: utils.py
2026-01-03 07:18:29,718 - INFO  - Copied code file: __init__.py
2026-01-03 07:18:29,718 - INFO  - Code backup completed. Code saved to: /workspace/FATBETA/training/mobilenetv2_cifar_nude_qat/code/error_find/quan
2026-01-03 07:18:29,719 - INFO  - Code backup completed. Code saved to: /workspace/FATBETA/training/mobilenetv2_cifar_nude_qat/code/error_find/logs
2026-01-03 07:18:29,719 - INFO  - Code backup completed. Code saved to: /workspace/FATBETA/training/mobilenetv2_cifar_nude_qat/code/error_find/configs
2026-01-03 07:18:29,719 - INFO  - Copied code file: ver_test.py
2026-01-03 07:18:29,719 - INFO  - Copied code file: process.py
2026-01-03 07:18:29,719 - INFO  - Copied code file: traincube.py
2026-01-03 07:18:29,720 - INFO  - Copied code file: ctl_factory.py
2026-01-03 07:18:29,720 - INFO  - Copied code file: scheduler.py
2026-01-03 07:18:29,720 - INFO  - Copied code file: train_epoch_bsam.py
2026-01-03 07:18:29,720 - INFO  - Copied code file: bsam.py
2026-01-03 07:18:29,720 - INFO  - Copied code file: __init__.py
2026-01-03 07:18:29,721 - INFO  - Copied code file: train_bsam_quan.py
2026-01-03 07:18:29,721 - INFO  - Code backup completed. Code saved to: /workspace/FATBETA/training/mobilenetv2_cifar_nude_qat/code/error_find/bsam_quan_src
2026-01-03 07:18:29,721 - INFO  - Copied code file: main.py
2026-01-03 07:18:29,721 - INFO  - Copied code file: qbsam.py
2026-01-03 07:18:29,721 - INFO  - Copied code file: cubesam.py
2026-01-03 07:18:29,722 - INFO  - Copied code file: __init__.py
2026-01-03 07:18:29,722 - INFO  - Code backup completed. Code saved to: /workspace/FATBETA/training/mobilenetv2_cifar_nude_qat/code/error_find/scalablewp
2026-01-03 07:18:29,722 - INFO  - Copied code file: model.py
2026-01-03 07:18:29,722 - INFO  - Copied code file: mobilenetv2.py
2026-01-03 07:18:29,722 - INFO  - Copied code file: resnet.py
2026-01-03 07:18:29,723 - INFO  - Copied code file: __init__.py
2026-01-03 07:18:29,723 - INFO  - Copied code file: alexnet.py
2026-01-03 07:18:29,723 - INFO  - Code backup completed. Code saved to: /workspace/FATBETA/training/mobilenetv2_cifar_nude_qat/code/error_find/model
2026-01-03 07:18:29,723 - INFO  - Copied code file: evolution_search.py
2026-01-03 07:18:29,723 - INFO  - Copied code file: fi.py
2026-01-03 07:18:29,723 - INFO  - Copied code file: monitor.py
2026-01-03 07:18:29,724 - INFO  - Copied code file: model_ema.py
2026-01-03 07:18:29,724 - INFO  - Copied code file: loss_ops.py
2026-01-03 07:18:29,724 - INFO  - Copied code file: weight_schd.py
2026-01-03 07:18:29,724 - INFO  - Copied code file: dist.py
2026-01-03 07:18:29,725 - INFO  - Copied code file: utils.py
2026-01-03 07:18:29,725 - INFO  - Copied code file: data_loader.py
2026-01-03 07:18:29,725 - INFO  - Copied code file: random_search.py
2026-01-03 07:18:29,725 - INFO  - Copied code file: config.py
2026-01-03 07:18:29,725 - INFO  - Copied code file: checkpoint.py
2026-01-03 07:18:29,726 - INFO  - Copied code file: mpq.py
2026-01-03 07:18:29,726 - INFO  - Copied code file: __init__.py
2026-01-03 07:18:29,726 - INFO  - Copied code file: qat.py
2026-01-03 07:18:29,726 - INFO  - Copied code file: greedy_search.py
2026-01-03 07:18:29,726 - INFO  - Copied code file: searcher.py
2026-01-03 07:18:29,726 - INFO  - Code backup completed. Code saved to: /workspace/FATBETA/training/mobilenetv2_cifar_nude_qat/code/error_find/util
2026-01-03 07:18:29,727 - INFO  - Code backup completed. Code saved to: /workspace/FATBETA/training/mobilenetv2_cifar_nude_qat/code/error_find
2026-01-03 07:18:29,727 - INFO  - Copied code file: test_floating_point.py
2026-01-03 07:18:29,727 - INFO  - Copied code file: test_fault_injection_verbose.py
2026-01-03 07:18:29,727 - INFO  - Copied code file: analyze_w2a6_real_reason.py
2026-01-03 07:18:29,727 - INFO  - Copied code file: analyze_bit_width_impact.py
2026-01-03 07:18:29,728 - INFO  - Copied code file: main_normal.py
2026-01-03 07:18:29,728 - INFO  - Copied code file: test_gradient_preservation.py
2026-01-03 07:18:29,728 - INFO  - Code backup completed. Code saved to: /workspace/FATBETA/training/mobilenetv2_cifar_nude_qat/code/visualizations/fault_activation_features_0_ber1e1
2026-01-03 07:18:29,728 - INFO  - Code backup completed. Code saved to: /workspace/FATBETA/training/mobilenetv2_cifar_nude_qat/code/visualizations/fault_activation_features_0
2026-01-03 07:18:29,728 - INFO  - Code backup completed. Code saved to: /workspace/FATBETA/training/mobilenetv2_cifar_nude_qat/code/visualizations
2026-01-03 07:18:29,728 - INFO  - Copied code file: quick_test_gradient_restorer.py
2026-01-03 07:18:29,729 - INFO  - Copied code file: example_rl_restorer_integration.py
2026-01-03 07:18:29,729 - INFO  - Copied code file: test_gray_code_fault_injection.py
2026-01-03 07:18:29,729 - INFO  - Copied code file: eval_gradient_statistics_restorer.py
2026-01-03 07:18:29,729 - INFO  - Copied code file: analyze_srqat_scale_weight_norms.py
2026-01-03 07:18:29,730 - INFO  - Copied code file: analyze_multi_bit_sensitivity.py
2026-01-03 07:18:29,730 - INFO  - Copied code file: train_olm_encoder_hybrid.py
2026-01-03 07:18:29,730 - INFO  - Copied code file: train_olm_encoder_enhanced.py
2026-01-03 07:18:29,730 - INFO  - Copied code file: diagnose_corrector_gap.py
2026-01-03 07:18:29,731 - INFO  - Copied code file: test_search_olm_from_checkpoint.py
2026-01-03 07:18:29,731 - INFO  - Copied code file: test_bit_range_fault_injection.py
2026-01-03 07:18:29,731 - INFO  - Copied code file: analyze_layerwise_activation_drift.py
2026-01-03 07:18:29,731 - INFO  - Copied code file: train_sensitive_repair_head.py
2026-01-03 07:18:29,732 - INFO  - Copied code file: train_olm_encoder_improved_v2.py
2026-01-03 07:18:29,732 - INFO  - Copied code file: sweep_srqat.py
2026-01-03 07:18:29,732 - INFO  - Copied code file: compare_models_activation_drift.py
2026-01-03 07:18:29,732 - INFO  - Copied code file: analyze_single_layer_fault_impact.py
2026-01-03 07:18:29,732 - INFO  - Copied code file: eval_sensitive_restorer.py
2026-01-03 07:18:29,733 - INFO  - Copied code file: test_olm_fault_injection.py
2026-01-03 07:18:29,733 - INFO  - Copied code file: train_olm_encoder_improved.py
2026-01-03 07:18:29,733 - INFO  - Copied code file: analyze_corrector_logits.py
2026-01-03 07:18:29,733 - INFO  - Copied code file: test_hybrid_olm_fault_injection.py
2026-01-03 07:18:29,734 - INFO  - Copied code file: verify_dec2_fault_injector.py
2026-01-03 07:18:29,734 - INFO  - Copied code file: analyze_layer_sensitivity.py
2026-01-03 07:18:29,734 - INFO  - Copied code file: train_learning_repair_head.py
2026-01-03 07:18:29,734 - INFO  - Copied code file: test_olm_layer_name_check.py
2026-01-03 07:18:29,734 - INFO  - Copied code file: train_olm_encoder.py
2026-01-03 07:18:29,735 - INFO  - Copied code file: eval_sensitive_layer_sets.py
2026-01-03 07:18:29,735 - INFO  - Copied code file: verify_dec2_olm_fault_injection.py
2026-01-03 07:18:29,735 - INFO  - Copied code file: compare_old_new_fault_injector.py
2026-01-03 07:18:29,735 - INFO  - Copied code file: calculate_weight_flip_probability.py
2026-01-03 07:18:29,736 - INFO  - Copied code file: plot_activation_drift_paper.py
2026-01-03 07:18:29,736 - INFO  - Copied code file: export_srqat_penalty_stats.py
2026-01-03 07:18:29,736 - INFO  - Copied code file: collect_layer_statistics.py
2026-01-03 07:18:29,736 - INFO  - Copied code file: analyze_fault_propagation.py
2026-01-03 07:18:29,736 - INFO  - Copied code file: test_fault_injection_baseline_resnet18.py
2026-01-03 07:18:29,737 - INFO  - Copied code file: test_fault_injector.py
2026-01-03 07:18:29,737 - INFO  - Copied code file: test_learnable_olm_vs_traditional_olm.py
2026-01-03 07:18:29,737 - INFO  - Copied code file: test_learnable_olm_consistency.py
2026-01-03 07:18:29,737 - INFO  - Copied code file: visualize_fault_activation.py
2026-01-03 07:18:29,738 - INFO  - Copied code file: analyze_olm_differences.py
2026-01-03 07:18:29,738 - INFO  - Copied code file: test_bit7_flip_direction.py
2026-01-03 07:18:29,738 - INFO  - Copied code file: train_olm_encoder_partial_bits.py
2026-01-03 07:18:29,738 - INFO  - Copied code file: test_fault_injection_baseline.py
2026-01-03 07:18:29,739 - INFO  - Copied code file: sweep_resnet18_srqat.py
2026-01-03 07:18:29,739 - INFO  - Copied code file: compare_lsq_scales_with_checkpoint.py
2026-01-03 07:18:29,739 - INFO  - Copied code file: eval_with_fault_injection.py
2026-01-03 07:18:29,739 - INFO  - Copied code file: plot_weight_distribution_violin.py
2026-01-03 07:18:29,739 - INFO  - Copied code file: compare_olm_vs_gray_code.py
2026-01-03 07:18:29,740 - INFO  - Copied code file: train_olm_encoder_hybrid_v2.py
2026-01-03 07:18:29,740 - INFO  - Code backup completed. Code saved to: /workspace/FATBETA/training/mobilenetv2_cifar_nude_qat/code/tools
2026-01-03 07:18:29,740 - INFO  - Copied code file: example_enhanced_features.py
2026-01-03 07:18:29,740 - INFO  - Copied code file: process.py
2026-01-03 07:18:29,740 - INFO  - Copied code file: test_ber_verification.py
2026-01-03 07:18:29,741 - INFO  - Copied code file: test_json_config_loading.py
2026-01-03 07:18:29,741 - INFO  - Copied code file: main_olm_fat.py
2026-01-03 07:18:29,741 - INFO  - Copied code file: process_sam.py
2026-01-03 07:18:29,741 - INFO  - Copied code file: main.py
2026-01-03 07:18:29,742 - INFO  - Code backup completed. Code saved to: /workspace/FATBETA/training/mobilenetv2_cifar_nude_qat/code/sensitive_training/alexnet_cifar10_sensitive_stage2_transformer/tb_runs
2026-01-03 07:18:29,742 - INFO  - Code backup completed. Code saved to: /workspace/FATBETA/training/mobilenetv2_cifar_nude_qat/code/sensitive_training/alexnet_cifar10_sensitive_stage2_transformer
2026-01-03 07:18:29,742 - INFO  - Code backup completed. Code saved to: /workspace/FATBETA/training/mobilenetv2_cifar_nude_qat/code/sensitive_training/alexnet_cifar10_sensitive_stage2/tb_runs
2026-01-03 07:18:29,742 - INFO  - Code backup completed. Code saved to: /workspace/FATBETA/training/mobilenetv2_cifar_nude_qat/code/sensitive_training/alexnet_cifar10_sensitive_stage2
2026-01-03 07:18:29,742 - INFO  - Code backup completed. Code saved to: /workspace/FATBETA/training/mobilenetv2_cifar_nude_qat/code/sensitive_training
2026-01-03 07:18:29,742 - INFO  - Copied code file: debug_fault_injection_detailed.py
2026-01-03 07:18:29,742 - INFO  - Code backup completed. Code saved to: /workspace/FATBETA/training/mobilenetv2_cifar_nude_qat/code/.cursor
2026-01-03 07:18:29,743 - INFO  - Copied code file: test_baseline_fault_tolerance.py
2026-01-03 07:18:29,743 - INFO  - Copied code file: compare_scripts.py
2026-01-03 07:18:29,743 - INFO  - Code backup completed. Code saved to: /workspace/FATBETA/training/mobilenetv2_cifar_nude_qat/code/docs
2026-01-03 07:18:29,743 - INFO  - Code backup completed. Code saved to: /workspace/FATBETA/training/mobilenetv2_cifar_nude_qat/code/analysis/resnet18_ls0_drift_ber3e2
2026-01-03 07:18:29,743 - INFO  - Code backup completed. Code saved to: /workspace/FATBETA/training/mobilenetv2_cifar_nude_qat/code/analysis/srqat_drift
2026-01-03 07:18:29,743 - INFO  - Code backup completed. Code saved to: /workspace/FATBETA/training/mobilenetv2_cifar_nude_qat/code/analysis/resnet18_ls1e7_drift_ber3e2
2026-01-03 07:18:29,743 - INFO  - Code backup completed. Code saved to: /workspace/FATBETA/training/mobilenetv2_cifar_nude_qat/code/analysis/clean120_drift
2026-01-03 07:18:29,744 - INFO  - Code backup completed. Code saved to: /workspace/FATBETA/training/mobilenetv2_cifar_nude_qat/code/analysis/resnet18_paper_figs
2026-01-03 07:18:29,744 - INFO  - Code backup completed. Code saved to: /workspace/FATBETA/training/mobilenetv2_cifar_nude_qat/code/analysis/comparison_srqat
2026-01-03 07:18:29,744 - INFO  - Code backup completed. Code saved to: /workspace/FATBETA/training/mobilenetv2_cifar_nude_qat/code/analysis/comparison
2026-01-03 07:18:29,744 - INFO  - Code backup completed. Code saved to: /workspace/FATBETA/training/mobilenetv2_cifar_nude_qat/code/analysis/resnet18_drift_compare_ber3e2
2026-01-03 07:18:29,744 - INFO  - Code backup completed. Code saved to: /workspace/FATBETA/training/mobilenetv2_cifar_nude_qat/code/analysis/paper_figs
2026-01-03 07:18:29,744 - INFO  - Code backup completed. Code saved to: /workspace/FATBETA/training/mobilenetv2_cifar_nude_qat/code/analysis/srqat_ls0_drift
2026-01-03 07:18:29,744 - INFO  - Code backup completed. Code saved to: /workspace/FATBETA/training/mobilenetv2_cifar_nude_qat/code/analysis
2026-01-03 07:18:29,744 - INFO  - Copied code file: alexnet_cifar.py
2026-01-03 07:18:29,745 - INFO  - Copied code file: model.py
2026-01-03 07:18:29,745 - INFO  - Copied code file: mobilenetv2.py
2026-01-03 07:18:29,745 - INFO  - Copied code file: resnet_cifar.py
2026-01-03 07:18:29,745 - INFO  - Copied code file: __init__.py
2026-01-03 07:18:29,745 - INFO  - Copied code file: mobilenetv2_cifar.py
2026-01-03 07:18:29,746 - INFO  - Code backup completed. Code saved to: /workspace/FATBETA/training/mobilenetv2_cifar_nude_qat/code/model
2026-01-03 07:18:29,746 - INFO  - Copied code file: analyze_w2a6_slowdown.py
2026-01-03 07:18:29,746 - INFO  - Copied code file: main_pretrain.py
2026-01-03 07:18:29,746 - INFO  - Copied code file: test_fault_injection_seed_logic.py
2026-01-03 07:18:29,746 - INFO  - Copied code file: evolution_search.py
2026-01-03 07:18:29,747 - INFO  - Copied code file: process_normal.py
2026-01-03 07:18:29,747 - INFO  - Copied code file: run_fault_tolerance_test.py
2026-01-03 07:18:29,747 - INFO  - Copied code file: resnet18_ber_sweep_msb.py
2026-01-03 07:18:29,747 - INFO  - Code backup completed. Code saved to: /workspace/FATBETA/training/mobilenetv2_cifar_nude_qat/code/scripts
2026-01-03 07:18:29,747 - INFO  - Copied code file: test_fault_injection_debug.py
2026-01-03 07:18:29,748 - INFO  - Copied code file: train_sensitive_restorer.py
2026-01-03 07:18:29,748 - INFO  - Copied code file: monitor.py
2026-01-03 07:18:29,748 - INFO  - Copied code file: model_ema.py
2026-01-03 07:18:29,748 - INFO  - Copied code file: loss_ops.py
2026-01-03 07:18:29,749 - INFO  - Copied code file: intermediate_restorer_trainer.py
2026-01-03 07:18:29,749 - INFO  - Copied code file: sensitive_features.py
2026-01-03 07:18:29,749 - INFO  - Copied code file: intermediate_layer_restorer.py
2026-01-03 07:18:29,749 - INFO  - Copied code file: rl_intermediate_layer_restorer.py
2026-01-03 07:18:29,749 - INFO  - Copied code file: rl_restorer_lightweight.py
2026-01-03 07:18:29,750 - INFO  - Copied code file: weight_schd.py
2026-01-03 07:18:29,750 - INFO  - Copied code file: olm_encoder.py
2026-01-03 07:18:29,750 - INFO  - Copied code file: intermediate_restorer_integration.py
2026-01-03 07:18:29,750 - INFO  - Copied code file: learnable_olm.py
2026-01-03 07:18:29,751 - INFO  - Copied code file: efficient_hybrid_olm_optimizer.py
2026-01-03 07:18:29,751 - INFO  - Copied code file: lsq_sam.py
2026-01-03 07:18:29,751 - INFO  - Copied code file: hybrid_olm_optimizer.py
2026-01-03 07:18:29,751 - INFO  - Copied code file: integer_inn_encoder.py
2026-01-03 07:18:29,751 - INFO  - Copied code file: gradient_statistics_restorer.py
2026-01-03 07:18:29,752 - INFO  - Copied code file: dist.py
2026-01-03 07:18:29,752 - INFO  - Copied code file: utils.py
2026-01-03 07:18:29,752 - INFO  - Copied code file: layerwise_rl_restorer.py
2026-01-03 07:18:29,752 - INFO  - Copied code file: fault_injector.py
2026-01-03 07:18:29,753 - INFO  - Copied code file: data_loader.py
2026-01-03 07:18:29,753 - INFO  - Copied code file: random_search.py
2026-01-03 07:18:29,753 - INFO  - Copied code file: bsam.py
2026-01-03 07:18:29,753 - INFO  - Copied code file: improved_olm_encoder_genetic.py
2026-01-03 07:18:29,753 - INFO  - Copied code file: config.py
2026-01-03 07:18:29,754 - INFO  - Copied code file: checkpoint.py
2026-01-03 07:18:29,754 - INFO  - Copied code file: sensitive_restorer_v2.py
2026-01-03 07:18:29,754 - INFO  - Copied code file: fault_injector_question.py
2026-01-03 07:18:29,755 - INFO  - Copied code file: mpq.py
2026-01-03 07:18:29,755 - INFO  - Copied code file: progressive_ber_scheduler.py
2026-01-03 07:18:29,755 - INFO  - Copied code file: sensitive_restorer.py
2026-01-03 07:18:29,755 - INFO  - Copied code file: __init__.py
2026-01-03 07:18:29,756 - INFO  - Copied code file: improved_olm_encoder.py
2026-01-03 07:18:29,756 - INFO  - Copied code file: rl_restorer.py
2026-01-03 07:18:29,756 - INFO  - Copied code file: improved_olm_encoder_v2.py
2026-01-03 07:18:29,756 - INFO  - Copied code file: qat.py
2026-01-03 07:18:29,756 - INFO  - Copied code file: enhanced_feature_extractor.py
2026-01-03 07:18:29,757 - INFO  - Copied code file: output_corrector.py
2026-01-03 07:18:29,757 - INFO  - Copied code file: rl_restorer_trainer.py
2026-01-03 07:18:29,757 - INFO  - Copied code file: greedy_search.py
2026-01-03 07:18:29,757 - INFO  - Copied code file: rl_intermediate_restorer_integration.py
2026-01-03 07:18:29,758 - INFO  - Copied code file: sensitive_layer_restorer.py
2026-01-03 07:18:29,758 - INFO  - Copied code file: search_olm_manager.py
2026-01-03 07:18:29,758 - INFO  - Copied code file: searcher.py
2026-01-03 07:18:29,758 - INFO  - Copied code file: olm_encoder_enhanced.py
2026-01-03 07:18:29,759 - INFO  - Copied code file: sensitive_restorer_transformer.py
2026-01-03 07:18:29,759 - INFO  - Copied code file: rl_restorer_integration.py
2026-01-03 07:18:29,759 - INFO  - Code backup completed. Code saved to: /workspace/FATBETA/training/mobilenetv2_cifar_nude_qat/code/util
2026-01-03 07:18:29,759 - INFO  - Copied code file: test_baseline_fault_tolerance_simple.py
2026-01-03 07:18:29,759 - INFO  - Code backup completed. Code saved to: /workspace/FATBETA/training/mobilenetv2_cifar_nude_qat/code
2026-01-03 07:18:29,965 - INFO  - Created `mobilenet_v2_cifar` model for `cifar10` dataset (num_classes=10)
          Use pre-trained model = False
2026-01-03 07:18:30,901 - INFO  - Ignoring 265 missing optional buffers/parameters that were added after checkpoint was saved:
2026-01-03 07:18:30,901 - INFO  -   - features.0.0.current_bit_cands
2026-01-03 07:18:30,902 - INFO  -   - features.0.0.quan_w_fn.s
2026-01-03 07:18:30,902 - INFO  -   - features.0.0.quan_w_fn.init_state
2026-01-03 07:18:30,902 - INFO  -   - features.0.0.quan_a_fn.s
2026-01-03 07:18:30,902 - INFO  -   - features.0.0.quan_a_fn.init_state
2026-01-03 07:18:30,902 - INFO  -   ... and 260 more
2026-01-03 07:18:30,902 - INFO  - Note: Missing quantizer parameters (quan_*.s, init_state) will be auto-initialized during forward pass
2026-01-03 07:18:30,931 - INFO  - Loaded checkpoint mobilenet_v2_cifar model (next epoch 0) from training/mobilenetv2_cifar_pretrain/mobilenetv2_cifar_pretrain_best.pth.tar
2026-01-03 07:18:30,937 - INFO  - [NUDE] Initializing model at max target bit-width: 6
2026-01-03 07:18:31,805 - INFO  - [NUDE] Broadcasting initialized parameters and buffers to all ranks...
2026-01-03 07:18:34,741 - INFO  - [DEBUG] Dataloaders initialized: train=97, val=97, test=20
2026-01-03 07:18:34,741 - INFO  - [NUDE] Force training only max(target_bits)=6 (no nr_random_sample)
2026-01-03 07:18:34,801 - INFO  - [NUDE] Epoch 0: force max bit-width W/A = 6
2026-01-03 07:19:07,752 - INFO  - [NUDE][TRAIN] Epoch 0/100 Iter 50/97 Loss 0.9976 Top1 79.38 Top5 97.98
2026-01-03 07:19:37,179 - INFO  - [NUDE] Validate: force max bit-width W/A = 6
2026-01-03 07:19:38,702 - INFO  - [NUDE][EPOCH] 0/100 Train: Top1=82.03 Top5=98.50 Loss=0.9341 | Val(EMA): Top1=9.55 | LR: 0.000100 QLR: 0.000010
2026-01-03 07:19:38,702 - INFO  -   ⏱️  本Epoch耗时: 1分3秒 | 平均Epoch耗时: 1分3秒 | 剩余Epoch数: 99
2026-01-03 07:19:38,702 - INFO  -   📅 预估剩余时间: 1小时45分30秒 | 预估完成时间: 2026-01-03 09:05:08
2026-01-03 07:19:39,891 - INFO  - ([1] Epoch) Saving checkpoint to:
             Current: /workspace/FATBETA/training/mobilenetv2_cifar_nude_qat/mobilenetv2_cifar_nude_qat_checkpoint.pth.tar

2026-01-03 07:19:39,927 - INFO  - [NUDE] Epoch 1: force max bit-width W/A = 6
2026-01-03 07:20:13,826 - INFO  - [NUDE][TRAIN] Epoch 1/100 Iter 50/97 Loss 0.7206 Top1 91.02 Top5 99.75
2026-01-03 07:20:44,278 - INFO  - [NUDE] Validate: force max bit-width W/A = 6
2026-01-03 07:20:45,445 - INFO  - [NUDE][EPOCH] 1/100 Train: Top1=92.26 Top5=99.84 Loss=0.6902 | Val(EMA): Top1=10.01 | LR: 0.002080 QLR: 0.000010
2026-01-03 07:20:45,445 - INFO  -   ⏱️  本Epoch耗时: 1分5秒 | 平均Epoch耗时: 1分4秒 | 剩余Epoch数: 98
2026-01-03 07:20:45,445 - INFO  -   📅 预估剩余时间: 1小时45分44秒 | 预估完成时间: 2026-01-03 09:06:30
2026-01-03 07:20:46,845 - INFO  - ([2] Epoch) Saving checkpoint to:
             Current: /workspace/FATBETA/training/mobilenetv2_cifar_nude_qat/mobilenetv2_cifar_nude_qat_checkpoint.pth.tar

2026-01-03 07:20:46,879 - INFO  - [NUDE] Epoch 2: force max bit-width W/A = 6
2026-01-03 07:21:20,381 - INFO  - [NUDE][TRAIN] Epoch 2/100 Iter 50/97 Loss 0.6194 Top1 95.38 Top5 99.95
2026-01-03 07:21:50,964 - INFO  - [NUDE] Validate: force max bit-width W/A = 6
2026-01-03 07:21:52,057 - INFO  - [NUDE][EPOCH] 2/100 Train: Top1=95.73 Top5=99.96 Loss=0.6099 | Val(EMA): Top1=9.49 | LR: 0.004060 QLR: 0.000010
2026-01-03 07:21:52,058 - INFO  -   ⏱️  本Epoch耗时: 1分5秒 | 平均Epoch耗时: 1分4秒 | 剩余Epoch数: 97
2026-01-03 07:21:52,058 - INFO  -   📅 预估剩余时间: 1小时44分54秒 | 预估完成时间: 2026-01-03 09:06:47
2026-01-03 07:21:53,221 - INFO  - ([3] Epoch) Saving checkpoint to:
             Current: /workspace/FATBETA/training/mobilenetv2_cifar_nude_qat/mobilenetv2_cifar_nude_qat_checkpoint.pth.tar

2026-01-03 07:21:53,261 - INFO  - [NUDE] Epoch 3: force max bit-width W/A = 6
2026-01-03 07:22:26,538 - INFO  - [NUDE][TRAIN] Epoch 3/100 Iter 50/97 Loss 0.5822 Top1 97.00 Top5 99.99
2026-01-03 07:22:58,066 - INFO  - [NUDE] Validate: force max bit-width W/A = 6
2026-01-03 07:22:59,193 - INFO  - [NUDE][EPOCH] 3/100 Train: Top1=97.06 Top5=99.99 Loss=0.5799 | Val(EMA): Top1=10.18 | LR: 0.006040 QLR: 0.000010
2026-01-03 07:22:59,193 - INFO  -   ⏱️  本Epoch耗时: 1分5秒 | 平均Epoch耗时: 1分5秒 | 剩余Epoch数: 96
2026-01-03 07:22:59,193 - INFO  -   📅 预估剩余时间: 1小时44分15秒 | 预估完成时间: 2026-01-03 09:07:14
2026-01-03 07:23:00,425 - INFO  - ([4] Epoch) Saving checkpoint to:
             Current: /workspace/FATBETA/training/mobilenetv2_cifar_nude_qat/mobilenetv2_cifar_nude_qat_checkpoint.pth.tar

2026-01-03 07:23:00,465 - INFO  - [NUDE] Epoch 4: force max bit-width W/A = 6
2026-01-03 07:23:33,440 - INFO  - [NUDE][TRAIN] Epoch 4/100 Iter 50/97 Loss 0.5641 Top1 97.77 Top5 99.98
2026-01-03 07:24:04,514 - INFO  - [NUDE] Validate: force max bit-width W/A = 6
2026-01-03 07:24:05,614 - INFO  - [NUDE][EPOCH] 4/100 Train: Top1=97.73 Top5=99.98 Loss=0.5640 | Val(EMA): Top1=9.77 | LR: 0.008020 QLR: 0.000010
2026-01-03 07:24:05,614 - INFO  -   ⏱️  本Epoch耗时: 1分5秒 | 平均Epoch耗时: 1分5秒 | 剩余Epoch数: 95
2026-01-03 07:24:05,614 - INFO  -   📅 预估剩余时间: 1小时43分10秒 | 预估完成时间: 2026-01-03 09:07:16
2026-01-03 07:24:06,908 - INFO  - ([5] Epoch) Saving checkpoint to:
             Current: /workspace/FATBETA/training/mobilenetv2_cifar_nude_qat/mobilenetv2_cifar_nude_qat_checkpoint.pth.tar

2026-01-03 07:24:06,947 - INFO  - [NUDE] Epoch 5: force max bit-width W/A = 6
2026-01-03 07:24:40,581 - INFO  - [NUDE][TRAIN] Epoch 5/100 Iter 50/97 Loss 0.5538 Top1 98.15 Top5 99.98
2026-01-03 07:25:11,568 - INFO  - [NUDE] Validate: force max bit-width W/A = 6
2026-01-03 07:25:12,736 - INFO  - [NUDE][EPOCH] 5/100 Train: Top1=98.02 Top5=99.99 Loss=0.5551 | Val(EMA): Top1=10.43 | LR: 0.009939 QLR: 0.000010
2026-01-03 07:25:12,737 - INFO  -   ⏱️  本Epoch耗时: 1分5秒 | 平均Epoch耗时: 1分5秒 | 剩余Epoch数: 94
2026-01-03 07:25:12,737 - INFO  -   📅 预估剩余时间: 1小时42分40秒 | 预估完成时间: 2026-01-03 09:07:53
2026-01-03 07:25:13,897 - INFO  - ([6] Epoch) Saving checkpoint to:
             Current: /workspace/FATBETA/training/mobilenetv2_cifar_nude_qat/mobilenetv2_cifar_nude_qat_checkpoint.pth.tar

2026-01-03 07:25:13,935 - INFO  - [NUDE] Epoch 6: force max bit-width W/A = 6
2026-01-03 07:25:46,798 - INFO  - [NUDE][TRAIN] Epoch 6/100 Iter 50/97 Loss 0.5479 Top1 98.35 Top5 99.99
2026-01-03 07:26:17,243 - INFO  - [NUDE] Validate: force max bit-width W/A = 6
2026-01-03 07:26:18,400 - INFO  - [NUDE][EPOCH] 6/100 Train: Top1=98.37 Top5=99.99 Loss=0.5469 | Val(EMA): Top1=11.11 | LR: 0.009912 QLR: 0.000010
2026-01-03 07:26:18,400 - INFO  -   ⏱️  本Epoch耗时: 1分4秒 | 平均Epoch耗时: 1分5秒 | 剩余Epoch数: 93
2026-01-03 07:26:18,400 - INFO  -   📅 预估剩余时间: 1小时41分15秒 | 预估完成时间: 2026-01-03 09:07:34
2026-01-03 07:26:19,609 - INFO  - ([7] Epoch) Saving checkpoint to:
             Current: /workspace/FATBETA/training/mobilenetv2_cifar_nude_qat/mobilenetv2_cifar_nude_qat_checkpoint.pth.tar

2026-01-03 07:26:19,647 - INFO  - [NUDE] Epoch 7: force max bit-width W/A = 6
2026-01-03 07:26:52,163 - INFO  - [NUDE][TRAIN] Epoch 7/100 Iter 50/97 Loss 0.5408 Top1 98.61 Top5 99.99
2026-01-03 07:27:24,679 - INFO  - [NUDE] Validate: force max bit-width W/A = 6
2026-01-03 07:27:25,758 - INFO  - [NUDE][EPOCH] 7/100 Train: Top1=98.53 Top5=99.99 Loss=0.5417 | Val(EMA): Top1=10.11 | LR: 0.009880 QLR: 0.000010
2026-01-03 07:27:25,759 - INFO  -   ⏱️  本Epoch耗时: 1分6秒 | 平均Epoch耗时: 1分5秒 | 剩余Epoch数: 92
2026-01-03 07:27:25,759 - INFO  -   📅 预估剩余时间: 1小时40分27秒 | 预估完成时间: 2026-01-03 09:07:53
2026-01-03 07:27:26,953 - INFO  - ([8] Epoch) Saving checkpoint to:
             Current: /workspace/FATBETA/training/mobilenetv2_cifar_nude_qat/mobilenetv2_cifar_nude_qat_checkpoint.pth.tar

2026-01-03 07:27:26,991 - INFO  - [NUDE] Epoch 8: force max bit-width W/A = 6
2026-01-03 07:28:00,223 - INFO  - [NUDE][TRAIN] Epoch 8/100 Iter 50/97 Loss 0.5329 Top1 99.00 Top5 99.99
2026-01-03 07:28:30,580 - INFO  - [NUDE] Validate: force max bit-width W/A = 6
2026-01-03 07:28:31,708 - INFO  - [NUDE][EPOCH] 8/100 Train: Top1=99.00 Top5=99.99 Loss=0.5324 | Val(EMA): Top1=10.50 | LR: 0.009843 QLR: 0.000010
2026-01-03 07:28:31,708 - INFO  -   ⏱️  本Epoch耗时: 1分4秒 | 平均Epoch耗时: 1分5秒 | 剩余Epoch数: 91
2026-01-03 07:28:31,708 - INFO  -   📅 预估剩余时间: 1小时39分0秒 | 预估完成时间: 2026-01-03 09:07:31
2026-01-03 07:28:32,904 - INFO  - ([9] Epoch) Saving checkpoint to:
             Current: /workspace/FATBETA/training/mobilenetv2_cifar_nude_qat/mobilenetv2_cifar_nude_qat_checkpoint.pth.tar

2026-01-03 07:28:32,937 - INFO  - [NUDE] Epoch 9: force max bit-width W/A = 6
2026-01-03 07:29:05,205 - INFO  - [NUDE][TRAIN] Epoch 9/100 Iter 50/97 Loss 0.5294 Top1 99.00 Top5 100.00
2026-01-03 07:29:36,401 - INFO  - [NUDE] Validate: force max bit-width W/A = 6
2026-01-03 07:29:37,497 - INFO  - [NUDE][EPOCH] 9/100 Train: Top1=98.96 Top5=99.99 Loss=0.5304 | Val(EMA): Top1=15.14 | LR: 0.009802 QLR: 0.000010
2026-01-03 07:29:37,497 - INFO  -   ⏱️  本Epoch耗时: 1分4秒 | 平均Epoch耗时: 1分5秒 | 剩余Epoch数: 90
2026-01-03 07:29:37,498 - INFO  -   📅 预估剩余时间: 1小时37分44秒 | 预估完成时间: 2026-01-03 09:07:21
2026-01-03 07:29:38,806 - INFO  - ([10] Epoch) Saving checkpoint to:
             Current: /workspace/FATBETA/training/mobilenetv2_cifar_nude_qat/mobilenetv2_cifar_nude_qat_checkpoint.pth.tar

2026-01-03 07:29:38,841 - INFO  - [NUDE] Epoch 10: force max bit-width W/A = 6
2026-01-03 07:30:11,055 - INFO  - [NUDE][TRAIN] Epoch 10/100 Iter 50/97 Loss 0.5278 Top1 99.09 Top5 99.99
2026-01-03 07:30:41,343 - INFO  - [NUDE] Validate: force max bit-width W/A = 6
2026-01-03 07:30:42,427 - INFO  - [NUDE][EPOCH] 10/100 Train: Top1=99.04 Top5=99.99 Loss=0.5285 | Val(EMA): Top1=13.60 | LR: 0.009756 QLR: 0.000010
2026-01-03 07:30:42,427 - INFO  -   ⏱️  本Epoch耗时: 1分3秒 | 平均Epoch耗时: 1分4秒 | 剩余Epoch数: 89
2026-01-03 07:30:42,428 - INFO  -   📅 预估剩余时间: 1小时35分59秒 | 预估完成时间: 2026-01-03 09:06:42
2026-01-03 07:30:43,603 - INFO  - ([11] Epoch) Saving checkpoint to:
             Current: /workspace/FATBETA/training/mobilenetv2_cifar_nude_qat/mobilenetv2_cifar_nude_qat_checkpoint.pth.tar

2026-01-03 07:30:43,641 - INFO  - [NUDE] Epoch 11: force max bit-width W/A = 6
2026-01-03 07:31:16,139 - INFO  - [NUDE][TRAIN] Epoch 11/100 Iter 50/97 Loss 0.5231 Top1 99.32 Top5 100.00
2026-01-03 07:31:46,590 - INFO  - [NUDE] Validate: force max bit-width W/A = 6
2026-01-03 07:31:47,749 - INFO  - [NUDE][EPOCH] 11/100 Train: Top1=99.23 Top5=100.00 Loss=0.5246 | Val(EMA): Top1=16.04 | LR: 0.009705 QLR: 0.000010
2026-01-03 07:31:47,749 - INFO  -   ⏱️  本Epoch耗时: 1分4秒 | 平均Epoch耗时: 1分4秒 | 剩余Epoch数: 88
2026-01-03 07:31:47,749 - INFO  -   📅 预估剩余时间: 1小时34分48秒 | 预估完成时间: 2026-01-03 09:06:36
2026-01-03 07:31:49,135 - INFO  - ([12] Epoch) Saving checkpoint to:
             Current: /workspace/FATBETA/training/mobilenetv2_cifar_nude_qat/mobilenetv2_cifar_nude_qat_checkpoint.pth.tar

2026-01-03 07:31:49,171 - INFO  - [NUDE] Epoch 12: force max bit-width W/A = 6
2026-01-03 07:32:21,768 - INFO  - [NUDE][TRAIN] Epoch 12/100 Iter 50/97 Loss 0.5217 Top1 99.35 Top5 100.00
2026-01-03 07:32:52,983 - INFO  - [NUDE] Validate: force max bit-width W/A = 6
2026-01-03 07:32:54,128 - INFO  - [NUDE][EPOCH] 12/100 Train: Top1=99.38 Top5=100.00 Loss=0.5215 | Val(EMA): Top1=22.30 | LR: 0.009649 QLR: 0.000010
2026-01-03 07:32:54,129 - INFO  -   ⏱️  本Epoch耗时: 1分4秒 | 平均Epoch耗时: 1分4秒 | 剩余Epoch数: 87
2026-01-03 07:32:54,129 - INFO  -   📅 预估剩余时间: 1小时33分23秒 | 预估完成时间: 2026-01-03 09:06:18
2026-01-03 07:32:55,564 - INFO  - ([13] Epoch) Saving checkpoint to:
             Current: /workspace/FATBETA/training/mobilenetv2_cifar_nude_qat/mobilenetv2_cifar_nude_qat_checkpoint.pth.tar

2026-01-03 07:32:55,600 - INFO  - [NUDE] Epoch 13: force max bit-width W/A = 6
2026-01-03 07:33:27,674 - INFO  - [NUDE][TRAIN] Epoch 13/100 Iter 50/97 Loss 0.5195 Top1 99.47 Top5 100.00
2026-01-03 07:33:59,575 - INFO  - [NUDE] Validate: force max bit-width W/A = 6
2026-01-03 07:34:00,689 - INFO  - [NUDE][EPOCH] 13/100 Train: Top1=99.46 Top5=100.00 Loss=0.5199 | Val(EMA): Top1=35.59 | LR: 0.009589 QLR: 0.000010
2026-01-03 07:34:00,690 - INFO  -   ⏱️  本Epoch耗时: 1分5秒 | 平均Epoch耗时: 1分4秒 | 剩余Epoch数: 86
2026-01-03 07:34:00,690 - INFO  -   📅 预估剩余时间: 1小时32分25秒 | 预估完成时间: 2026-01-03 09:06:26
2026-01-03 07:34:01,911 - INFO  - ([14] Epoch) Saving checkpoint to:
             Current: /workspace/FATBETA/training/mobilenetv2_cifar_nude_qat/mobilenetv2_cifar_nude_qat_checkpoint.pth.tar

2026-01-03 07:34:01,948 - INFO  - [NUDE] Epoch 14: force max bit-width W/A = 6
2026-01-03 07:34:34,093 - INFO  - [NUDE][TRAIN] Epoch 14/100 Iter 50/97 Loss 0.5200 Top1 99.41 Top5 99.99
2026-01-03 07:35:04,709 - INFO  - [NUDE] Validate: force max bit-width W/A = 6
2026-01-03 07:35:05,888 - INFO  - [NUDE][EPOCH] 14/100 Train: Top1=99.43 Top5=100.00 Loss=0.5194 | Val(EMA): Top1=52.98 | LR: 0.009525 QLR: 0.000010
2026-01-03 07:35:05,888 - INFO  -   ⏱️  本Epoch耗时: 1分3秒 | 平均Epoch耗时: 1分4秒 | 剩余Epoch数: 85
2026-01-03 07:35:05,888 - INFO  -   📅 预估剩余时间: 1小时31分10秒 | 预估完成时间: 2026-01-03 09:06:16
2026-01-03 07:35:07,199 - INFO  - ([15] Epoch) Saving checkpoint to:
             Current: /workspace/FATBETA/training/mobilenetv2_cifar_nude_qat/mobilenetv2_cifar_nude_qat_checkpoint.pth.tar

2026-01-03 07:35:07,237 - INFO  - [NUDE] Epoch 15: force max bit-width W/A = 6
2026-01-03 07:35:40,689 - INFO  - [NUDE][TRAIN] Epoch 15/100 Iter 50/97 Loss 0.5176 Top1 99.47 Top5 100.00
2026-01-03 07:36:12,040 - INFO  - [NUDE] Validate: force max bit-width W/A = 6
2026-01-03 07:36:13,137 - INFO  - [NUDE][EPOCH] 15/100 Train: Top1=99.42 Top5=99.99 Loss=0.5186 | Val(EMA): Top1=62.50 | LR: 0.009456 QLR: 0.000010
2026-01-03 07:36:13,137 - INFO  -   ⏱️  本Epoch耗时: 1分5秒 | 平均Epoch耗时: 1分4秒 | 剩余Epoch数: 84
2026-01-03 07:36:13,137 - INFO  -   📅 预估剩余时间: 1小时30分45秒 | 预估完成时间: 2026-01-03 09:06:58
2026-01-03 07:36:14,347 - INFO  - ([16] Epoch) Saving checkpoint to:
             Current: /workspace/FATBETA/training/mobilenetv2_cifar_nude_qat/mobilenetv2_cifar_nude_qat_checkpoint.pth.tar

2026-01-03 07:36:14,386 - INFO  - [NUDE] Epoch 16: force max bit-width W/A = 6
2026-01-03 07:36:47,129 - INFO  - [NUDE][TRAIN] Epoch 16/100 Iter 50/97 Loss 0.5160 Top1 99.55 Top5 100.00
2026-01-03 07:37:18,560 - INFO  - [NUDE] Validate: force max bit-width W/A = 6
2026-01-03 07:37:19,744 - INFO  - [NUDE][EPOCH] 16/100 Train: Top1=99.48 Top5=100.00 Loss=0.5168 | Val(EMA): Top1=72.28 | LR: 0.009382 QLR: 0.000010
2026-01-03 07:37:19,744 - INFO  -   ⏱️  本Epoch耗时: 1分5秒 | 平均Epoch耗时: 1分5秒 | 剩余Epoch数: 83
2026-01-03 07:37:19,744 - INFO  -   📅 预估剩余时间: 1小时30分1秒 | 预估完成时间: 2026-01-03 09:07:21
2026-01-03 07:37:21,001 - INFO  - ([17] Epoch) Saving checkpoint to:
             Current: /workspace/FATBETA/training/mobilenetv2_cifar_nude_qat/mobilenetv2_cifar_nude_qat_checkpoint.pth.tar

2026-01-03 07:37:21,045 - INFO  - [NUDE] Epoch 17: force max bit-width W/A = 6
2026-01-03 07:37:53,887 - INFO  - [NUDE][TRAIN] Epoch 17/100 Iter 50/97 Loss 0.5162 Top1 99.52 Top5 100.00
2026-01-03 07:38:24,504 - INFO  - [NUDE] Validate: force max bit-width W/A = 6
2026-01-03 07:38:25,621 - INFO  - [NUDE][EPOCH] 17/100 Train: Top1=99.55 Top5=100.00 Loss=0.5161 | Val(EMA): Top1=78.21 | LR: 0.009304 QLR: 0.000010
2026-01-03 07:38:25,622 - INFO  -   ⏱️  本Epoch耗时: 1分4秒 | 平均Epoch耗时: 1分5秒 | 剩余Epoch数: 82
2026-01-03 07:38:25,622 - INFO  -   📅 预估剩余时间: 1小时28分50秒 | 预估完成时间: 2026-01-03 09:07:15
2026-01-03 07:38:26,833 - INFO  - ([18] Epoch) Saving checkpoint to:
             Current: /workspace/FATBETA/training/mobilenetv2_cifar_nude_qat/mobilenetv2_cifar_nude_qat_checkpoint.pth.tar

2026-01-03 07:38:26,870 - INFO  - [NUDE] Epoch 18: force max bit-width W/A = 6
2026-01-03 07:39:00,500 - INFO  - [NUDE][TRAIN] Epoch 18/100 Iter 50/97 Loss 0.5154 Top1 99.57 Top5 100.00
2026-01-03 07:39:31,995 - INFO  - [NUDE] Validate: force max bit-width W/A = 6
2026-01-03 07:39:33,155 - INFO  - [NUDE][EPOCH] 18/100 Train: Top1=99.55 Top5=100.00 Loss=0.5156 | Val(EMA): Top1=81.76 | LR: 0.009222 QLR: 0.000010
2026-01-03 07:39:33,156 - INFO  -   ⏱️  本Epoch耗时: 1分6秒 | 平均Epoch耗时: 1分5秒 | 剩余Epoch数: 81
2026-01-03 07:39:33,156 - INFO  -   📅 预估剩余时间: 1小时28分4秒 | 预估完成时间: 2026-01-03 09:07:37
2026-01-03 07:39:34,429 - INFO  - ([19] Epoch) Saving checkpoint to:
             Current: /workspace/FATBETA/training/mobilenetv2_cifar_nude_qat/mobilenetv2_cifar_nude_qat_checkpoint.pth.tar

2026-01-03 07:39:34,465 - INFO  - [NUDE] Epoch 19: force max bit-width W/A = 6
2026-01-03 07:40:07,479 - INFO  - [NUDE][TRAIN] Epoch 19/100 Iter 50/97 Loss 0.5151 Top1 99.60 Top5 100.00
2026-01-03 07:40:37,738 - INFO  - [NUDE] Validate: force max bit-width W/A = 6
2026-01-03 07:40:38,813 - INFO  - [NUDE][EPOCH] 19/100 Train: Top1=99.59 Top5=100.00 Loss=0.5149 | Val(EMA): Top1=84.29 | LR: 0.009136 QLR: 0.000010
2026-01-03 07:40:38,813 - INFO  -   ⏱️  本Epoch耗时: 1分4秒 | 平均Epoch耗时: 1分5秒 | 剩余Epoch数: 80
2026-01-03 07:40:38,813 - INFO  -   📅 预估剩余时间: 1小时27分5秒 | 预估完成时间: 2026-01-03 09:07:44
2026-01-03 07:40:39,978 - INFO  - ([20] Epoch) Saving checkpoint to:
             Current: /workspace/FATBETA/training/mobilenetv2_cifar_nude_qat/mobilenetv2_cifar_nude_qat_checkpoint.pth.tar

2026-01-03 07:40:40,012 - INFO  - [NUDE] Epoch 20: force max bit-width W/A = 6
2026-01-03 07:41:12,503 - INFO  - [NUDE][TRAIN] Epoch 20/100 Iter 50/97 Loss 0.5138 Top1 99.65 Top5 100.00
2026-01-03 07:41:43,044 - INFO  - [NUDE] Validate: force max bit-width W/A = 6
2026-01-03 07:41:44,210 - INFO  - [NUDE][EPOCH] 20/100 Train: Top1=99.62 Top5=100.00 Loss=0.5143 | Val(EMA): Top1=85.27 | LR: 0.009046 QLR: 0.000010
2026-01-03 07:41:44,210 - INFO  -   ⏱️  本Epoch耗时: 1分4秒 | 平均Epoch耗时: 1分4秒 | 剩余Epoch数: 79
2026-01-03 07:41:44,210 - INFO  -   📅 预估剩余时间: 1小时25分33秒 | 预估完成时间: 2026-01-03 09:07:17
2026-01-03 07:41:45,397 - INFO  - ([21] Epoch) Saving checkpoint to:
             Current: /workspace/FATBETA/training/mobilenetv2_cifar_nude_qat/mobilenetv2_cifar_nude_qat_checkpoint.pth.tar

2026-01-03 07:41:45,436 - INFO  - [NUDE] Epoch 21: force max bit-width W/A = 6
2026-01-03 07:42:19,760 - INFO  - [NUDE][TRAIN] Epoch 21/100 Iter 50/97 Loss 0.5133 Top1 99.62 Top5 100.00
2026-01-03 07:42:50,558 - INFO  - [NUDE] Validate: force max bit-width W/A = 6
2026-01-03 07:42:51,736 - INFO  - [NUDE][EPOCH] 21/100 Train: Top1=99.65 Top5=100.00 Loss=0.5126 | Val(EMA): Top1=88.17 | LR: 0.008952 QLR: 0.000010
2026-01-03 07:42:51,736 - INFO  -   ⏱️  本Epoch耗时: 1分6秒 | 平均Epoch耗时: 1分5秒 | 剩余Epoch数: 78
2026-01-03 07:42:51,736 - INFO  -   📅 预估剩余时间: 1小时24分43秒 | 预估完成时间: 2026-01-03 09:07:35
2026-01-03 07:42:53,124 - INFO  - ([22] Epoch) Saving checkpoint to:
             Current: /workspace/FATBETA/training/mobilenetv2_cifar_nude_qat/mobilenetv2_cifar_nude_qat_checkpoint.pth.tar

2026-01-03 07:42:53,161 - INFO  - [NUDE] Epoch 22: force max bit-width W/A = 6
2026-01-03 07:43:25,336 - INFO  - [NUDE][TRAIN] Epoch 22/100 Iter 50/97 Loss 0.5122 Top1 99.66 Top5 100.00
2026-01-03 07:43:55,372 - INFO  - [NUDE] Validate: force max bit-width W/A = 6
2026-01-03 07:43:56,474 - INFO  - [NUDE][EPOCH] 22/100 Train: Top1=99.64 Top5=100.00 Loss=0.5127 | Val(EMA): Top1=88.34 | LR: 0.008854 QLR: 0.000010
2026-01-03 07:43:56,474 - INFO  -   ⏱️  本Epoch耗时: 1分3秒 | 平均Epoch耗时: 1分4秒 | 剩余Epoch数: 77
2026-01-03 07:43:56,474 - INFO  -   📅 预估剩余时间: 1小时23分18秒 | 预估完成时间: 2026-01-03 09:07:15
2026-01-03 07:43:57,688 - INFO  - ([23] Epoch) Saving checkpoint to:
             Current: /workspace/FATBETA/training/mobilenetv2_cifar_nude_qat/mobilenetv2_cifar_nude_qat_checkpoint.pth.tar

2026-01-03 07:43:57,725 - INFO  - [NUDE] Epoch 23: force max bit-width W/A = 6
2026-01-03 07:44:30,372 - INFO  - [NUDE][TRAIN] Epoch 23/100 Iter 50/97 Loss 0.5113 Top1 99.72 Top5 100.00
2026-01-03 07:45:00,596 - INFO  - [NUDE] Validate: force max bit-width W/A = 6
2026-01-03 07:45:01,741 - INFO  - [NUDE][EPOCH] 23/100 Train: Top1=99.69 Top5=100.00 Loss=0.5115 | Val(EMA): Top1=90.13 | LR: 0.008752 QLR: 0.000010
2026-01-03 07:45:01,741 - INFO  -   ⏱️  本Epoch耗时: 1分4秒 | 平均Epoch耗时: 1分4秒 | 剩余Epoch数: 76
2026-01-03 07:45:01,742 - INFO  -   📅 预估剩余时间: 1小时21分39秒 | 预估完成时间: 2026-01-03 09:06:40
2026-01-03 07:45:03,104 - INFO  - ([24] Epoch) Saving checkpoint to:
             Current: /workspace/FATBETA/training/mobilenetv2_cifar_nude_qat/mobilenetv2_cifar_nude_qat_checkpoint.pth.tar

2026-01-03 07:45:03,140 - INFO  - [NUDE] Epoch 24: force max bit-width W/A = 6
2026-01-03 07:45:34,478 - INFO  - [NUDE][TRAIN] Epoch 24/100 Iter 50/97 Loss 0.5104 Top1 99.75 Top5 100.00
2026-01-03 07:46:05,251 - INFO  - [NUDE] Validate: force max bit-width W/A = 6
2026-01-03 07:46:06,418 - INFO  - [NUDE][EPOCH] 24/100 Train: Top1=99.76 Top5=100.00 Loss=0.5100 | Val(EMA): Top1=91.16 | LR: 0.008646 QLR: 0.000010
2026-01-03 07:46:06,418 - INFO  -   ⏱️  本Epoch耗时: 1分3秒 | 平均Epoch耗时: 1分4秒 | 剩余Epoch数: 75
2026-01-03 07:46:06,418 - INFO  -   📅 预估剩余时间: 1小时20分18秒 | 预估完成时间: 2026-01-03 09:06:25
2026-01-03 07:46:07,807 - INFO  - ([25] Epoch) Saving checkpoint to:
             Current: /workspace/FATBETA/training/mobilenetv2_cifar_nude_qat/mobilenetv2_cifar_nude_qat_checkpoint.pth.tar

2026-01-03 07:46:07,846 - INFO  - [NUDE] Epoch 25: force max bit-width W/A = 6
2026-01-03 07:46:39,855 - INFO  - [NUDE][TRAIN] Epoch 25/100 Iter 50/97 Loss 0.5105 Top1 99.74 Top5 100.00
2026-01-03 07:47:10,857 - INFO  - [NUDE] Validate: force max bit-width W/A = 6
2026-01-03 07:47:11,956 - INFO  - [NUDE][EPOCH] 25/100 Train: Top1=99.75 Top5=100.00 Loss=0.5104 | Val(EMA): Top1=91.80 | LR: 0.008537 QLR: 0.000010
2026-01-03 07:47:11,956 - INFO  -   ⏱️  本Epoch耗时: 1分4秒 | 平均Epoch耗时: 1分4秒 | 剩余Epoch数: 74
2026-01-03 07:47:11,956 - INFO  -   📅 预估剩余时间: 1小时19分13秒 | 预估完成时间: 2026-01-03 09:06:25
2026-01-03 07:47:13,191 - INFO  - ([26] Epoch) Saving checkpoint to:
             Current: /workspace/FATBETA/training/mobilenetv2_cifar_nude_qat/mobilenetv2_cifar_nude_qat_checkpoint.pth.tar

2026-01-03 07:47:13,227 - INFO  - [NUDE] Epoch 26: force max bit-width W/A = 6
2026-01-03 07:47:46,035 - INFO  - [NUDE][TRAIN] Epoch 26/100 Iter 50/97 Loss 0.5098 Top1 99.76 Top5 100.00
2026-01-03 07:48:17,310 - INFO  - [NUDE] Validate: force max bit-width W/A = 6
2026-01-03 07:48:18,380 - INFO  - [NUDE][EPOCH] 26/100 Train: Top1=99.78 Top5=100.00 Loss=0.5097 | Val(EMA): Top1=91.53 | LR: 0.008424 QLR: 0.000010
2026-01-03 07:48:18,380 - INFO  -   ⏱️  本Epoch耗时: 1分5秒 | 平均Epoch耗时: 1分4秒 | 剩余Epoch数: 73
2026-01-03 07:48:18,380 - INFO  -   📅 预估剩余时间: 1小时17分52秒 | 预估完成时间: 2026-01-03 09:06:10
2026-01-03 07:48:19,566 - INFO  - ([27] Epoch) Saving checkpoint to:
             Current: /workspace/FATBETA/training/mobilenetv2_cifar_nude_qat/mobilenetv2_cifar_nude_qat_checkpoint.pth.tar

2026-01-03 07:48:19,604 - INFO  - [NUDE] Epoch 27: force max bit-width W/A = 6
2026-01-03 07:48:51,829 - INFO  - [NUDE][TRAIN] Epoch 27/100 Iter 50/97 Loss 0.5098 Top1 99.75 Top5 100.00
2026-01-03 07:49:21,939 - INFO  - [NUDE] Validate: force max bit-width W/A = 6
2026-01-03 07:49:23,027 - INFO  - [NUDE][EPOCH] 27/100 Train: Top1=99.77 Top5=100.00 Loss=0.5095 | Val(EMA): Top1=91.92 | LR: 0.008308 QLR: 0.000010
2026-01-03 07:49:23,027 - INFO  -   ⏱️  本Epoch耗时: 1分3秒 | 平均Epoch耗时: 1分4秒 | 剩余Epoch数: 72
2026-01-03 07:49:23,027 - INFO  -   📅 预估剩余时间: 1小时16分49秒 | 预估完成时间: 2026-01-03 09:06:12
2026-01-03 07:49:24,267 - INFO  - ([28] Epoch) Saving checkpoint to:
             Current: /workspace/FATBETA/training/mobilenetv2_cifar_nude_qat/mobilenetv2_cifar_nude_qat_checkpoint.pth.tar

2026-01-03 07:49:24,302 - INFO  - [NUDE] Epoch 28: force max bit-width W/A = 6
2026-01-03 07:49:57,908 - INFO  - [NUDE][TRAIN] Epoch 28/100 Iter 50/97 Loss 0.5095 Top1 99.74 Top5 100.00
2026-01-03 07:50:28,555 - INFO  - [NUDE] Validate: force max bit-width W/A = 6
2026-01-03 07:50:29,670 - INFO  - [NUDE][EPOCH] 28/100 Train: Top1=99.75 Top5=100.00 Loss=0.5093 | Val(EMA): Top1=92.53 | LR: 0.008189 QLR: 0.000010
2026-01-03 07:50:29,670 - INFO  -   ⏱️  本Epoch耗时: 1分5秒 | 平均Epoch耗时: 1分4秒 | 剩余Epoch数: 71
2026-01-03 07:50:29,670 - INFO  -   📅 预估剩余时间: 1小时16分4秒 | 预估完成时间: 2026-01-03 09:06:34
2026-01-03 07:50:30,848 - INFO  - ([29] Epoch) Saving checkpoint to:
             Current: /workspace/FATBETA/training/mobilenetv2_cifar_nude_qat/mobilenetv2_cifar_nude_qat_checkpoint.pth.tar

2026-01-03 07:50:30,883 - INFO  - [NUDE] Epoch 29: force max bit-width W/A = 6
2026-01-03 07:51:04,752 - INFO  - [NUDE][TRAIN] Epoch 29/100 Iter 50/97 Loss 0.5093 Top1 99.77 Top5 100.00
2026-01-03 07:51:35,309 - INFO  - [NUDE] Validate: force max bit-width W/A = 6
2026-01-03 07:51:36,440 - INFO  - [NUDE][EPOCH] 29/100 Train: Top1=99.75 Top5=100.00 Loss=0.5097 | Val(EMA): Top1=92.37 | LR: 0.008066 QLR: 0.000010
2026-01-03 07:51:36,441 - INFO  -   ⏱️  本Epoch耗时: 1分5秒 | 平均Epoch耗时: 1分4秒 | 剩余Epoch数: 70
2026-01-03 07:51:36,441 - INFO  -   📅 预估剩余时间: 1小时15分32秒 | 预估完成时间: 2026-01-03 09:07:08
2026-01-03 07:51:37,680 - INFO  - ([30] Epoch) Saving checkpoint to:
             Current: /workspace/FATBETA/training/mobilenetv2_cifar_nude_qat/mobilenetv2_cifar_nude_qat_checkpoint.pth.tar

2026-01-03 07:51:37,716 - INFO  - [NUDE] Epoch 30: force max bit-width W/A = 6
2026-01-03 07:52:09,706 - INFO  - [NUDE][TRAIN] Epoch 30/100 Iter 50/97 Loss 0.5095 Top1 99.72 Top5 100.00
2026-01-03 07:52:40,393 - INFO  - [NUDE] Validate: force max bit-width W/A = 6
2026-01-03 07:52:41,505 - INFO  - [NUDE][EPOCH] 30/100 Train: Top1=99.71 Top5=100.00 Loss=0.5100 | Val(EMA): Top1=92.61 | LR: 0.007941 QLR: 0.000010
2026-01-03 07:52:41,506 - INFO  -   ⏱️  本Epoch耗时: 1分3秒 | 平均Epoch耗时: 1分4秒 | 剩余Epoch数: 69
2026-01-03 07:52:41,506 - INFO  -   📅 预估剩余时间: 1小时14分23秒 | 预估完成时间: 2026-01-03 09:07:04
2026-01-03 07:52:42,765 - INFO  - ([31] Epoch) Saving checkpoint to:
             Current: /workspace/FATBETA/training/mobilenetv2_cifar_nude_qat/mobilenetv2_cifar_nude_qat_checkpoint.pth.tar

2026-01-03 07:52:42,800 - INFO  - [NUDE] Epoch 31: force max bit-width W/A = 6
2026-01-03 07:53:15,992 - INFO  - [NUDE][TRAIN] Epoch 31/100 Iter 50/97 Loss 0.5086 Top1 99.79 Top5 100.00
2026-01-03 07:53:46,887 - INFO  - [NUDE] Validate: force max bit-width W/A = 6
2026-01-03 07:53:48,023 - INFO  - [NUDE][EPOCH] 31/100 Train: Top1=99.78 Top5=100.00 Loss=0.5085 | Val(EMA): Top1=92.79 | LR: 0.007813 QLR: 0.000010
2026-01-03 07:53:48,023 - INFO  -   ⏱️  本Epoch耗时: 1分5秒 | 平均Epoch耗时: 1分4秒 | 剩余Epoch数: 68
2026-01-03 07:53:48,023 - INFO  -   📅 预估剩余时间: 1小时13分19秒 | 预估完成时间: 2026-01-03 09:07:07
2026-01-03 07:53:49,236 - INFO  - ([32] Epoch) Saving checkpoint to:
             Current: /workspace/FATBETA/training/mobilenetv2_cifar_nude_qat/mobilenetv2_cifar_nude_qat_checkpoint.pth.tar

2026-01-03 07:53:49,275 - INFO  - [NUDE] Epoch 32: force max bit-width W/A = 6
2026-01-03 07:54:22,041 - INFO  - [NUDE][TRAIN] Epoch 32/100 Iter 50/97 Loss 0.5073 Top1 99.83 Top5 100.00
2026-01-03 07:54:53,467 - INFO  - [NUDE] Validate: force max bit-width W/A = 6
2026-01-03 07:54:54,554 - INFO  - [NUDE][EPOCH] 32/100 Train: Top1=99.82 Top5=100.00 Loss=0.5074 | Val(EMA): Top1=92.83 | LR: 0.007681 QLR: 0.000010
2026-01-03 07:54:54,555 - INFO  -   ⏱️  本Epoch耗时: 1分5秒 | 平均Epoch耗时: 1分5秒 | 剩余Epoch数: 67
2026-01-03 07:54:54,555 - INFO  -   📅 预估剩余时间: 1小时12分39秒 | 预估完成时间: 2026-01-03 09:07:34
2026-01-03 07:54:55,769 - INFO  - ([33] Epoch) Saving checkpoint to:
             Current: /workspace/FATBETA/training/mobilenetv2_cifar_nude_qat/mobilenetv2_cifar_nude_qat_checkpoint.pth.tar

2026-01-03 07:54:55,805 - INFO  - [NUDE] Epoch 33: force max bit-width W/A = 6
2026-01-03 07:55:29,168 - INFO  - [NUDE][TRAIN] Epoch 33/100 Iter 50/97 Loss 0.5076 Top1 99.84 Top5 100.00
2026-01-03 07:55:59,732 - INFO  - [NUDE] Validate: force max bit-width W/A = 6
2026-01-03 07:56:00,860 - INFO  - [NUDE][EPOCH] 33/100 Train: Top1=99.82 Top5=100.00 Loss=0.5080 | Val(EMA): Top1=92.71 | LR: 0.007548 QLR: 0.000010
2026-01-03 07:56:00,860 - INFO  -   ⏱️  本Epoch耗时: 1分5秒 | 平均Epoch耗时: 1分5秒 | 剩余Epoch数: 66
2026-01-03 07:56:00,860 - INFO  -   📅 预估剩余时间: 1小时11分30秒 | 预估完成时间: 2026-01-03 09:07:31
2026-01-03 07:56:02,346 - INFO  - ([34] Epoch) Saving checkpoint to:
             Current: /workspace/FATBETA/training/mobilenetv2_cifar_nude_qat/mobilenetv2_cifar_nude_qat_checkpoint.pth.tar

2026-01-03 07:56:02,383 - INFO  - [NUDE] Epoch 34: force max bit-width W/A = 6
2026-01-03 07:56:35,219 - INFO  - [NUDE][TRAIN] Epoch 34/100 Iter 50/97 Loss 0.5072 Top1 99.86 Top5 100.00
2026-01-03 07:57:06,009 - INFO  - [NUDE] Validate: force max bit-width W/A = 6
2026-01-03 07:57:07,109 - INFO  - [NUDE][EPOCH] 34/100 Train: Top1=99.86 Top5=100.00 Loss=0.5071 | Val(EMA): Top1=92.99 | LR: 0.007411 QLR: 0.000010
2026-01-03 07:57:07,109 - INFO  -   ⏱️  本Epoch耗时: 1分4秒 | 平均Epoch耗时: 1分4秒 | 剩余Epoch数: 65
2026-01-03 07:57:07,109 - INFO  -   📅 预估剩余时间: 1小时10分14秒 | 预估完成时间: 2026-01-03 09:07:21
2026-01-03 07:57:08,465 - INFO  - ([35] Epoch) Saving checkpoint to:
             Current: /workspace/FATBETA/training/mobilenetv2_cifar_nude_qat/mobilenetv2_cifar_nude_qat_checkpoint.pth.tar

2026-01-03 07:57:08,504 - INFO  - [NUDE] Epoch 35: force max bit-width W/A = 6
2026-01-03 07:57:41,183 - INFO  - [NUDE][TRAIN] Epoch 35/100 Iter 50/97 Loss 0.5072 Top1 99.86 Top5 100.00
2026-01-03 07:58:11,978 - INFO  - [NUDE] Validate: force max bit-width W/A = 6
2026-01-03 07:58:13,146 - INFO  - [NUDE][EPOCH] 35/100 Train: Top1=99.86 Top5=100.00 Loss=0.5069 | Val(EMA): Top1=93.26 | LR: 0.007273 QLR: 0.000010
2026-01-03 07:58:13,147 - INFO  -   ⏱️  本Epoch耗时: 1分4秒 | 平均Epoch耗时: 1分5秒 | 剩余Epoch数: 64
2026-01-03 07:58:13,147 - INFO  -   📅 预估剩余时间: 1小时9分20秒 | 预估完成时间: 2026-01-03 09:07:33
2026-01-03 07:58:14,468 - INFO  - ([36] Epoch) Saving checkpoint to:
             Current: /workspace/FATBETA/training/mobilenetv2_cifar_nude_qat/mobilenetv2_cifar_nude_qat_checkpoint.pth.tar

2026-01-03 07:58:14,506 - INFO  - [NUDE] Epoch 36: force max bit-width W/A = 6
2026-01-03 07:58:47,576 - INFO  - [NUDE][TRAIN] Epoch 36/100 Iter 50/97 Loss 0.5060 Top1 99.91 Top5 100.00
2026-01-03 07:59:19,051 - INFO  - [NUDE] Validate: force max bit-width W/A = 6
2026-01-03 07:59:20,128 - INFO  - [NUDE][EPOCH] 36/100 Train: Top1=99.87 Top5=100.00 Loss=0.5064 | Val(EMA): Top1=93.20 | LR: 0.007132 QLR: 0.000010
2026-01-03 07:59:20,128 - INFO  -   ⏱️  本Epoch耗时: 1分5秒 | 平均Epoch耗时: 1分5秒 | 剩余Epoch数: 63
2026-01-03 07:59:20,128 - INFO  -   📅 预估剩余时间: 1小时8分20秒 | 预估完成时间: 2026-01-03 09:07:40
2026-01-03 07:59:21,336 - INFO  - ([37] Epoch) Saving checkpoint to:
             Current: /workspace/FATBETA/training/mobilenetv2_cifar_nude_qat/mobilenetv2_cifar_nude_qat_checkpoint.pth.tar

2026-01-03 07:59:21,373 - INFO  - [NUDE] Epoch 37: force max bit-width W/A = 6
2026-01-03 07:59:54,154 - INFO  - [NUDE][TRAIN] Epoch 37/100 Iter 50/97 Loss 0.5065 Top1 99.86 Top5 100.00
2026-01-03 08:00:25,211 - INFO  - [NUDE] Validate: force max bit-width W/A = 6
2026-01-03 08:00:26,303 - INFO  - [NUDE][EPOCH] 37/100 Train: Top1=99.87 Top5=100.00 Loss=0.5064 | Val(EMA): Top1=93.37 | LR: 0.006989 QLR: 0.000010
2026-01-03 08:00:26,304 - INFO  -   ⏱️  本Epoch耗时: 1分4秒 | 平均Epoch耗时: 1分5秒 | 剩余Epoch数: 62
2026-01-03 08:00:26,304 - INFO  -   📅 预估剩余时间: 1小时7分11秒 | 预估完成时间: 2026-01-03 09:07:37
2026-01-03 08:00:27,590 - INFO  - ([38] Epoch) Saving checkpoint to:
             Current: /workspace/FATBETA/training/mobilenetv2_cifar_nude_qat/mobilenetv2_cifar_nude_qat_checkpoint.pth.tar

2026-01-03 08:00:27,625 - INFO  - [NUDE] Epoch 38: force max bit-width W/A = 6
2026-01-03 08:01:00,404 - INFO  - [NUDE][TRAIN] Epoch 38/100 Iter 50/97 Loss 0.5061 Top1 99.87 Top5 100.00
2026-01-03 08:01:31,630 - INFO  - [NUDE] Validate: force max bit-width W/A = 6
2026-01-03 08:01:32,713 - INFO  - [NUDE][EPOCH] 38/100 Train: Top1=99.86 Top5=100.00 Loss=0.5062 | Val(EMA): Top1=93.10 | LR: 0.006844 QLR: 0.000010
2026-01-03 08:01:32,713 - INFO  -   ⏱️  本Epoch耗时: 1分5秒 | 平均Epoch耗时: 1分5秒 | 剩余Epoch数: 61
2026-01-03 08:01:32,714 - INFO  -   📅 预估剩余时间: 1小时6分6秒 | 预估完成时间: 2026-01-03 09:07:39
2026-01-03 08:01:33,927 - INFO  - ([39] Epoch) Saving checkpoint to:
             Current: /workspace/FATBETA/training/mobilenetv2_cifar_nude_qat/mobilenetv2_cifar_nude_qat_checkpoint.pth.tar

2026-01-03 08:01:33,966 - INFO  - [NUDE] Epoch 39: force max bit-width W/A = 6
2026-01-03 08:02:06,746 - INFO  - [NUDE][TRAIN] Epoch 39/100 Iter 50/97 Loss 0.5055 Top1 99.92 Top5 100.00
2026-01-03 08:02:36,892 - INFO  - [NUDE] Validate: force max bit-width W/A = 6
2026-01-03 08:02:37,996 - INFO  - [NUDE][EPOCH] 39/100 Train: Top1=99.92 Top5=100.00 Loss=0.5054 | Val(EMA): Top1=93.21 | LR: 0.006697 QLR: 0.000010
2026-01-03 08:02:37,997 - INFO  -   ⏱️  本Epoch耗时: 1分4秒 | 平均Epoch耗时: 1分4秒 | 剩余Epoch数: 60
2026-01-03 08:02:37,997 - INFO  -   📅 预估剩余时间: 1小时4分53秒 | 预估完成时间: 2026-01-03 09:07:31
2026-01-03 08:02:39,219 - INFO  - ([40] Epoch) Saving checkpoint to:
             Current: /workspace/FATBETA/training/mobilenetv2_cifar_nude_qat/mobilenetv2_cifar_nude_qat_checkpoint.pth.tar

2026-01-03 08:02:39,256 - INFO  - [NUDE] Epoch 40: force max bit-width W/A = 6
2026-01-03 08:03:10,974 - INFO  - [NUDE][TRAIN] Epoch 40/100 Iter 50/97 Loss 0.5056 Top1 99.88 Top5 100.00
2026-01-03 08:03:40,892 - INFO  - [NUDE] Validate: force max bit-width W/A = 6
2026-01-03 08:03:42,028 - INFO  - [NUDE][EPOCH] 40/100 Train: Top1=99.89 Top5=100.00 Loss=0.5055 | Val(EMA): Top1=93.37 | LR: 0.006549 QLR: 0.000010
2026-01-03 08:03:42,028 - INFO  -   ⏱️  本Epoch耗时: 1分2秒 | 平均Epoch耗时: 1分4秒 | 剩余Epoch数: 59
2026-01-03 08:03:42,028 - INFO  -   📅 预估剩余时间: 1小时3分26秒 | 预估完成时间: 2026-01-03 09:07:08
2026-01-03 08:03:43,294 - INFO  - ([41] Epoch) Saving checkpoint to:
             Current: /workspace/FATBETA/training/mobilenetv2_cifar_nude_qat/mobilenetv2_cifar_nude_qat_checkpoint.pth.tar

2026-01-03 08:03:43,329 - INFO  - [NUDE] Epoch 41: force max bit-width W/A = 6
2026-01-03 08:04:17,084 - INFO  - [NUDE][TRAIN] Epoch 41/100 Iter 50/97 Loss 0.5049 Top1 99.93 Top5 100.00
2026-01-03 08:04:47,513 - INFO  - [NUDE] Validate: force max bit-width W/A = 6
2026-01-03 08:04:48,600 - INFO  - [NUDE][EPOCH] 41/100 Train: Top1=99.92 Top5=100.00 Loss=0.5050 | Val(EMA): Top1=93.49 | LR: 0.006399 QLR: 0.000010
2026-01-03 08:04:48,600 - INFO  -   ⏱️  本Epoch耗时: 1分5秒 | 平均Epoch耗时: 1分4秒 | 剩余Epoch数: 58
2026-01-03 08:04:48,600 - INFO  -   📅 预估剩余时间: 1小时2分17秒 | 预估完成时间: 2026-01-03 09:07:06
2026-01-03 08:04:50,012 - INFO  - ([42] Epoch) Saving checkpoint to:
             Current: /workspace/FATBETA/training/mobilenetv2_cifar_nude_qat/mobilenetv2_cifar_nude_qat_checkpoint.pth.tar

2026-01-03 08:04:50,051 - INFO  - [NUDE] Epoch 42: force max bit-width W/A = 6
2026-01-03 08:05:22,638 - INFO  - [NUDE][TRAIN] Epoch 42/100 Iter 50/97 Loss 0.5048 Top1 99.93 Top5 100.00
2026-01-03 08:05:53,109 - INFO  - [NUDE] Validate: force max bit-width W/A = 6
2026-01-03 08:05:54,195 - INFO  - [NUDE][EPOCH] 42/100 Train: Top1=99.91 Top5=100.00 Loss=0.5050 | Val(EMA): Top1=93.31 | LR: 0.006247 QLR: 0.000010
2026-01-03 08:05:54,195 - INFO  -   ⏱️  本Epoch耗时: 1分4秒 | 平均Epoch耗时: 1分4秒 | 剩余Epoch数: 57
2026-01-03 08:05:54,195 - INFO  -   📅 预估剩余时间: 1小时1分4秒 | 预估完成时间: 2026-01-03 09:06:58
2026-01-03 08:05:55,678 - INFO  - ([43] Epoch) Saving checkpoint to:
             Current: /workspace/FATBETA/training/mobilenetv2_cifar_nude_qat/mobilenetv2_cifar_nude_qat_checkpoint.pth.tar

2026-01-03 08:05:55,716 - INFO  - [NUDE] Epoch 43: force max bit-width W/A = 6
2026-01-03 08:06:29,387 - INFO  - [NUDE][TRAIN] Epoch 43/100 Iter 50/97 Loss 0.5047 Top1 99.94 Top5 100.00
2026-01-03 08:07:01,551 - INFO  - [NUDE] Validate: force max bit-width W/A = 6
2026-01-03 08:07:02,695 - INFO  - [NUDE][EPOCH] 43/100 Train: Top1=99.92 Top5=100.00 Loss=0.5048 | Val(EMA): Top1=93.52 | LR: 0.006095 QLR: 0.000010
2026-01-03 08:07:02,695 - INFO  -   ⏱️  本Epoch耗时: 1分7秒 | 平均Epoch耗时: 1分4秒 | 剩余Epoch数: 56
2026-01-03 08:07:02,695 - INFO  -   📅 预估剩余时间: 1小时0分21秒 | 预估完成时间: 2026-01-03 09:07:24
2026-01-03 08:07:04,077 - INFO  - ([44] Epoch) Saving checkpoint to:
             Current: /workspace/FATBETA/training/mobilenetv2_cifar_nude_qat/mobilenetv2_cifar_nude_qat_checkpoint.pth.tar

2026-01-03 08:07:04,113 - INFO  - [NUDE] Epoch 44: force max bit-width W/A = 6
2026-01-03 08:07:36,219 - INFO  - [NUDE][TRAIN] Epoch 44/100 Iter 50/97 Loss 0.5049 Top1 99.93 Top5 100.00
2026-01-03 08:08:06,578 - INFO  - [NUDE] Validate: force max bit-width W/A = 6
2026-01-03 08:08:07,740 - INFO  - [NUDE][EPOCH] 44/100 Train: Top1=99.92 Top5=100.00 Loss=0.5048 | Val(EMA): Top1=93.42 | LR: 0.005941 QLR: 0.000010
2026-01-03 08:08:07,740 - INFO  -   ⏱️  本Epoch耗时: 1分3秒 | 平均Epoch耗时: 1分4秒 | 剩余Epoch数: 55
2026-01-03 08:08:07,740 - INFO  -   📅 预估剩余时间: 59分12秒 | 预估完成时间: 2026-01-03 09:07:19
2026-01-03 08:08:08,945 - INFO  - ([45] Epoch) Saving checkpoint to:
             Current: /workspace/FATBETA/training/mobilenetv2_cifar_nude_qat/mobilenetv2_cifar_nude_qat_checkpoint.pth.tar

2026-01-03 08:08:08,982 - INFO  - [NUDE] Epoch 45: force max bit-width W/A = 6
2026-01-03 08:08:41,541 - INFO  - [NUDE][TRAIN] Epoch 45/100 Iter 50/97 Loss 0.5042 Top1 99.94 Top5 100.00
2026-01-03 08:09:12,562 - INFO  - [NUDE] Validate: force max bit-width W/A = 6
2026-01-03 08:09:13,683 - INFO  - [NUDE][EPOCH] 45/100 Train: Top1=99.94 Top5=100.00 Loss=0.5043 | Val(EMA): Top1=93.37 | LR: 0.005786 QLR: 0.000010
2026-01-03 08:09:13,683 - INFO  -   ⏱️  本Epoch耗时: 1分4秒 | 平均Epoch耗时: 1分4秒 | 剩余Epoch数: 54
2026-01-03 08:09:13,683 - INFO  -   📅 预估剩余时间: 58分28秒 | 预估完成时间: 2026-01-03 09:07:42
2026-01-03 08:09:15,135 - INFO  - ([46] Epoch) Saving checkpoint to:
             Current: /workspace/FATBETA/training/mobilenetv2_cifar_nude_qat/mobilenetv2_cifar_nude_qat_checkpoint.pth.tar

2026-01-03 08:09:15,173 - INFO  - [NUDE] Epoch 46: force max bit-width W/A = 6
2026-01-03 08:09:46,595 - INFO  - [NUDE][TRAIN] Epoch 46/100 Iter 50/97 Loss 0.5046 Top1 99.91 Top5 100.00
2026-01-03 08:10:16,122 - INFO  - [NUDE] Validate: force max bit-width W/A = 6
2026-01-03 08:10:17,269 - INFO  - [NUDE][EPOCH] 46/100 Train: Top1=99.91 Top5=100.00 Loss=0.5047 | Val(EMA): Top1=93.52 | LR: 0.005631 QLR: 0.000010
2026-01-03 08:10:17,269 - INFO  -   ⏱️  本Epoch耗时: 1分2秒 | 平均Epoch耗时: 1分4秒 | 剩余Epoch数: 53
2026-01-03 08:10:17,269 - INFO  -   📅 预估剩余时间: 56分49秒 | 预估完成时间: 2026-01-03 09:07:07
2026-01-03 08:10:18,467 - INFO  - ([47] Epoch) Saving checkpoint to:
             Current: /workspace/FATBETA/training/mobilenetv2_cifar_nude_qat/mobilenetv2_cifar_nude_qat_checkpoint.pth.tar

2026-01-03 08:10:18,504 - INFO  - [NUDE] Epoch 47: force max bit-width W/A = 6
2026-01-03 08:10:52,103 - INFO  - [NUDE][TRAIN] Epoch 47/100 Iter 50/97 Loss 0.5040 Top1 99.96 Top5 100.00
2026-01-03 08:11:23,390 - INFO  - [NUDE] Validate: force max bit-width W/A = 6
2026-01-03 08:11:24,489 - INFO  - [NUDE][EPOCH] 47/100 Train: Top1=99.93 Top5=100.00 Loss=0.5044 | Val(EMA): Top1=93.43 | LR: 0.005475 QLR: 0.000010
2026-01-03 08:11:24,489 - INFO  -   ⏱️  本Epoch耗时: 1分6秒 | 平均Epoch耗时: 1分4秒 | 剩余Epoch数: 52
2026-01-03 08:11:24,489 - INFO  -   📅 预估剩余时间: 56分4秒 | 预估完成时间: 2026-01-03 09:07:29
2026-01-03 08:11:25,882 - INFO  - ([48] Epoch) Saving checkpoint to:
             Current: /workspace/FATBETA/training/mobilenetv2_cifar_nude_qat/mobilenetv2_cifar_nude_qat_checkpoint.pth.tar

2026-01-03 08:11:25,923 - INFO  - [NUDE] Epoch 48: force max bit-width W/A = 6
2026-01-03 08:11:58,363 - INFO  - [NUDE][TRAIN] Epoch 48/100 Iter 50/97 Loss 0.5040 Top1 99.95 Top5 100.00
2026-01-03 08:12:29,371 - INFO  - [NUDE] Validate: force max bit-width W/A = 6
2026-01-03 08:12:30,487 - INFO  - [NUDE][EPOCH] 48/100 Train: Top1=99.95 Top5=100.00 Loss=0.5040 | Val(EMA): Top1=93.53 | LR: 0.005319 QLR: 0.000010
2026-01-03 08:12:30,487 - INFO  -   ⏱️  本Epoch耗时: 1分4秒 | 平均Epoch耗时: 1分4秒 | 剩余Epoch数: 51
2026-01-03 08:12:30,487 - INFO  -   📅 预估剩余时间: 54分35秒 | 预估完成时间: 2026-01-03 09:07:05
2026-01-03 08:12:31,669 - INFO  - ([49] Epoch) Saving checkpoint to:
             Current: /workspace/FATBETA/training/mobilenetv2_cifar_nude_qat/mobilenetv2_cifar_nude_qat_checkpoint.pth.tar

2026-01-03 08:12:31,706 - INFO  - [NUDE] Epoch 49: force max bit-width W/A = 6
2026-01-03 08:13:04,635 - INFO  - [NUDE][TRAIN] Epoch 49/100 Iter 50/97 Loss 0.5040 Top1 99.94 Top5 100.00
2026-01-03 08:13:35,585 - INFO  - [NUDE] Validate: force max bit-width W/A = 6
2026-01-03 08:13:36,706 - INFO  - [NUDE][EPOCH] 49/100 Train: Top1=99.96 Top5=100.00 Loss=0.5038 | Val(EMA): Top1=93.42 | LR: 0.005162 QLR: 0.000010
2026-01-03 08:13:36,706 - INFO  -   ⏱️  本Epoch耗时: 1分5秒 | 平均Epoch耗时: 1分4秒 | 剩余Epoch数: 50
2026-01-03 08:13:36,706 - INFO  -   📅 预估剩余时间: 53分44秒 | 预估完成时间: 2026-01-03 09:07:21
2026-01-03 08:13:37,892 - INFO  - ([50] Epoch) Saving checkpoint to:
             Current: /workspace/FATBETA/training/mobilenetv2_cifar_nude_qat/mobilenetv2_cifar_nude_qat_checkpoint.pth.tar

2026-01-03 08:13:37,930 - INFO  - [NUDE] Epoch 50: force max bit-width W/A = 6
2026-01-03 08:14:10,381 - INFO  - [NUDE][TRAIN] Epoch 50/100 Iter 50/97 Loss 0.5034 Top1 99.98 Top5 100.00
2026-01-03 08:14:42,413 - INFO  - [NUDE] Validate: force max bit-width W/A = 6
2026-01-03 08:14:43,573 - INFO  - [NUDE][EPOCH] 50/100 Train: Top1=99.97 Top5=100.00 Loss=0.5035 | Val(EMA): Top1=93.57 | LR: 0.005005 QLR: 0.000010
2026-01-03 08:14:43,574 - INFO  -   ⏱️  本Epoch耗时: 1分5秒 | 平均Epoch耗时: 1分4秒 | 剩余Epoch数: 49
2026-01-03 08:14:43,574 - INFO  -   📅 预估剩余时间: 52分49秒 | 预估完成时间: 2026-01-03 09:07:33
2026-01-03 08:14:44,982 - INFO  - ([51] Epoch) Saving checkpoint to:
             Current: /workspace/FATBETA/training/mobilenetv2_cifar_nude_qat/mobilenetv2_cifar_nude_qat_checkpoint.pth.tar

2026-01-03 08:14:45,021 - INFO  - [NUDE] Epoch 51: force max bit-width W/A = 6
2026-01-03 08:15:18,034 - INFO  - [NUDE][TRAIN] Epoch 51/100 Iter 50/97 Loss 0.5035 Top1 99.96 Top5 100.00
2026-01-03 08:15:48,260 - INFO  - [NUDE] Validate: force max bit-width W/A = 6
2026-01-03 08:15:49,439 - INFO  - [NUDE][EPOCH] 51/100 Train: Top1=99.96 Top5=100.00 Loss=0.5036 | Val(EMA): Top1=93.77 | LR: 0.004848 QLR: 0.000010
2026-01-03 08:15:49,439 - INFO  -   ⏱️  本Epoch耗时: 1分4秒 | 平均Epoch耗时: 1分5秒 | 剩余Epoch数: 48
2026-01-03 08:15:49,439 - INFO  -   📅 预估剩余时间: 52分7秒 | 预估完成时间: 2026-01-03 09:07:56
2026-01-03 08:15:50,684 - INFO  - ([52] Epoch) Saving checkpoint to:
             Current: /workspace/FATBETA/training/mobilenetv2_cifar_nude_qat/mobilenetv2_cifar_nude_qat_checkpoint.pth.tar

2026-01-03 08:15:50,721 - INFO  - [NUDE] Epoch 52: force max bit-width W/A = 6
2026-01-03 08:16:24,920 - INFO  - [NUDE][TRAIN] Epoch 52/100 Iter 50/97 Loss 0.5033 Top1 99.96 Top5 100.00
2026-01-03 08:16:55,359 - INFO  - [NUDE] Validate: force max bit-width W/A = 6
2026-01-03 08:16:56,467 - INFO  - [NUDE][EPOCH] 52/100 Train: Top1=99.95 Top5=100.00 Loss=0.5036 | Val(EMA): Top1=93.64 | LR: 0.004691 QLR: 0.000010
2026-01-03 08:16:56,467 - INFO  -   ⏱️  本Epoch耗时: 1分5秒 | 平均Epoch耗时: 1分5秒 | 剩余Epoch数: 47
2026-01-03 08:16:56,467 - INFO  -   📅 预估剩余时间: 50分59秒 | 预估完成时间: 2026-01-03 09:07:56
2026-01-03 08:16:57,916 - INFO  - ([53] Epoch) Saving checkpoint to:
             Current: /workspace/FATBETA/training/mobilenetv2_cifar_nude_qat/mobilenetv2_cifar_nude_qat_checkpoint.pth.tar

2026-01-03 08:16:57,953 - INFO  - [NUDE] Epoch 53: force max bit-width W/A = 6
2026-01-03 08:17:30,319 - INFO  - [NUDE][TRAIN] Epoch 53/100 Iter 50/97 Loss 0.5034 Top1 99.96 Top5 100.00
2026-01-03 08:18:00,927 - INFO  - [NUDE] Validate: force max bit-width W/A = 6
2026-01-03 08:18:02,077 - INFO  - [NUDE][EPOCH] 53/100 Train: Top1=99.96 Top5=100.00 Loss=0.5035 | Val(EMA): Top1=93.64 | LR: 0.004535 QLR: 0.000010
2026-01-03 08:18:02,077 - INFO  -   ⏱️  本Epoch耗时: 1分4秒 | 平均Epoch耗时: 1分5秒 | 剩余Epoch数: 46
2026-01-03 08:18:02,077 - INFO  -   📅 预估剩余时间: 49分50秒 | 预估完成时间: 2026-01-03 09:07:52
2026-01-03 08:18:03,560 - INFO  - ([54] Epoch) Saving checkpoint to:
             Current: /workspace/FATBETA/training/mobilenetv2_cifar_nude_qat/mobilenetv2_cifar_nude_qat_checkpoint.pth.tar

2026-01-03 08:18:03,599 - INFO  - [NUDE] Epoch 54: force max bit-width W/A = 6
2026-01-03 08:18:35,829 - INFO  - [NUDE][TRAIN] Epoch 54/100 Iter 50/97 Loss 0.5034 Top1 99.98 Top5 100.00
2026-01-03 08:19:08,221 - INFO  - [NUDE] Validate: force max bit-width W/A = 6
2026-01-03 08:19:09,342 - INFO  - [NUDE][EPOCH] 54/100 Train: Top1=99.97 Top5=100.00 Loss=0.5035 | Val(EMA): Top1=93.68 | LR: 0.004379 QLR: 0.000010
2026-01-03 08:19:09,342 - INFO  -   ⏱️  本Epoch耗时: 1分5秒 | 平均Epoch耗时: 1分5秒 | 剩余Epoch数: 45
2026-01-03 08:19:09,342 - INFO  -   📅 预估剩余时间: 48分52秒 | 预估完成时间: 2026-01-03 09:08:01
2026-01-03 08:19:10,553 - INFO  - ([55] Epoch) Saving checkpoint to:
             Current: /workspace/FATBETA/training/mobilenetv2_cifar_nude_qat/mobilenetv2_cifar_nude_qat_checkpoint.pth.tar

2026-01-03 08:19:10,587 - INFO  - [NUDE] Epoch 55: force max bit-width W/A = 6
2026-01-03 08:19:43,850 - INFO  - [NUDE][TRAIN] Epoch 55/100 Iter 50/97 Loss 0.5032 Top1 99.98 Top5 100.00
2026-01-03 08:20:14,854 - INFO  - [NUDE] Validate: force max bit-width W/A = 6
2026-01-03 08:20:15,979 - INFO  - [NUDE][EPOCH] 55/100 Train: Top1=99.97 Top5=100.00 Loss=0.5033 | Val(EMA): Top1=93.61 | LR: 0.004224 QLR: 0.000010
2026-01-03 08:20:15,979 - INFO  -   ⏱️  本Epoch耗时: 1分5秒 | 平均Epoch耗时: 1分5秒 | 剩余Epoch数: 44
2026-01-03 08:20:15,979 - INFO  -   📅 预估剩余时间: 47分44秒 | 预估完成时间: 2026-01-03 09:08:00
2026-01-03 08:20:17,247 - INFO  - ([56] Epoch) Saving checkpoint to:
             Current: /workspace/FATBETA/training/mobilenetv2_cifar_nude_qat/mobilenetv2_cifar_nude_qat_checkpoint.pth.tar

2026-01-03 08:20:17,285 - INFO  - [NUDE] Epoch 56: force max bit-width W/A = 6
2026-01-03 08:20:50,392 - INFO  - [NUDE][TRAIN] Epoch 56/100 Iter 50/97 Loss 0.5035 Top1 99.96 Top5 100.00
2026-01-03 08:21:20,185 - INFO  - [NUDE] Validate: force max bit-width W/A = 6
2026-01-03 08:21:21,346 - INFO  - [NUDE][EPOCH] 56/100 Train: Top1=99.97 Top5=100.00 Loss=0.5032 | Val(EMA): Top1=93.77 | LR: 0.004069 QLR: 0.000010
2026-01-03 08:21:21,347 - INFO  -   ⏱️  本Epoch耗时: 1分4秒 | 平均Epoch耗时: 1分5秒 | 剩余Epoch数: 43
2026-01-03 08:21:21,347 - INFO  -   📅 预估剩余时间: 46分36秒 | 预估完成时间: 2026-01-03 09:07:58
2026-01-03 08:21:22,786 - INFO  - ([57] Epoch) Saving checkpoint to:
             Current: /workspace/FATBETA/training/mobilenetv2_cifar_nude_qat/mobilenetv2_cifar_nude_qat_checkpoint.pth.tar

2026-01-03 08:21:22,825 - INFO  - [NUDE] Epoch 57: force max bit-width W/A = 6
2026-01-03 08:21:55,785 - INFO  - [NUDE][TRAIN] Epoch 57/100 Iter 50/97 Loss 0.5029 Top1 99.98 Top5 100.00
2026-01-03 08:22:25,882 - INFO  - [NUDE] Validate: force max bit-width W/A = 6
2026-01-03 08:22:26,978 - INFO  - [NUDE][EPOCH] 57/100 Train: Top1=99.97 Top5=100.00 Loss=0.5030 | Val(EMA): Top1=93.76 | LR: 0.003915 QLR: 0.000010
2026-01-03 08:22:26,979 - INFO  -   ⏱️  本Epoch耗时: 1分4秒 | 平均Epoch耗时: 1分4秒 | 剩余Epoch数: 42
2026-01-03 08:22:26,979 - INFO  -   📅 预估剩余时间: 45分18秒 | 预估完成时间: 2026-01-03 09:07:45
2026-01-03 08:22:28,214 - INFO  - ([58] Epoch) Saving checkpoint to:
             Current: /workspace/FATBETA/training/mobilenetv2_cifar_nude_qat/mobilenetv2_cifar_nude_qat_checkpoint.pth.tar

2026-01-03 08:22:28,250 - INFO  - [NUDE] Epoch 58: force max bit-width W/A = 6
2026-01-03 08:23:01,335 - INFO  - [NUDE][TRAIN] Epoch 58/100 Iter 50/97 Loss 0.5031 Top1 99.97 Top5 100.00
2026-01-03 08:23:31,653 - INFO  - [NUDE] Validate: force max bit-width W/A = 6
2026-01-03 08:23:32,819 - INFO  - [NUDE][EPOCH] 58/100 Train: Top1=99.97 Top5=100.00 Loss=0.5032 | Val(EMA): Top1=93.81 | LR: 0.003763 QLR: 0.000010
2026-01-03 08:23:32,819 - INFO  -   ⏱️  本Epoch耗时: 1分4秒 | 平均Epoch耗时: 1分4秒 | 剩余Epoch数: 41
2026-01-03 08:23:32,819 - INFO  -   📅 预估剩余时间: 44分17秒 | 预估完成时间: 2026-01-03 09:07:50
2026-01-03 08:23:34,195 - INFO  - ([59] Epoch) Saving checkpoint to:
             Current: /workspace/FATBETA/training/mobilenetv2_cifar_nude_qat/mobilenetv2_cifar_nude_qat_checkpoint.pth.tar

2026-01-03 08:23:34,232 - INFO  - [NUDE] Epoch 59: force max bit-width W/A = 6
2026-01-03 08:24:07,149 - INFO  - [NUDE][TRAIN] Epoch 59/100 Iter 50/97 Loss 0.5032 Top1 99.96 Top5 100.00
2026-01-03 08:24:37,698 - INFO  - [NUDE] Validate: force max bit-width W/A = 6
2026-01-03 08:24:38,860 - INFO  - [NUDE][EPOCH] 59/100 Train: Top1=99.97 Top5=100.00 Loss=0.5031 | Val(EMA): Top1=93.56 | LR: 0.003611 QLR: 0.000010
2026-01-03 08:24:38,860 - INFO  -   ⏱️  本Epoch耗时: 1分4秒 | 平均Epoch耗时: 1分4秒 | 剩余Epoch数: 40
2026-01-03 08:24:38,860 - INFO  -   📅 预估剩余时间: 43分3秒 | 预估完成时间: 2026-01-03 09:07:42
2026-01-03 08:24:40,116 - INFO  - ([60] Epoch) Saving checkpoint to:
             Current: /workspace/FATBETA/training/mobilenetv2_cifar_nude_qat/mobilenetv2_cifar_nude_qat_checkpoint.pth.tar

2026-01-03 08:24:40,152 - INFO  - [NUDE] Epoch 60: force max bit-width W/A = 6
2026-01-03 08:25:13,491 - INFO  - [NUDE][TRAIN] Epoch 60/100 Iter 50/97 Loss 0.5031 Top1 99.98 Top5 100.00
2026-01-03 08:25:43,839 - INFO  - [NUDE] Validate: force max bit-width W/A = 6
2026-01-03 08:25:44,929 - INFO  - [NUDE][EPOCH] 60/100 Train: Top1=99.97 Top5=100.00 Loss=0.5030 | Val(EMA): Top1=93.61 | LR: 0.003461 QLR: 0.000010
2026-01-03 08:25:44,929 - INFO  -   ⏱️  本Epoch耗时: 1分4秒 | 平均Epoch耗时: 1分4秒 | 剩余Epoch数: 39
2026-01-03 08:25:44,929 - INFO  -   📅 预估剩余时间: 41分54秒 | 预估完成时间: 2026-01-03 09:07:39
2026-01-03 08:25:46,147 - INFO  - ([61] Epoch) Saving checkpoint to:
             Current: /workspace/FATBETA/training/mobilenetv2_cifar_nude_qat/mobilenetv2_cifar_nude_qat_checkpoint.pth.tar

2026-01-03 08:25:46,182 - INFO  - [NUDE] Epoch 61: force max bit-width W/A = 6
2026-01-03 08:26:18,785 - INFO  - [NUDE][TRAIN] Epoch 61/100 Iter 50/97 Loss 0.5027 Top1 99.99 Top5 100.00
2026-01-03 08:26:51,130 - INFO  - [NUDE] Validate: force max bit-width W/A = 6
2026-01-03 08:26:52,333 - INFO  - [NUDE][EPOCH] 61/100 Train: Top1=99.99 Top5=100.00 Loss=0.5027 | Val(EMA): Top1=93.57 | LR: 0.003313 QLR: 0.000010
2026-01-03 08:26:52,333 - INFO  -   ⏱️  本Epoch耗时: 1分6秒 | 平均Epoch耗时: 1分4秒 | 剩余Epoch数: 38
2026-01-03 08:26:52,333 - INFO  -   📅 预估剩余时间: 41分5秒 | 预估完成时间: 2026-01-03 09:07:57
2026-01-03 08:26:53,779 - INFO  - ([62] Epoch) Saving checkpoint to:
             Current: /workspace/FATBETA/training/mobilenetv2_cifar_nude_qat/mobilenetv2_cifar_nude_qat_checkpoint.pth.tar

2026-01-03 08:26:53,818 - INFO  - [NUDE] Epoch 62: force max bit-width W/A = 6
2026-01-03 08:27:27,165 - INFO  - [NUDE][TRAIN] Epoch 62/100 Iter 50/97 Loss 0.5028 Top1 99.98 Top5 100.00
2026-01-03 08:27:57,241 - INFO  - [NUDE] Validate: force max bit-width W/A = 6
2026-01-03 08:27:58,410 - INFO  - [NUDE][EPOCH] 62/100 Train: Top1=99.98 Top5=100.00 Loss=0.5027 | Val(EMA): Top1=93.36 | LR: 0.003166 QLR: 0.000010
2026-01-03 08:27:58,410 - INFO  -   ⏱️  本Epoch耗时: 1分4秒 | 平均Epoch耗时: 1分4秒 | 剩余Epoch数: 37
2026-01-03 08:27:58,410 - INFO  -   📅 预估剩余时间: 40分3秒 | 预估完成时间: 2026-01-03 09:08:02
2026-01-03 08:27:59,671 - INFO  - ([63] Epoch) Saving checkpoint to:
             Current: /workspace/FATBETA/training/mobilenetv2_cifar_nude_qat/mobilenetv2_cifar_nude_qat_checkpoint.pth.tar

2026-01-03 08:27:59,710 - INFO  - [NUDE] Epoch 63: force max bit-width W/A = 6
2026-01-03 08:28:32,058 - INFO  - [NUDE][TRAIN] Epoch 63/100 Iter 50/97 Loss 0.5027 Top1 99.98 Top5 100.00
2026-01-03 08:29:02,892 - INFO  - [NUDE] Validate: force max bit-width W/A = 6
2026-01-03 08:29:04,026 - INFO  - [NUDE][EPOCH] 63/100 Train: Top1=99.99 Top5=100.00 Loss=0.5026 | Val(EMA): Top1=93.30 | LR: 0.003021 QLR: 0.000010
2026-01-03 08:29:04,026 - INFO  -   ⏱️  本Epoch耗时: 1分4秒 | 平均Epoch耗时: 1分4秒 | 剩余Epoch数: 36
2026-01-03 08:29:04,026 - INFO  -   📅 预估剩余时间: 38分57秒 | 预估完成时间: 2026-01-03 09:08:01
2026-01-03 08:29:05,188 - INFO  - ([64] Epoch) Saving checkpoint to:
             Current: /workspace/FATBETA/training/mobilenetv2_cifar_nude_qat/mobilenetv2_cifar_nude_qat_checkpoint.pth.tar

2026-01-03 08:29:05,221 - INFO  - [NUDE] Epoch 64: force max bit-width W/A = 6
2026-01-03 08:29:38,695 - INFO  - [NUDE][TRAIN] Epoch 64/100 Iter 50/97 Loss 0.5026 Top1 99.98 Top5 100.00
2026-01-03 08:30:08,594 - INFO  - [NUDE] Validate: force max bit-width W/A = 6
2026-01-03 08:30:09,684 - INFO  - [NUDE][EPOCH] 64/100 Train: Top1=99.98 Top5=100.00 Loss=0.5027 | Val(EMA): Top1=93.46 | LR: 0.002878 QLR: 0.000010
2026-01-03 08:30:09,684 - INFO  -   ⏱️  本Epoch耗时: 1分4秒 | 平均Epoch耗时: 1分4秒 | 剩余Epoch数: 35
2026-01-03 08:30:09,684 - INFO  -   📅 预估剩余时间: 37分51秒 | 预估完成时间: 2026-01-03 09:08:00
2026-01-03 08:30:11,138 - INFO  - ([65] Epoch) Saving checkpoint to:
             Current: /workspace/FATBETA/training/mobilenetv2_cifar_nude_qat/mobilenetv2_cifar_nude_qat_checkpoint.pth.tar

2026-01-03 08:30:11,175 - INFO  - [NUDE] Epoch 65: force max bit-width W/A = 6
2026-01-03 08:30:42,989 - INFO  - [NUDE][TRAIN] Epoch 65/100 Iter 50/97 Loss 0.5025 Top1 100.00 Top5 100.00
2026-01-03 08:31:14,193 - INFO  - [NUDE] Validate: force max bit-width W/A = 6
2026-01-03 08:31:15,358 - INFO  - [NUDE][EPOCH] 65/100 Train: Top1=100.00 Top5=100.00 Loss=0.5025 | Val(EMA): Top1=93.42 | LR: 0.002737 QLR: 0.000010
2026-01-03 08:31:15,358 - INFO  -   ⏱️  本Epoch耗时: 1分4秒 | 平均Epoch耗时: 1分4秒 | 剩余Epoch数: 34
2026-01-03 08:31:15,358 - INFO  -   📅 预估剩余时间: 36分42秒 | 预估完成时间: 2026-01-03 09:07:57
2026-01-03 08:31:16,880 - INFO  - ([66] Epoch) Saving checkpoint to:
             Current: /workspace/FATBETA/training/mobilenetv2_cifar_nude_qat/mobilenetv2_cifar_nude_qat_checkpoint.pth.tar

2026-01-03 08:31:16,917 - INFO  - [NUDE] Epoch 66: force max bit-width W/A = 6
2026-01-03 08:31:49,143 - INFO  - [NUDE][TRAIN] Epoch 66/100 Iter 50/97 Loss 0.5024 Top1 99.99 Top5 100.00
2026-01-03 08:32:18,214 - INFO  - [NUDE] Validate: force max bit-width W/A = 6
2026-01-03 08:32:19,311 - INFO  - [NUDE][EPOCH] 66/100 Train: Top1=99.99 Top5=100.00 Loss=0.5024 | Val(EMA): Top1=93.52 | LR: 0.002599 QLR: 0.000010
2026-01-03 08:32:19,311 - INFO  -   ⏱️  本Epoch耗时: 1分2秒 | 平均Epoch耗时: 1分4秒 | 剩余Epoch数: 33
2026-01-03 08:32:19,311 - INFO  -   📅 预估剩余时间: 35分12秒 | 预估完成时间: 2026-01-03 09:07:31
2026-01-03 08:32:20,545 - INFO  - ([67] Epoch) Saving checkpoint to:
             Current: /workspace/FATBETA/training/mobilenetv2_cifar_nude_qat/mobilenetv2_cifar_nude_qat_checkpoint.pth.tar

2026-01-03 08:32:20,583 - INFO  - [NUDE] Epoch 67: force max bit-width W/A = 6
2026-01-03 08:32:54,179 - INFO  - [NUDE][TRAIN] Epoch 67/100 Iter 50/97 Loss 0.5028 Top1 99.98 Top5 100.00
2026-01-03 08:33:24,132 - INFO  - [NUDE] Validate: force max bit-width W/A = 6
2026-01-03 08:33:25,256 - INFO  - [NUDE][EPOCH] 67/100 Train: Top1=99.98 Top5=100.00 Loss=0.5027 | Val(EMA): Top1=93.60 | LR: 0.002462 QLR: 0.000010
2026-01-03 08:33:25,256 - INFO  -   ⏱️  本Epoch耗时: 1分4秒 | 平均Epoch耗时: 1分4秒 | 剩余Epoch数: 32
2026-01-03 08:33:25,256 - INFO  -   📅 预估剩余时间: 34分9秒 | 预估完成时间: 2026-01-03 09:07:34
2026-01-03 08:33:26,755 - INFO  - ([68] Epoch) Saving checkpoint to:
             Current: /workspace/FATBETA/training/mobilenetv2_cifar_nude_qat/mobilenetv2_cifar_nude_qat_checkpoint.pth.tar

2026-01-03 08:33:26,793 - INFO  - [NUDE] Epoch 68: force max bit-width W/A = 6
2026-01-03 08:33:58,714 - INFO  - [NUDE][TRAIN] Epoch 68/100 Iter 50/97 Loss 0.5026 Top1 99.98 Top5 100.00
2026-01-03 08:34:30,208 - INFO  - [NUDE] Validate: force max bit-width W/A = 6
2026-01-03 08:34:31,299 - INFO  - [NUDE][EPOCH] 68/100 Train: Top1=99.99 Top5=100.00 Loss=0.5026 | Val(EMA): Top1=93.67 | LR: 0.002329 QLR: 0.000010
2026-01-03 08:34:31,299 - INFO  -   ⏱️  本Epoch耗时: 1分4秒 | 平均Epoch耗时: 1分4秒 | 剩余Epoch数: 31
2026-01-03 08:34:31,299 - INFO  -   📅 预估剩余时间: 33分6秒 | 预估完成时间: 2026-01-03 09:07:37
2026-01-03 08:34:32,778 - INFO  - ([69] Epoch) Saving checkpoint to:
             Current: /workspace/FATBETA/training/mobilenetv2_cifar_nude_qat/mobilenetv2_cifar_nude_qat_checkpoint.pth.tar

2026-01-03 08:34:32,816 - INFO  - [NUDE] Epoch 69: force max bit-width W/A = 6
2026-01-03 08:35:05,488 - INFO  - [NUDE][TRAIN] Epoch 69/100 Iter 50/97 Loss 0.5023 Top1 100.00 Top5 100.00
2026-01-03 08:35:36,411 - INFO  - [NUDE] Validate: force max bit-width W/A = 6
2026-01-03 08:35:37,497 - INFO  - [NUDE][EPOCH] 69/100 Train: Top1=100.00 Top5=100.00 Loss=0.5023 | Val(EMA): Top1=93.59 | LR: 0.002197 QLR: 0.000010
2026-01-03 08:35:37,497 - INFO  -   ⏱️  本Epoch耗时: 1分4秒 | 平均Epoch耗时: 1分4秒 | 剩余Epoch数: 30
2026-01-03 08:35:37,497 - INFO  -   📅 预估剩余时间: 32分3秒 | 预估完成时间: 2026-01-03 09:07:40
2026-01-03 08:35:38,886 - INFO  - ([70] Epoch) Saving checkpoint to:
             Current: /workspace/FATBETA/training/mobilenetv2_cifar_nude_qat/mobilenetv2_cifar_nude_qat_checkpoint.pth.tar

2026-01-03 08:35:38,920 - INFO  - [NUDE] Epoch 70: force max bit-width W/A = 6
2026-01-03 08:36:11,716 - INFO  - [NUDE][TRAIN] Epoch 70/100 Iter 50/97 Loss 0.5025 Top1 99.99 Top5 100.00
2026-01-03 08:36:41,990 - INFO  - [NUDE] Validate: force max bit-width W/A = 6
2026-01-03 08:36:43,073 - INFO  - [NUDE][EPOCH] 70/100 Train: Top1=100.00 Top5=100.00 Loss=0.5024 | Val(EMA): Top1=93.45 | LR: 0.002069 QLR: 0.000010
2026-01-03 08:36:43,073 - INFO  -   ⏱️  本Epoch耗时: 1分4秒 | 平均Epoch耗时: 1分4秒 | 剩余Epoch数: 29
2026-01-03 08:36:43,073 - INFO  -   📅 预估剩余时间: 30分59秒 | 预估完成时间: 2026-01-03 09:07:42
2026-01-03 08:36:44,507 - INFO  - ([71] Epoch) Saving checkpoint to:
             Current: /workspace/FATBETA/training/mobilenetv2_cifar_nude_qat/mobilenetv2_cifar_nude_qat_checkpoint.pth.tar

2026-01-03 08:36:44,545 - INFO  - [NUDE] Epoch 71: force max bit-width W/A = 6
2026-01-03 08:37:17,904 - INFO  - [NUDE][TRAIN] Epoch 71/100 Iter 50/97 Loss 0.5024 Top1 99.99 Top5 100.00
2026-01-03 08:37:48,806 - INFO  - [NUDE] Validate: force max bit-width W/A = 6
2026-01-03 08:37:49,898 - INFO  - [NUDE][EPOCH] 71/100 Train: Top1=99.99 Top5=100.00 Loss=0.5024 | Val(EMA): Top1=93.52 | LR: 0.001944 QLR: 0.000010
2026-01-03 08:37:49,898 - INFO  -   ⏱️  本Epoch耗时: 1分5秒 | 平均Epoch耗时: 1分4秒 | 剩余Epoch数: 28
2026-01-03 08:37:49,898 - INFO  -   📅 预估剩余时间: 30分11秒 | 预估完成时间: 2026-01-03 09:08:01
2026-01-03 08:37:51,082 - INFO  - ([72] Epoch) Saving checkpoint to:
             Current: /workspace/FATBETA/training/mobilenetv2_cifar_nude_qat/mobilenetv2_cifar_nude_qat_checkpoint.pth.tar

2026-01-03 08:37:51,120 - INFO  - [NUDE] Epoch 72: force max bit-width W/A = 6
2026-01-03 08:38:24,107 - INFO  - [NUDE][TRAIN] Epoch 72/100 Iter 50/97 Loss 0.5025 Top1 99.99 Top5 100.00
2026-01-03 08:38:55,371 - INFO  - [NUDE] Validate: force max bit-width W/A = 6
2026-01-03 08:38:56,469 - INFO  - [NUDE][EPOCH] 72/100 Train: Top1=99.98 Top5=100.00 Loss=0.5025 | Val(EMA): Top1=93.68 | LR: 0.001821 QLR: 0.000010
2026-01-03 08:38:56,470 - INFO  -   ⏱️  本Epoch耗时: 1分5秒 | 平均Epoch耗时: 1分4秒 | 剩余Epoch数: 27
2026-01-03 08:38:56,470 - INFO  -   📅 预估剩余时间: 29分10秒 | 预估完成时间: 2026-01-03 09:08:07
2026-01-03 08:38:57,731 - INFO  - ([73] Epoch) Saving checkpoint to:
             Current: /workspace/FATBETA/training/mobilenetv2_cifar_nude_qat/mobilenetv2_cifar_nude_qat_checkpoint.pth.tar

2026-01-03 08:38:57,777 - INFO  - [NUDE] Epoch 73: force max bit-width W/A = 6
2026-01-03 08:39:31,073 - INFO  - [NUDE][TRAIN] Epoch 73/100 Iter 50/97 Loss 0.5024 Top1 99.98 Top5 100.00
2026-01-03 08:40:02,875 - INFO  - [NUDE] Validate: force max bit-width W/A = 6
2026-01-03 08:40:03,992 - INFO  - [NUDE][EPOCH] 73/100 Train: Top1=99.99 Top5=100.00 Loss=0.5024 | Val(EMA): Top1=93.66 | LR: 0.001702 QLR: 0.000010
2026-01-03 08:40:03,993 - INFO  -   ⏱️  本Epoch耗时: 1分6秒 | 平均Epoch耗时: 1分5秒 | 剩余Epoch数: 26
2026-01-03 08:40:03,993 - INFO  -   📅 预估剩余时间: 28分14秒 | 预估完成时间: 2026-01-03 09:08:18
2026-01-03 08:40:05,450 - INFO  - ([74] Epoch) Saving checkpoint to:
             Current: /workspace/FATBETA/training/mobilenetv2_cifar_nude_qat/mobilenetv2_cifar_nude_qat_checkpoint.pth.tar

2026-01-03 08:40:05,488 - INFO  - [NUDE] Epoch 74: force max bit-width W/A = 6
2026-01-03 08:40:37,516 - INFO  - [NUDE][TRAIN] Epoch 74/100 Iter 50/97 Loss 0.5025 Top1 99.98 Top5 100.00
2026-01-03 08:41:07,780 - INFO  - [NUDE] Validate: force max bit-width W/A = 6
2026-01-03 08:41:08,901 - INFO  - [NUDE][EPOCH] 74/100 Train: Top1=99.98 Top5=100.00 Loss=0.5026 | Val(EMA): Top1=93.59 | LR: 0.001586 QLR: 0.000010
2026-01-03 08:41:08,901 - INFO  -   ⏱️  本Epoch耗时: 1分3秒 | 平均Epoch耗时: 1分4秒 | 剩余Epoch数: 25
2026-01-03 08:41:08,901 - INFO  -   📅 预估剩余时间: 27分3秒 | 预估完成时间: 2026-01-03 09:08:12
2026-01-03 08:41:10,169 - INFO  - ([75] Epoch) Saving checkpoint to:
             Current: /workspace/FATBETA/training/mobilenetv2_cifar_nude_qat/mobilenetv2_cifar_nude_qat_checkpoint.pth.tar

2026-01-03 08:41:10,207 - INFO  - [NUDE] Epoch 75: force max bit-width W/A = 6
2026-01-03 08:41:42,933 - INFO  - [NUDE][TRAIN] Epoch 75/100 Iter 50/97 Loss 0.5025 Top1 99.98 Top5 100.00
2026-01-03 08:42:13,203 - INFO  - [NUDE] Validate: force max bit-width W/A = 6
2026-01-03 08:42:14,289 - INFO  - [NUDE][EPOCH] 75/100 Train: Top1=99.99 Top5=100.00 Loss=0.5024 | Val(EMA): Top1=93.79 | LR: 0.001473 QLR: 0.000010
2026-01-03 08:42:14,289 - INFO  -   ⏱️  本Epoch耗时: 1分4秒 | 平均Epoch耗时: 1分4秒 | 剩余Epoch数: 24
2026-01-03 08:42:14,289 - INFO  -   📅 预估剩余时间: 25分57秒 | 预估完成时间: 2026-01-03 09:08:12
2026-01-03 08:42:15,758 - INFO  - ([76] Epoch) Saving checkpoint to:
             Current: /workspace/FATBETA/training/mobilenetv2_cifar_nude_qat/mobilenetv2_cifar_nude_qat_checkpoint.pth.tar

2026-01-03 08:42:15,798 - INFO  - [NUDE] Epoch 76: force max bit-width W/A = 6
2026-01-03 08:42:48,632 - INFO  - [NUDE][TRAIN] Epoch 76/100 Iter 50/97 Loss 0.5024 Top1 99.99 Top5 100.00
2026-01-03 08:43:19,388 - INFO  - [NUDE] Validate: force max bit-width W/A = 6
2026-01-03 08:43:20,546 - INFO  - [NUDE][EPOCH] 76/100 Train: Top1=99.98 Top5=100.00 Loss=0.5025 | Val(EMA): Top1=93.62 | LR: 0.001364 QLR: 0.000010
2026-01-03 08:43:20,546 - INFO  -   ⏱️  本Epoch耗时: 1分4秒 | 平均Epoch耗时: 1分4秒 | 剩余Epoch数: 23
2026-01-03 08:43:20,546 - INFO  -   📅 预估剩余时间: 24分50秒 | 预估完成时间: 2026-01-03 09:08:10
2026-01-03 08:43:21,995 - INFO  - ([77] Epoch) Saving checkpoint to:
             Current: /workspace/FATBETA/training/mobilenetv2_cifar_nude_qat/mobilenetv2_cifar_nude_qat_checkpoint.pth.tar

2026-01-03 08:43:22,033 - INFO  - [NUDE] Epoch 77: force max bit-width W/A = 6
2026-01-03 08:43:55,063 - INFO  - [NUDE][TRAIN] Epoch 77/100 Iter 50/97 Loss 0.5024 Top1 99.99 Top5 100.00
2026-01-03 08:44:27,081 - INFO  - [NUDE] Validate: force max bit-width W/A = 6
2026-01-03 08:44:28,196 - INFO  - [NUDE][EPOCH] 77/100 Train: Top1=99.99 Top5=100.00 Loss=0.5024 | Val(EMA): Top1=93.59 | LR: 0.001258 QLR: 0.000010
2026-01-03 08:44:28,196 - INFO  -   ⏱️  本Epoch耗时: 1分6秒 | 平均Epoch耗时: 1分4秒 | 剩余Epoch数: 22
2026-01-03 08:44:28,196 - INFO  -   📅 预估剩余时间: 23分48秒 | 预估完成时间: 2026-01-03 09:08:17
2026-01-03 08:44:29,428 - INFO  - ([78] Epoch) Saving checkpoint to:
             Current: /workspace/FATBETA/training/mobilenetv2_cifar_nude_qat/mobilenetv2_cifar_nude_qat_checkpoint.pth.tar

2026-01-03 08:44:29,466 - INFO  - [NUDE] Epoch 78: force max bit-width W/A = 6
2026-01-03 08:45:01,888 - INFO  - [NUDE][TRAIN] Epoch 78/100 Iter 50/97 Loss 0.5024 Top1 99.99 Top5 100.00
2026-01-03 08:45:33,857 - INFO  - [NUDE] Validate: force max bit-width W/A = 6
2026-01-03 08:45:34,973 - INFO  - [NUDE][EPOCH] 78/100 Train: Top1=99.98 Top5=100.00 Loss=0.5025 | Val(EMA): Top1=93.55 | LR: 0.001156 QLR: 0.000010
2026-01-03 08:45:34,973 - INFO  -   ⏱️  本Epoch耗时: 1分5秒 | 平均Epoch耗时: 1分4秒 | 剩余Epoch数: 21
2026-01-03 08:45:34,973 - INFO  -   📅 预估剩余时间: 22分41秒 | 预估完成时间: 2026-01-03 09:08:16
2026-01-03 08:45:36,286 - INFO  - ([79] Epoch) Saving checkpoint to:
             Current: /workspace/FATBETA/training/mobilenetv2_cifar_nude_qat/mobilenetv2_cifar_nude_qat_checkpoint.pth.tar

2026-01-03 08:45:36,322 - INFO  - [NUDE] Epoch 79: force max bit-width W/A = 6
2026-01-03 08:46:10,264 - INFO  - [NUDE][TRAIN] Epoch 79/100 Iter 50/97 Loss 0.5023 Top1 99.99 Top5 100.00
2026-01-03 08:46:41,638 - INFO  - [NUDE] Validate: force max bit-width W/A = 6
2026-01-03 08:46:42,725 - INFO  - [NUDE][EPOCH] 79/100 Train: Top1=99.98 Top5=100.00 Loss=0.5024 | Val(EMA): Top1=93.55 | LR: 0.001058 QLR: 0.000010
2026-01-03 08:46:42,725 - INFO  -   ⏱️  本Epoch耗时: 1分6秒 | 平均Epoch耗时: 1分5秒 | 剩余Epoch数: 20
2026-01-03 08:46:42,725 - INFO  -   📅 预估剩余时间: 21分48秒 | 预估完成时间: 2026-01-03 09:08:30
2026-01-03 08:46:43,895 - INFO  - ([80] Epoch) Saving checkpoint to:
             Current: /workspace/FATBETA/training/mobilenetv2_cifar_nude_qat/mobilenetv2_cifar_nude_qat_checkpoint.pth.tar

2026-01-03 08:46:43,934 - INFO  - [NUDE] Epoch 80: force max bit-width W/A = 6
2026-01-03 08:47:17,222 - INFO  - [NUDE][TRAIN] Epoch 80/100 Iter 50/97 Loss 0.5023 Top1 100.00 Top5 100.00
2026-01-03 08:47:47,881 - INFO  - [NUDE] Validate: force max bit-width W/A = 6
2026-01-03 08:47:49,007 - INFO  - [NUDE][EPOCH] 80/100 Train: Top1=99.99 Top5=100.00 Loss=0.5024 | Val(EMA): Top1=93.64 | LR: 0.000964 QLR: 0.000010
2026-01-03 08:47:49,007 - INFO  -   ⏱️  本Epoch耗时: 1分5秒 | 平均Epoch耗时: 1分5秒 | 剩余Epoch数: 19
2026-01-03 08:47:49,007 - INFO  -   📅 预估剩余时间: 20分46秒 | 预估完成时间: 2026-01-03 09:08:35
2026-01-03 08:47:50,224 - INFO  - ([81] Epoch) Saving checkpoint to:
             Current: /workspace/FATBETA/training/mobilenetv2_cifar_nude_qat/mobilenetv2_cifar_nude_qat_checkpoint.pth.tar

2026-01-03 08:47:50,259 - INFO  - [NUDE] Epoch 81: force max bit-width W/A = 6
2026-01-03 08:48:23,414 - INFO  - [NUDE][TRAIN] Epoch 81/100 Iter 50/97 Loss 0.5023 Top1 99.99 Top5 100.00
2026-01-03 08:48:56,165 - INFO  - [NUDE] Validate: force max bit-width W/A = 6
2026-01-03 08:48:57,238 - INFO  - [NUDE][EPOCH] 81/100 Train: Top1=99.99 Top5=100.00 Loss=0.5022 | Val(EMA): Top1=93.65 | LR: 0.000874 QLR: 0.000010
2026-01-03 08:48:57,238 - INFO  -   ⏱️  本Epoch耗时: 1分7秒 | 平均Epoch耗时: 1分6秒 | 剩余Epoch数: 18
2026-01-03 08:48:57,238 - INFO  -   📅 预估剩余时间: 19分48秒 | 预估完成时间: 2026-01-03 09:08:46
2026-01-03 08:48:58,425 - INFO  - ([82] Epoch) Saving checkpoint to:
             Current: /workspace/FATBETA/training/mobilenetv2_cifar_nude_qat/mobilenetv2_cifar_nude_qat_checkpoint.pth.tar

2026-01-03 08:48:58,462 - INFO  - [NUDE] Epoch 82: force max bit-width W/A = 6
2026-01-03 08:49:30,855 - INFO  - [NUDE][TRAIN] Epoch 82/100 Iter 50/97 Loss 0.5024 Top1 99.98 Top5 100.00
2026-01-03 08:50:02,204 - INFO  - [NUDE] Validate: force max bit-width W/A = 6
2026-01-03 08:50:03,342 - INFO  - [NUDE][EPOCH] 82/100 Train: Top1=99.99 Top5=100.00 Loss=0.5023 | Val(EMA): Top1=93.62 | LR: 0.000788 QLR: 0.000010
2026-01-03 08:50:03,343 - INFO  -   ⏱️  本Epoch耗时: 1分4秒 | 平均Epoch耗时: 1分5秒 | 剩余Epoch数: 17
2026-01-03 08:50:03,343 - INFO  -   📅 预估剩余时间: 18分38秒 | 预估完成时间: 2026-01-03 09:08:41
2026-01-03 08:50:04,672 - INFO  - ([83] Epoch) Saving checkpoint to:
             Current: /workspace/FATBETA/training/mobilenetv2_cifar_nude_qat/mobilenetv2_cifar_nude_qat_checkpoint.pth.tar

2026-01-03 08:50:04,708 - INFO  - [NUDE] Epoch 83: force max bit-width W/A = 6
2026-01-03 08:50:37,997 - INFO  - [NUDE][TRAIN] Epoch 83/100 Iter 50/97 Loss 0.5023 Top1 99.99 Top5 100.00
2026-01-03 08:51:09,036 - INFO  - [NUDE] Validate: force max bit-width W/A = 6
2026-01-03 08:51:10,097 - INFO  - [NUDE][EPOCH] 83/100 Train: Top1=99.99 Top5=100.00 Loss=0.5022 | Val(EMA): Top1=93.60 | LR: 0.000706 QLR: 0.000010
2026-01-03 08:51:10,097 - INFO  -   ⏱️  本Epoch耗时: 1分5秒 | 平均Epoch耗时: 1分5秒 | 剩余Epoch数: 16
2026-01-03 08:51:10,097 - INFO  -   📅 预估剩余时间: 17分32秒 | 预估完成时间: 2026-01-03 09:08:42
2026-01-03 08:51:11,295 - INFO  - ([84] Epoch) Saving checkpoint to:
             Current: /workspace/FATBETA/training/mobilenetv2_cifar_nude_qat/mobilenetv2_cifar_nude_qat_checkpoint.pth.tar

2026-01-03 08:51:11,333 - INFO  - [NUDE] Epoch 84: force max bit-width W/A = 6
2026-01-03 08:51:43,739 - INFO  - [NUDE][TRAIN] Epoch 84/100 Iter 50/97 Loss 0.5022 Top1 99.99 Top5 100.00
2026-01-03 08:52:13,644 - INFO  - [NUDE] Validate: force max bit-width W/A = 6
2026-01-03 08:52:14,812 - INFO  - [NUDE][EPOCH] 84/100 Train: Top1=99.99 Top5=100.00 Loss=0.5023 | Val(EMA): Top1=93.57 | LR: 0.000628 QLR: 0.000010
2026-01-03 08:52:14,812 - INFO  -   ⏱️  本Epoch耗时: 1分3秒 | 平均Epoch耗时: 1分5秒 | 剩余Epoch数: 15
2026-01-03 08:52:14,812 - INFO  -   📅 预估剩余时间: 16分17秒 | 预估完成时间: 2026-01-03 09:08:32
2026-01-03 08:52:16,053 - INFO  - ([85] Epoch) Saving checkpoint to:
             Current: /workspace/FATBETA/training/mobilenetv2_cifar_nude_qat/mobilenetv2_cifar_nude_qat_checkpoint.pth.tar

2026-01-03 08:52:16,088 - INFO  - [NUDE] Epoch 85: force max bit-width W/A = 6
2026-01-03 08:52:48,921 - INFO  - [NUDE][TRAIN] Epoch 85/100 Iter 50/97 Loss 0.5021 Top1 100.00 Top5 100.00
2026-01-03 08:53:19,525 - INFO  - [NUDE] Validate: force max bit-width W/A = 6
2026-01-03 08:53:20,624 - INFO  - [NUDE][EPOCH] 85/100 Train: Top1=99.99 Top5=100.00 Loss=0.5023 | Val(EMA): Top1=93.49 | LR: 0.000554 QLR: 0.000010
2026-01-03 08:53:20,624 - INFO  -   ⏱️  本Epoch耗时: 1分4秒 | 平均Epoch耗时: 1分5秒 | 剩余Epoch数: 14
2026-01-03 08:53:20,624 - INFO  -   📅 预估剩余时间: 15分11秒 | 预估完成时间: 2026-01-03 09:08:31
2026-01-03 08:53:21,905 - INFO  - ([86] Epoch) Saving checkpoint to:
             Current: /workspace/FATBETA/training/mobilenetv2_cifar_nude_qat/mobilenetv2_cifar_nude_qat_checkpoint.pth.tar

2026-01-03 08:53:21,944 - INFO  - [NUDE] Epoch 86: force max bit-width W/A = 6
2026-01-03 08:53:54,330 - INFO  - [NUDE][TRAIN] Epoch 86/100 Iter 50/97 Loss 0.5023 Top1 99.99 Top5 100.00
2026-01-03 08:54:25,542 - INFO  - [NUDE] Validate: force max bit-width W/A = 6
2026-01-03 08:54:26,655 - INFO  - [NUDE][EPOCH] 86/100 Train: Top1=99.99 Top5=100.00 Loss=0.5024 | Val(EMA): Top1=93.63 | LR: 0.000485 QLR: 0.000010
2026-01-03 08:54:26,655 - INFO  -   ⏱️  本Epoch耗时: 1分4秒 | 平均Epoch耗时: 1分4秒 | 剩余Epoch数: 13
2026-01-03 08:54:26,655 - INFO  -   📅 预估剩余时间: 14分0秒 | 预估完成时间: 2026-01-03 09:08:26
2026-01-03 08:54:27,823 - INFO  - ([87] Epoch) Saving checkpoint to:
             Current: /workspace/FATBETA/training/mobilenetv2_cifar_nude_qat/mobilenetv2_cifar_nude_qat_checkpoint.pth.tar

2026-01-03 08:54:27,859 - INFO  - [NUDE] Epoch 87: force max bit-width W/A = 6
2026-01-03 08:55:01,564 - INFO  - [NUDE][TRAIN] Epoch 87/100 Iter 50/97 Loss 0.5022 Top1 100.00 Top5 100.00
2026-01-03 08:55:32,452 - INFO  - [NUDE] Validate: force max bit-width W/A = 6
2026-01-03 08:55:33,549 - INFO  - [NUDE][EPOCH] 87/100 Train: Top1=100.00 Top5=100.00 Loss=0.5022 | Val(EMA): Top1=93.59 | LR: 0.000421 QLR: 0.000010
2026-01-03 08:55:33,550 - INFO  -   ⏱️  本Epoch耗时: 1分5秒 | 平均Epoch耗时: 1分4秒 | 剩余Epoch数: 12
2026-01-03 08:55:33,550 - INFO  -   📅 预估剩余时间: 12分57秒 | 预估完成时间: 2026-01-03 09:08:31
2026-01-03 08:55:34,783 - INFO  - ([88] Epoch) Saving checkpoint to:
             Current: /workspace/FATBETA/training/mobilenetv2_cifar_nude_qat/mobilenetv2_cifar_nude_qat_checkpoint.pth.tar

2026-01-03 08:55:34,822 - INFO  - [NUDE] Epoch 88: force max bit-width W/A = 6
2026-01-03 08:56:07,165 - INFO  - [NUDE][TRAIN] Epoch 88/100 Iter 50/97 Loss 0.5023 Top1 99.99 Top5 100.00
2026-01-03 08:56:37,860 - INFO  - [NUDE] Validate: force max bit-width W/A = 6
2026-01-03 08:56:39,000 - INFO  - [NUDE][EPOCH] 88/100 Train: Top1=99.99 Top5=100.00 Loss=0.5023 | Val(EMA): Top1=93.62 | LR: 0.000361 QLR: 0.000010
2026-01-03 08:56:39,000 - INFO  -   ⏱️  本Epoch耗时: 1分4秒 | 平均Epoch耗时: 1分4秒 | 剩余Epoch数: 11
2026-01-03 08:56:39,000 - INFO  -   📅 预估剩余时间: 11分50秒 | 预估完成时间: 2026-01-03 09:08:29
2026-01-03 08:56:40,271 - INFO  - ([89] Epoch) Saving checkpoint to:
             Current: /workspace/FATBETA/training/mobilenetv2_cifar_nude_qat/mobilenetv2_cifar_nude_qat_checkpoint.pth.tar

2026-01-03 08:56:40,308 - INFO  - [NUDE] Epoch 89: force max bit-width W/A = 6
2026-01-03 08:57:15,137 - INFO  - [NUDE][TRAIN] Epoch 89/100 Iter 50/97 Loss 0.5023 Top1 99.99 Top5 100.00
2026-01-03 08:57:46,377 - INFO  - [NUDE] Validate: force max bit-width W/A = 6
2026-01-03 08:57:47,505 - INFO  - [NUDE][EPOCH] 89/100 Train: Top1=99.99 Top5=100.00 Loss=0.5022 | Val(EMA): Top1=93.74 | LR: 0.000305 QLR: 0.000010
2026-01-03 08:57:47,506 - INFO  -   ⏱️  本Epoch耗时: 1分7秒 | 平均Epoch耗时: 1分5秒 | 剩余Epoch数: 10
2026-01-03 08:57:47,506 - INFO  -   📅 预估剩余时间: 10分52秒 | 预估完成时间: 2026-01-03 09:08:40
2026-01-03 08:57:48,708 - INFO  - ([90] Epoch) Saving checkpoint to:
             Current: /workspace/FATBETA/training/mobilenetv2_cifar_nude_qat/mobilenetv2_cifar_nude_qat_checkpoint.pth.tar

2026-01-03 08:57:48,743 - INFO  - [NUDE] Epoch 90: force max bit-width W/A = 6
2026-01-03 08:58:20,934 - INFO  - [NUDE][TRAIN] Epoch 90/100 Iter 50/97 Loss 0.5022 Top1 99.99 Top5 100.00
2026-01-03 08:58:51,863 - INFO  - [NUDE] Validate: force max bit-width W/A = 6
2026-01-03 08:58:52,979 - INFO  - [NUDE][EPOCH] 90/100 Train: Top1=99.99 Top5=100.00 Loss=0.5023 | Val(EMA): Top1=93.67 | LR: 0.000254 QLR: 0.000010
2026-01-03 08:58:52,979 - INFO  -   ⏱️  本Epoch耗时: 1分4秒 | 平均Epoch耗时: 1分5秒 | 剩余Epoch数: 9
2026-01-03 08:58:52,979 - INFO  -   📅 预估剩余时间: 9分47秒 | 预估完成时间: 2026-01-03 09:08:40
2026-01-03 08:58:54,165 - INFO  - ([91] Epoch) Saving checkpoint to:
             Current: /workspace/FATBETA/training/mobilenetv2_cifar_nude_qat/mobilenetv2_cifar_nude_qat_checkpoint.pth.tar

2026-01-03 08:58:54,199 - INFO  - [NUDE] Epoch 91: force max bit-width W/A = 6
2026-01-03 08:59:26,738 - INFO  - [NUDE][TRAIN] Epoch 91/100 Iter 50/97 Loss 0.5021 Top1 99.99 Top5 100.00
2026-01-03 08:59:56,361 - INFO  - [NUDE] Validate: force max bit-width W/A = 6
2026-01-03 08:59:57,438 - INFO  - [NUDE][EPOCH] 91/100 Train: Top1=99.99 Top5=100.00 Loss=0.5021 | Val(EMA): Top1=93.51 | LR: 0.000208 QLR: 0.000010
2026-01-03 08:59:57,438 - INFO  -   ⏱️  本Epoch耗时: 1分3秒 | 平均Epoch耗时: 1分4秒 | 剩余Epoch数: 8
2026-01-03 08:59:57,438 - INFO  -   📅 预估剩余时间: 8分39秒 | 预估完成时间: 2026-01-03 09:08:36
2026-01-03 08:59:58,706 - INFO  - ([92] Epoch) Saving checkpoint to:
             Current: /workspace/FATBETA/training/mobilenetv2_cifar_nude_qat/mobilenetv2_cifar_nude_qat_checkpoint.pth.tar

2026-01-03 08:59:58,743 - INFO  - [NUDE] Epoch 92: force max bit-width W/A = 6
2026-01-03 09:00:33,247 - INFO  - [NUDE][TRAIN] Epoch 92/100 Iter 50/97 Loss 0.5022 Top1 99.99 Top5 100.00
2026-01-03 09:01:04,986 - INFO  - [NUDE] Validate: force max bit-width W/A = 6
2026-01-03 09:01:06,092 - INFO  - [NUDE][EPOCH] 92/100 Train: Top1=99.99 Top5=100.00 Loss=0.5023 | Val(EMA): Top1=93.51 | LR: 0.000167 QLR: 0.000010
2026-01-03 09:01:06,092 - INFO  -   ⏱️  本Epoch耗时: 1分7秒 | 平均Epoch耗时: 1分5秒 | 剩余Epoch数: 7
2026-01-03 09:01:06,092 - INFO  -   📅 预估剩余时间: 7分36秒 | 预估完成时间: 2026-01-03 09:08:42
2026-01-03 09:01:07,302 - INFO  - ([93] Epoch) Saving checkpoint to:
             Current: /workspace/FATBETA/training/mobilenetv2_cifar_nude_qat/mobilenetv2_cifar_nude_qat_checkpoint.pth.tar

2026-01-03 09:01:07,341 - INFO  - [NUDE] Epoch 93: force max bit-width W/A = 6
2026-01-03 09:01:39,673 - INFO  - [NUDE][TRAIN] Epoch 93/100 Iter 50/97 Loss 0.5024 Top1 99.99 Top5 100.00
2026-01-03 09:02:11,030 - INFO  - [NUDE] Validate: force max bit-width W/A = 6
2026-01-03 09:02:12,124 - INFO  - [NUDE][EPOCH] 93/100 Train: Top1=99.99 Top5=100.00 Loss=0.5024 | Val(EMA): Top1=93.49 | LR: 0.000130 QLR: 0.000010
2026-01-03 09:02:12,124 - INFO  -   ⏱️  本Epoch耗时: 1分4秒 | 平均Epoch耗时: 1分5秒 | 剩余Epoch数: 6
2026-01-03 09:02:12,124 - INFO  -   📅 预估剩余时间: 6分32秒 | 预估完成时间: 2026-01-03 09:08:44
2026-01-03 09:02:13,333 - INFO  - ([94] Epoch) Saving checkpoint to:
             Current: /workspace/FATBETA/training/mobilenetv2_cifar_nude_qat/mobilenetv2_cifar_nude_qat_checkpoint.pth.tar

2026-01-03 09:02:13,371 - INFO  - [NUDE] Epoch 94: force max bit-width W/A = 6
2026-01-03 09:02:45,996 - INFO  - [NUDE][TRAIN] Epoch 94/100 Iter 50/97 Loss 0.5023 Top1 100.00 Top5 100.00
2026-01-03 09:03:16,305 - INFO  - [NUDE] Validate: force max bit-width W/A = 6
2026-01-03 09:03:17,398 - INFO  - [NUDE][EPOCH] 94/100 Train: Top1=99.99 Top5=100.00 Loss=0.5022 | Val(EMA): Top1=93.68 | LR: 0.000098 QLR: 0.000010
2026-01-03 09:03:17,398 - INFO  -   ⏱️  本Epoch耗时: 1分4秒 | 平均Epoch耗时: 1分4秒 | 剩余Epoch数: 5
2026-01-03 09:03:17,399 - INFO  -   📅 预估剩余时间: 5分23秒 | 预估完成时间: 2026-01-03 09:08:41
2026-01-03 09:03:18,641 - INFO  - ([95] Epoch) Saving checkpoint to:
             Current: /workspace/FATBETA/training/mobilenetv2_cifar_nude_qat/mobilenetv2_cifar_nude_qat_checkpoint.pth.tar

2026-01-03 09:03:18,676 - INFO  - [NUDE] Epoch 95: force max bit-width W/A = 6
2026-01-03 09:03:51,655 - INFO  - [NUDE][TRAIN] Epoch 95/100 Iter 50/97 Loss 0.5023 Top1 99.99 Top5 100.00
2026-01-03 09:04:21,680 - INFO  - [NUDE] Validate: force max bit-width W/A = 6
2026-01-03 09:04:22,862 - INFO  - [NUDE][EPOCH] 95/100 Train: Top1=99.99 Top5=100.00 Loss=0.5023 | Val(EMA): Top1=93.73 | LR: 0.000071 QLR: 0.000010
2026-01-03 09:04:22,863 - INFO  -   ⏱️  本Epoch耗时: 1分4秒 | 平均Epoch耗时: 1分4秒 | 剩余Epoch数: 4
2026-01-03 09:04:22,863 - INFO  -   📅 预估剩余时间: 4分18秒 | 预估完成时间: 2026-01-03 09:08:41
2026-01-03 09:04:24,156 - INFO  - ([96] Epoch) Saving checkpoint to:
             Current: /workspace/FATBETA/training/mobilenetv2_cifar_nude_qat/mobilenetv2_cifar_nude_qat_checkpoint.pth.tar

2026-01-03 09:04:24,215 - INFO  - [NUDE] Epoch 96: force max bit-width W/A = 6
2026-01-03 09:04:57,552 - INFO  - [NUDE][TRAIN] Epoch 96/100 Iter 50/97 Loss 0.5021 Top1 99.99 Top5 100.00
2026-01-03 09:05:28,364 - INFO  - [NUDE] Validate: force max bit-width W/A = 6
2026-01-03 09:05:29,511 - INFO  - [NUDE][EPOCH] 96/100 Train: Top1=99.99 Top5=100.00 Loss=0.5021 | Val(EMA): Top1=93.61 | LR: 0.000049 QLR: 0.000010
2026-01-03 09:05:29,511 - INFO  -   ⏱️  本Epoch耗时: 1分5秒 | 平均Epoch耗时: 1分5秒 | 剩余Epoch数: 3
2026-01-03 09:05:29,511 - INFO  -   📅 预估剩余时间: 3分15秒 | 预估完成时间: 2026-01-03 09:08:44
2026-01-03 09:05:30,748 - INFO  - ([97] Epoch) Saving checkpoint to:
             Current: /workspace/FATBETA/training/mobilenetv2_cifar_nude_qat/mobilenetv2_cifar_nude_qat_checkpoint.pth.tar

2026-01-03 09:05:30,784 - INFO  - [NUDE] Epoch 97: force max bit-width W/A = 6
2026-01-03 09:06:04,418 - INFO  - [NUDE][TRAIN] Epoch 97/100 Iter 50/97 Loss 0.5022 Top1 100.00 Top5 100.00
2026-01-03 09:06:35,615 - INFO  - [NUDE] Validate: force max bit-width W/A = 6
2026-01-03 09:06:36,700 - INFO  - [NUDE][EPOCH] 97/100 Train: Top1=99.99 Top5=100.00 Loss=0.5023 | Val(EMA): Top1=93.66 | LR: 0.000032 QLR: 0.000010
2026-01-03 09:06:36,701 - INFO  -   ⏱️  本Epoch耗时: 1分5秒 | 平均Epoch耗时: 1分4秒 | 剩余Epoch数: 2
2026-01-03 09:06:36,701 - INFO  -   📅 预估剩余时间: 2分9秒 | 预估完成时间: 2026-01-03 09:08:46
2026-01-03 09:06:37,924 - INFO  - ([98] Epoch) Saving checkpoint to:
             Current: /workspace/FATBETA/training/mobilenetv2_cifar_nude_qat/mobilenetv2_cifar_nude_qat_checkpoint.pth.tar

2026-01-03 09:06:37,963 - INFO  - [NUDE] Epoch 98: force max bit-width W/A = 6
2026-01-03 09:07:10,657 - INFO  - [NUDE][TRAIN] Epoch 98/100 Iter 50/97 Loss 0.5021 Top1 100.00 Top5 100.00
2026-01-03 09:07:42,332 - INFO  - [NUDE] Validate: force max bit-width W/A = 6
2026-01-03 09:07:43,496 - INFO  - [NUDE][EPOCH] 98/100 Train: Top1=100.00 Top5=100.00 Loss=0.5021 | Val(EMA): Top1=93.59 | LR: 0.000020 QLR: 0.000010
2026-01-03 09:07:43,496 - INFO  -   ⏱️  本Epoch耗时: 1分5秒 | 平均Epoch耗时: 1分5秒 | 剩余Epoch数: 1
2026-01-03 09:07:43,496 - INFO  -   📅 预估剩余时间: 1分5秒 | 预估完成时间: 2026-01-03 09:08:48
2026-01-03 09:07:44,721 - INFO  - ([99] Epoch) Saving checkpoint to:
             Current: /workspace/FATBETA/training/mobilenetv2_cifar_nude_qat/mobilenetv2_cifar_nude_qat_checkpoint.pth.tar

2026-01-03 09:07:44,759 - INFO  - [NUDE] Epoch 99: force max bit-width W/A = 6
2026-01-03 09:08:16,959 - INFO  - [NUDE][TRAIN] Epoch 99/100 Iter 50/97 Loss 0.5023 Top1 99.99 Top5 100.00
2026-01-03 09:08:46,758 - INFO  - [NUDE] Validate: force max bit-width W/A = 6
2026-01-03 09:08:47,892 - INFO  - [NUDE][EPOCH] 99/100 Train: Top1=99.99 Top5=100.00 Loss=0.5022 | Val(EMA): Top1=93.55 | LR: 0.000012 QLR: 0.000010
2026-01-03 09:08:47,892 - INFO  -   ⏱️  本Epoch耗时: 1分3秒 | 平均Epoch耗时: 1分4秒 | 剩余Epoch数: 0
2026-01-03 09:08:47,892 - INFO  -   ✅ 训练完成！总耗时: 1小时50分13秒
2026-01-03 09:08:49,201 - INFO  - ([100] Epoch) Saving checkpoint to:
             Current: /workspace/FATBETA/training/mobilenetv2_cifar_nude_qat/mobilenetv2_cifar_nude_qat_checkpoint.pth.tar

