2025-12-23 22:12:00,558 - INFO  - Log file for this run: /root/autodl-tmp/retraining-free-quantization/training/resnet18_cifar10_BFAT_ce_dual_0.005_0.01_limit_norm_false_bn_train/resnet18_cifar10_BFAT_ce_dual_0.005_0.01_limit_norm_false_bn_train.log
2025-12-23 22:12:00,563 - INFO  - TensorBoard data directory: /root/autodl-tmp/retraining-free-quantization/training/resnet18_cifar10_BFAT_ce_dual_0.005_0.01_limit_norm_false_bn_train/tb_runs
2025-12-23 22:12:00,563 - INFO  - Code backup completed. Code saved to: /root/autodl-tmp/retraining-free-quantization/training/resnet18_cifar10_BFAT_ce_dual_0.005_0.01_limit_norm_false_bn_train/code/.cursor
2025-12-23 22:12:00,563 - INFO  - Code backup completed. Code saved to: /root/autodl-tmp/retraining-free-quantization/training/resnet18_cifar10_BFAT_ce_dual_0.005_0.01_limit_norm_false_bn_train/code/.vscode
2025-12-23 22:12:00,564 - INFO  - Code backup completed. Code saved to: /root/autodl-tmp/retraining-free-quantization/training/resnet18_cifar10_BFAT_ce_dual_0.005_0.01_limit_norm_false_bn_train/code/activation_dumps/denoise_restorer/clean/clean
2025-12-23 22:12:00,564 - INFO  - Code backup completed. Code saved to: /root/autodl-tmp/retraining-free-quantization/training/resnet18_cifar10_BFAT_ce_dual_0.005_0.01_limit_norm_false_bn_train/code/activation_dumps/denoise_restorer/clean
2025-12-23 22:12:00,564 - INFO  - Code backup completed. Code saved to: /root/autodl-tmp/retraining-free-quantization/training/resnet18_cifar10_BFAT_ce_dual_0.005_0.01_limit_norm_false_bn_train/code/activation_dumps/denoise_restorer/fault/fault
2025-12-23 22:12:00,564 - INFO  - Code backup completed. Code saved to: /root/autodl-tmp/retraining-free-quantization/training/resnet18_cifar10_BFAT_ce_dual_0.005_0.01_limit_norm_false_bn_train/code/activation_dumps/denoise_restorer/fault
2025-12-23 22:12:00,564 - INFO  - Code backup completed. Code saved to: /root/autodl-tmp/retraining-free-quantization/training/resnet18_cifar10_BFAT_ce_dual_0.005_0.01_limit_norm_false_bn_train/code/activation_dumps/denoise_restorer
2025-12-23 22:12:00,564 - INFO  - Code backup completed. Code saved to: /root/autodl-tmp/retraining-free-quantization/training/resnet18_cifar10_BFAT_ce_dual_0.005_0.01_limit_norm_false_bn_train/code/activation_dumps
2025-12-23 22:12:00,564 - INFO  - Code backup completed. Code saved to: /root/autodl-tmp/retraining-free-quantization/training/resnet18_cifar10_BFAT_ce_dual_0.005_0.01_limit_norm_false_bn_train/code/checkpoints
2025-12-23 22:12:00,564 - INFO  - Code backup completed. Code saved to: /root/autodl-tmp/retraining-free-quantization/training/resnet18_cifar10_BFAT_ce_dual_0.005_0.01_limit_norm_false_bn_train/code/configs/restorer
2025-12-23 22:12:00,564 - INFO  - Code backup completed. Code saved to: /root/autodl-tmp/retraining-free-quantization/training/resnet18_cifar10_BFAT_ce_dual_0.005_0.01_limit_norm_false_bn_train/code/configs
2025-12-23 22:12:00,564 - INFO  - Code backup completed. Code saved to: /root/autodl-tmp/retraining-free-quantization/training/resnet18_cifar10_BFAT_ce_dual_0.005_0.01_limit_norm_false_bn_train/code/docs
2025-12-23 22:12:00,564 - INFO  - Code backup completed. Code saved to: /root/autodl-tmp/retraining-free-quantization/training/resnet18_cifar10_BFAT_ce_dual_0.005_0.01_limit_norm_false_bn_train/code/layer_profiles
2025-12-23 22:12:00,564 - INFO  - Code backup completed. Code saved to: /root/autodl-tmp/retraining-free-quantization/training/resnet18_cifar10_BFAT_ce_dual_0.005_0.01_limit_norm_false_bn_train/code/learning_heads
2025-12-23 22:12:00,565 - INFO  - Code backup completed. Code saved to: /root/autodl-tmp/retraining-free-quantization/training/resnet18_cifar10_BFAT_ce_dual_0.005_0.01_limit_norm_false_bn_train/code/logs/restorer_pipeline
2025-12-23 22:12:00,565 - INFO  - Code backup completed. Code saved to: /root/autodl-tmp/retraining-free-quantization/training/resnet18_cifar10_BFAT_ce_dual_0.005_0.01_limit_norm_false_bn_train/code/logs/sensitive_layer_sets
2025-12-23 22:12:00,565 - INFO  - Code backup completed. Code saved to: /root/autodl-tmp/retraining-free-quantization/training/resnet18_cifar10_BFAT_ce_dual_0.005_0.01_limit_norm_false_bn_train/code/logs
2025-12-23 22:12:00,565 - INFO  - Copied code file: __init__.py
2025-12-23 22:12:00,566 - INFO  - Copied code file: alexnet_cifar.py
2025-12-23 22:12:00,566 - INFO  - Copied code file: mobilenetv2.py
2025-12-23 22:12:00,566 - INFO  - Copied code file: model.py
2025-12-23 22:12:00,567 - INFO  - Copied code file: resnet_cifar.py
2025-12-23 22:12:00,567 - INFO  - Code backup completed. Code saved to: /root/autodl-tmp/retraining-free-quantization/training/resnet18_cifar10_BFAT_ce_dual_0.005_0.01_limit_norm_false_bn_train/code/model
2025-12-23 22:12:00,567 - INFO  - Copied code file: __init__.py
2025-12-23 22:12:00,567 - INFO  - Copied code file: lsq.py
2025-12-23 22:12:00,568 - INFO  - Copied code file: quantizer.py
2025-12-23 22:12:00,568 - INFO  - Code backup completed. Code saved to: /root/autodl-tmp/retraining-free-quantization/training/resnet18_cifar10_BFAT_ce_dual_0.005_0.01_limit_norm_false_bn_train/code/quan/quantizer
2025-12-23 22:12:00,568 - INFO  - Copied code file: __init__.py
2025-12-23 22:12:00,568 - INFO  - Copied code file: func.py
2025-12-23 22:12:00,569 - INFO  - Copied code file: utils.py
2025-12-23 22:12:00,569 - INFO  - Code backup completed. Code saved to: /root/autodl-tmp/retraining-free-quantization/training/resnet18_cifar10_BFAT_ce_dual_0.005_0.01_limit_norm_false_bn_train/code/quan
2025-12-23 22:12:00,569 - INFO  - Code backup completed. Code saved to: /root/autodl-tmp/retraining-free-quantization/training/resnet18_cifar10_BFAT_ce_dual_0.005_0.01_limit_norm_false_bn_train/code/sensitive_training/alexnet_cifar10_sensitive_stage2/tb_runs
2025-12-23 22:12:00,569 - INFO  - Code backup completed. Code saved to: /root/autodl-tmp/retraining-free-quantization/training/resnet18_cifar10_BFAT_ce_dual_0.005_0.01_limit_norm_false_bn_train/code/sensitive_training/alexnet_cifar10_sensitive_stage2
2025-12-23 22:12:00,570 - INFO  - Code backup completed. Code saved to: /root/autodl-tmp/retraining-free-quantization/training/resnet18_cifar10_BFAT_ce_dual_0.005_0.01_limit_norm_false_bn_train/code/sensitive_training/alexnet_cifar10_sensitive_stage2_transformer/tb_runs
2025-12-23 22:12:00,570 - INFO  - Code backup completed. Code saved to: /root/autodl-tmp/retraining-free-quantization/training/resnet18_cifar10_BFAT_ce_dual_0.005_0.01_limit_norm_false_bn_train/code/sensitive_training/alexnet_cifar10_sensitive_stage2_transformer
2025-12-23 22:12:00,570 - INFO  - Code backup completed. Code saved to: /root/autodl-tmp/retraining-free-quantization/training/resnet18_cifar10_BFAT_ce_dual_0.005_0.01_limit_norm_false_bn_train/code/sensitive_training
2025-12-23 22:12:00,570 - INFO  - Copied code file: analyze_corrector_logits.py
2025-12-23 22:12:00,570 - INFO  - Copied code file: analyze_fault_propagation.py
2025-12-23 22:12:00,571 - INFO  - Copied code file: analyze_layer_sensitivity.py
2025-12-23 22:12:00,571 - INFO  - Copied code file: test_fault_injection_baseline_resnet18.py
2025-12-23 22:12:00,571 - INFO  - Copied code file: analyze_multi_bit_sensitivity.py
2025-12-23 22:12:00,571 - INFO  - Copied code file: analyze_single_layer_fault_impact.py
2025-12-23 22:12:00,572 - INFO  - Copied code file: calculate_weight_flip_probability.py
2025-12-23 22:12:00,572 - INFO  - Copied code file: collect_layer_statistics.py
2025-12-23 22:12:00,572 - INFO  - Copied code file: diagnose_corrector_gap.py
2025-12-23 22:12:00,573 - INFO  - Copied code file: sweep_srqat.py
2025-12-23 22:12:00,573 - INFO  - Copied code file: eval_gradient_statistics_restorer.py
2025-12-23 22:12:00,573 - INFO  - Copied code file: eval_sensitive_layer_sets.py
2025-12-23 22:12:00,574 - INFO  - Copied code file: eval_sensitive_restorer.py
2025-12-23 22:12:00,574 - INFO  - Copied code file: eval_with_fault_injection.py
2025-12-23 22:12:00,575 - INFO  - Copied code file: compare_lsq_scales_with_checkpoint.py
2025-12-23 22:12:00,575 - INFO  - Copied code file: test_fault_injector.py
2025-12-23 22:12:00,575 - INFO  - Copied code file: analyze_srqat_scale_weight_norms.py
2025-12-23 22:12:00,576 - INFO  - Copied code file: test_gray_code_fault_injection.py
2025-12-23 22:12:00,577 - INFO  - Copied code file: test_olm_fault_injection.py
2025-12-23 22:12:00,577 - INFO  - Copied code file: export_srqat_penalty_stats.py
2025-12-23 22:12:00,577 - INFO  - Copied code file: train_learning_repair_head.py
2025-12-23 22:12:00,577 - INFO  - Copied code file: train_olm_encoder.py
2025-12-23 22:12:00,578 - INFO  - Copied code file: plot_weight_distribution_violin.py
2025-12-23 22:12:00,578 - INFO  - Copied code file: train_sensitive_repair_head.py
2025-12-23 22:12:00,579 - INFO  - Copied code file: visualize_fault_activation.py
2025-12-23 22:12:00,579 - INFO  - Copied code file: test_learnable_olm_vs_traditional_olm.py
2025-12-23 22:12:00,580 - INFO  - Copied code file: test_fault_injection_baseline.py
2025-12-23 22:12:00,580 - INFO  - Copied code file: analyze_olm_differences.py
2025-12-23 22:12:00,580 - INFO  - Copied code file: test_learnable_olm_consistency.py
2025-12-23 22:12:00,581 - INFO  - Copied code file: test_search_olm_from_checkpoint.py
2025-12-23 22:12:00,581 - INFO  - Copied code file: test_olm_layer_name_check.py
2025-12-23 22:12:00,581 - INFO  - Copied code file: compare_old_new_fault_injector.py
2025-12-23 22:12:00,581 - INFO  - Copied code file: verify_dec2_fault_injector.py
2025-12-23 22:12:00,582 - INFO  - Copied code file: verify_dec2_olm_fault_injection.py
2025-12-23 22:12:00,582 - INFO  - Copied code file: train_olm_encoder_improved.py
2025-12-23 22:12:00,582 - INFO  - Copied code file: train_olm_encoder_improved_v2.py
2025-12-23 22:12:00,583 - INFO  - Copied code file: train_olm_encoder_enhanced.py
2025-12-23 22:12:00,583 - INFO  - Copied code file: compare_olm_vs_gray_code.py
2025-12-23 22:12:00,583 - INFO  - Copied code file: test_bit_range_fault_injection.py
2025-12-23 22:12:00,585 - INFO  - Copied code file: train_olm_encoder_partial_bits.py
2025-12-23 22:12:00,586 - INFO  - Copied code file: test_bit7_flip_direction.py
2025-12-23 22:12:00,586 - INFO  - Copied code file: train_olm_encoder_hybrid.py
2025-12-23 22:12:00,586 - INFO  - Copied code file: train_olm_encoder_hybrid_v2.py
2025-12-23 22:12:00,587 - INFO  - Copied code file: test_hybrid_olm_fault_injection.py
2025-12-23 22:12:00,587 - INFO  - Copied code file: analyze_layerwise_activation_drift.py
2025-12-23 22:12:00,587 - INFO  - Copied code file: compare_models_activation_drift.py
2025-12-23 22:12:00,588 - INFO  - Copied code file: sweep_resnet18_srqat.py
2025-12-23 22:12:00,588 - INFO  - Copied code file: plot_activation_drift_paper.py
2025-12-23 22:12:00,588 - INFO  - Code backup completed. Code saved to: /root/autodl-tmp/retraining-free-quantization/training/resnet18_cifar10_BFAT_ce_dual_0.005_0.01_limit_norm_false_bn_train/code/tools
2025-12-23 22:12:00,588 - INFO  - Copied code file: __init__.py
2025-12-23 22:12:00,589 - INFO  - Copied code file: bsam.py
2025-12-23 22:12:00,589 - INFO  - Copied code file: checkpoint.py
2025-12-23 22:12:00,589 - INFO  - Copied code file: config.py
2025-12-23 22:12:00,589 - INFO  - Copied code file: data_loader.py
2025-12-23 22:12:00,590 - INFO  - Copied code file: dist.py
2025-12-23 22:12:00,590 - INFO  - Copied code file: enhanced_feature_extractor.py
2025-12-23 22:12:00,591 - INFO  - Copied code file: olm_encoder_enhanced.py
2025-12-23 22:12:00,591 - INFO  - Copied code file: gradient_statistics_restorer.py
2025-12-23 22:12:00,592 - INFO  - Copied code file: greedy_search.py
2025-12-23 22:12:00,592 - INFO  - Copied code file: intermediate_layer_restorer.py
2025-12-23 22:12:00,592 - INFO  - Copied code file: intermediate_restorer_integration.py
2025-12-23 22:12:00,592 - INFO  - Copied code file: intermediate_restorer_trainer.py
2025-12-23 22:12:00,593 - INFO  - Copied code file: layerwise_rl_restorer.py
2025-12-23 22:12:00,593 - INFO  - Copied code file: loss_ops.py
2025-12-23 22:12:00,593 - INFO  - Copied code file: lsq_sam.py
2025-12-23 22:12:00,594 - INFO  - Copied code file: model_ema.py
2025-12-23 22:12:00,594 - INFO  - Copied code file: monitor.py
2025-12-23 22:12:00,594 - INFO  - Copied code file: mpq.py
2025-12-23 22:12:00,594 - INFO  - Copied code file: olm_encoder.py
2025-12-23 22:12:00,595 - INFO  - Copied code file: output_corrector.py
2025-12-23 22:12:00,595 - INFO  - Copied code file: progressive_ber_scheduler.py
2025-12-23 22:12:00,595 - INFO  - Copied code file: qat.py
2025-12-23 22:12:00,596 - INFO  - Copied code file: random_search.py
2025-12-23 22:12:00,596 - INFO  - Copied code file: rl_intermediate_layer_restorer.py
2025-12-23 22:12:00,596 - INFO  - Copied code file: rl_intermediate_restorer_integration.py
2025-12-23 22:12:00,597 - INFO  - Copied code file: rl_restorer.py
2025-12-23 22:12:00,597 - INFO  - Copied code file: rl_restorer_integration.py
2025-12-23 22:12:00,597 - INFO  - Copied code file: rl_restorer_lightweight.py
2025-12-23 22:12:00,598 - INFO  - Copied code file: rl_restorer_trainer.py
2025-12-23 22:12:00,598 - INFO  - Copied code file: searcher.py
2025-12-23 22:12:00,598 - INFO  - Copied code file: sensitive_features.py
2025-12-23 22:12:00,599 - INFO  - Copied code file: sensitive_layer_restorer.py
2025-12-23 22:12:00,599 - INFO  - Copied code file: sensitive_restorer.py
2025-12-23 22:12:00,600 - INFO  - Copied code file: sensitive_restorer_transformer.py
2025-12-23 22:12:00,600 - INFO  - Copied code file: sensitive_restorer_v2.py
2025-12-23 22:12:00,600 - INFO  - Copied code file: utils.py
2025-12-23 22:12:00,601 - INFO  - Copied code file: weight_schd.py
2025-12-23 22:12:00,601 - INFO  - Copied code file: learnable_olm.py
2025-12-23 22:12:00,601 - INFO  - Copied code file: integer_inn_encoder.py
2025-12-23 22:12:00,602 - INFO  - Copied code file: search_olm_manager.py
2025-12-23 22:12:00,602 - INFO  - Copied code file: hybrid_olm_optimizer.py
2025-12-23 22:12:00,603 - INFO  - Copied code file: efficient_hybrid_olm_optimizer.py
2025-12-23 22:12:00,603 - INFO  - Copied code file: fault_injector_question.py
2025-12-23 22:12:00,604 - INFO  - Copied code file: improved_olm_encoder.py
2025-12-23 22:12:00,604 - INFO  - Copied code file: improved_olm_encoder_v2.py
2025-12-23 22:12:00,604 - INFO  - Copied code file: improved_olm_encoder_genetic.py
2025-12-23 22:12:00,605 - INFO  - Copied code file: fault_injector.py
2025-12-23 22:12:00,605 - INFO  - Code backup completed. Code saved to: /root/autodl-tmp/retraining-free-quantization/training/resnet18_cifar10_BFAT_ce_dual_0.005_0.01_limit_norm_false_bn_train/code/util
2025-12-23 22:12:00,605 - INFO  - Code backup completed. Code saved to: /root/autodl-tmp/retraining-free-quantization/training/resnet18_cifar10_BFAT_ce_dual_0.005_0.01_limit_norm_false_bn_train/code/visualizations/fault_activation_features_0
2025-12-23 22:12:00,605 - INFO  - Code backup completed. Code saved to: /root/autodl-tmp/retraining-free-quantization/training/resnet18_cifar10_BFAT_ce_dual_0.005_0.01_limit_norm_false_bn_train/code/visualizations/fault_activation_features_0_ber1e1
2025-12-23 22:12:00,605 - INFO  - Code backup completed. Code saved to: /root/autodl-tmp/retraining-free-quantization/training/resnet18_cifar10_BFAT_ce_dual_0.005_0.01_limit_norm_false_bn_train/code/visualizations
2025-12-23 22:12:00,607 - INFO  - Copied code file: main.py
2025-12-23 22:12:00,607 - INFO  - Copied code file: policy.py
2025-12-23 22:12:00,607 - INFO  - Copied code file: compare_scripts.py
2025-12-23 22:12:00,608 - INFO  - Code backup completed. Code saved to: /root/autodl-tmp/retraining-free-quantization/training/resnet18_cifar10_BFAT_ce_dual_0.005_0.01_limit_norm_false_bn_train/code/chat
2025-12-23 22:12:00,608 - INFO  - Copied code file: process_sam.py
2025-12-23 22:12:00,609 - INFO  - Copied code file: process.py
2025-12-23 22:12:00,609 - INFO  - Copied code file: FAULT_INJECTION_SIMPLE_EXAMPLE.py
2025-12-23 22:12:00,610 - INFO  - Copied code file: analyze_bit_width_impact.py
2025-12-23 22:12:00,610 - INFO  - Copied code file: evolution_search.py
2025-12-23 22:12:00,611 - INFO  - Copied code file: analyze_w2a6_real_reason.py
2025-12-23 22:12:00,611 - INFO  - Copied code file: analyze_w2a6_slowdown.py
2025-12-23 22:12:00,611 - INFO  - Copied code file: debug_fault_injection_detailed.py
2025-12-23 22:12:00,611 - INFO  - Copied code file: example_enhanced_features.py
2025-12-23 22:12:00,612 - INFO  - Copied code file: example_rl_restorer.py
2025-12-23 22:12:00,612 - INFO  - Copied code file: example_rl_restorer_integration.py
2025-12-23 22:12:00,612 - INFO  - Copied code file: quick_test_gradient_restorer.py
2025-12-23 22:12:00,613 - INFO  - Copied code file: process_olm_fat.py
2025-12-23 22:12:00,613 - INFO  - Copied code file: process_normal.py
2025-12-23 22:12:00,614 - INFO  - Copied code file: main_normal.py
2025-12-23 22:12:00,614 - INFO  - Copied code file: test_ber_verification.py
2025-12-23 22:12:00,615 - INFO  - Copied code file: test_fault_injection_debug.py
2025-12-23 22:12:00,615 - INFO  - Copied code file: test_fault_injection_seed_logic.py
2025-12-23 22:12:00,615 - INFO  - Copied code file: test_fault_injection_verbose.py
2025-12-23 22:12:00,615 - INFO  - Copied code file: test_gradient_preservation.py
2025-12-23 22:12:00,616 - INFO  - Copied code file: test_json_config_loading.py
2025-12-23 22:12:00,616 - INFO  - Copied code file: main_olm_fat.py
2025-12-23 22:12:00,616 - INFO  - Copied code file: train_rl_restorer_with_enhanced_features.py
2025-12-23 22:12:00,617 - INFO  - Copied code file: train_sensitive_restorer.py
2025-12-23 22:12:00,617 - INFO  - Copied code file: train_sensitive_restorer_distill.py
2025-12-23 22:12:00,618 - INFO  - Copied code file: process_nude.py
2025-12-23 22:12:00,618 - INFO  - Copied code file: main_nude.py
2025-12-23 22:12:00,618 - INFO  - Code backup completed. Code saved to: /root/autodl-tmp/retraining-free-quantization/training/resnet18_cifar10_BFAT_ce_dual_0.005_0.01_limit_norm_false_bn_train/code/analysis/clean120_drift
2025-12-23 22:12:00,618 - INFO  - Code backup completed. Code saved to: /root/autodl-tmp/retraining-free-quantization/training/resnet18_cifar10_BFAT_ce_dual_0.005_0.01_limit_norm_false_bn_train/code/analysis/srqat_drift
2025-12-23 22:12:00,618 - INFO  - Code backup completed. Code saved to: /root/autodl-tmp/retraining-free-quantization/training/resnet18_cifar10_BFAT_ce_dual_0.005_0.01_limit_norm_false_bn_train/code/analysis/comparison
2025-12-23 22:12:00,618 - INFO  - Code backup completed. Code saved to: /root/autodl-tmp/retraining-free-quantization/training/resnet18_cifar10_BFAT_ce_dual_0.005_0.01_limit_norm_false_bn_train/code/analysis/srqat_ls0_drift
2025-12-23 22:12:00,619 - INFO  - Code backup completed. Code saved to: /root/autodl-tmp/retraining-free-quantization/training/resnet18_cifar10_BFAT_ce_dual_0.005_0.01_limit_norm_false_bn_train/code/analysis/comparison_srqat
2025-12-23 22:12:00,619 - INFO  - Code backup completed. Code saved to: /root/autodl-tmp/retraining-free-quantization/training/resnet18_cifar10_BFAT_ce_dual_0.005_0.01_limit_norm_false_bn_train/code/analysis/paper_figs
2025-12-23 22:12:00,619 - INFO  - Code backup completed. Code saved to: /root/autodl-tmp/retraining-free-quantization/training/resnet18_cifar10_BFAT_ce_dual_0.005_0.01_limit_norm_false_bn_train/code/analysis/resnet18_ls0_drift_ber3e2
2025-12-23 22:12:00,619 - INFO  - Code backup completed. Code saved to: /root/autodl-tmp/retraining-free-quantization/training/resnet18_cifar10_BFAT_ce_dual_0.005_0.01_limit_norm_false_bn_train/code/analysis/resnet18_ls1e7_drift_ber3e2
2025-12-23 22:12:00,619 - INFO  - Code backup completed. Code saved to: /root/autodl-tmp/retraining-free-quantization/training/resnet18_cifar10_BFAT_ce_dual_0.005_0.01_limit_norm_false_bn_train/code/analysis/resnet18_drift_compare_ber3e2
2025-12-23 22:12:00,619 - INFO  - Code backup completed. Code saved to: /root/autodl-tmp/retraining-free-quantization/training/resnet18_cifar10_BFAT_ce_dual_0.005_0.01_limit_norm_false_bn_train/code/analysis/resnet18_paper_figs
2025-12-23 22:12:00,619 - INFO  - Code backup completed. Code saved to: /root/autodl-tmp/retraining-free-quantization/training/resnet18_cifar10_BFAT_ce_dual_0.005_0.01_limit_norm_false_bn_train/code/analysis
2025-12-23 22:12:00,620 - INFO  - Copied code file: run_fault_tolerance_test.py
2025-12-23 22:12:00,620 - INFO  - Copied code file: resnet18_ber_sweep_msb.py
2025-12-23 22:12:00,620 - INFO  - Code backup completed. Code saved to: /root/autodl-tmp/retraining-free-quantization/training/resnet18_cifar10_BFAT_ce_dual_0.005_0.01_limit_norm_false_bn_train/code/scripts
2025-12-23 22:12:00,621 - INFO  - Copied code file: test_resnet18_skip_msb.py
2025-12-23 22:12:00,621 - INFO  - Copied code file: test_baseline_fault_tolerance.py
2025-12-23 22:12:00,621 - INFO  - Copied code file: test_baseline_fault_tolerance_simple.py
2025-12-23 22:12:00,621 - INFO  - Copied code file: debug_baseline_test.py
2025-12-23 22:12:00,622 - INFO  - Copied code file: evolution_search.py
2025-12-23 22:12:00,622 - INFO  - Copied code file: fi.py
2025-12-23 22:12:00,622 - INFO  - Copied code file: main.py
2025-12-23 22:12:00,622 - INFO  - Copied code file: mainalex.py
2025-12-23 22:12:00,622 - INFO  - Copied code file: policy.py
2025-12-23 22:12:00,623 - INFO  - Copied code file: process.py
2025-12-23 22:12:00,623 - INFO  - Code backup completed. Code saved to: /root/autodl-tmp/retraining-free-quantization/training/resnet18_cifar10_BFAT_ce_dual_0.005_0.01_limit_norm_false_bn_train/code/error_find/.idea/inspectionProfiles
2025-12-23 22:12:00,623 - INFO  - Code backup completed. Code saved to: /root/autodl-tmp/retraining-free-quantization/training/resnet18_cifar10_BFAT_ce_dual_0.005_0.01_limit_norm_false_bn_train/code/error_find/.idea
2025-12-23 22:12:00,623 - INFO  - Copied code file: bsam.py
2025-12-23 22:12:00,623 - INFO  - Copied code file: ctl_factory.py
2025-12-23 22:12:00,624 - INFO  - Copied code file: scheduler.py
2025-12-23 22:12:00,624 - INFO  - Copied code file: traincube.py
2025-12-23 22:12:00,624 - INFO  - Copied code file: __init__.py
2025-12-23 22:12:00,624 - INFO  - Copied code file: train_bsam_quan.py
2025-12-23 22:12:00,624 - INFO  - Copied code file: train_epoch_bsam.py
2025-12-23 22:12:00,624 - INFO  - Code backup completed. Code saved to: /root/autodl-tmp/retraining-free-quantization/training/resnet18_cifar10_BFAT_ce_dual_0.005_0.01_limit_norm_false_bn_train/code/error_find/bsam_quan_src
2025-12-23 22:12:00,625 - INFO  - Code backup completed. Code saved to: /root/autodl-tmp/retraining-free-quantization/training/resnet18_cifar10_BFAT_ce_dual_0.005_0.01_limit_norm_false_bn_train/code/error_find/configs
2025-12-23 22:12:00,625 - INFO  - Code backup completed. Code saved to: /root/autodl-tmp/retraining-free-quantization/training/resnet18_cifar10_BFAT_ce_dual_0.005_0.01_limit_norm_false_bn_train/code/error_find/logs
2025-12-23 22:12:00,625 - INFO  - Copied code file: alexnet.py
2025-12-23 22:12:00,625 - INFO  - Copied code file: mobilenetv2.py
2025-12-23 22:12:00,625 - INFO  - Copied code file: model.py
2025-12-23 22:12:00,626 - INFO  - Copied code file: resnet.py
2025-12-23 22:12:00,626 - INFO  - Copied code file: __init__.py
2025-12-23 22:12:00,626 - INFO  - Code backup completed. Code saved to: /root/autodl-tmp/retraining-free-quantization/training/resnet18_cifar10_BFAT_ce_dual_0.005_0.01_limit_norm_false_bn_train/code/error_find/model
2025-12-23 22:12:00,626 - INFO  - Copied code file: func.py
2025-12-23 22:12:00,626 - INFO  - Copied code file: utils.py
2025-12-23 22:12:00,626 - INFO  - Copied code file: __init__.py
2025-12-23 22:12:00,627 - INFO  - Copied code file: lsq.py
2025-12-23 22:12:00,627 - INFO  - Copied code file: __init__.py
2025-12-23 22:12:00,627 - INFO  - Copied code file: quantizer.py
2025-12-23 22:12:00,627 - INFO  - Code backup completed. Code saved to: /root/autodl-tmp/retraining-free-quantization/training/resnet18_cifar10_BFAT_ce_dual_0.005_0.01_limit_norm_false_bn_train/code/error_find/quan/quantizer
2025-12-23 22:12:00,627 - INFO  - Code backup completed. Code saved to: /root/autodl-tmp/retraining-free-quantization/training/resnet18_cifar10_BFAT_ce_dual_0.005_0.01_limit_norm_false_bn_train/code/error_find/quan
2025-12-23 22:12:00,627 - INFO  - Copied code file: __init__.py
2025-12-23 22:12:00,627 - INFO  - Copied code file: cubesam.py
2025-12-23 22:12:00,628 - INFO  - Copied code file: qbsam.py
2025-12-23 22:12:00,628 - INFO  - Code backup completed. Code saved to: /root/autodl-tmp/retraining-free-quantization/training/resnet18_cifar10_BFAT_ce_dual_0.005_0.01_limit_norm_false_bn_train/code/error_find/scalablewp
2025-12-23 22:12:00,628 - INFO  - Code backup completed. Code saved to: /root/autodl-tmp/retraining-free-quantization/training/resnet18_cifar10_BFAT_ce_dual_0.005_0.01_limit_norm_false_bn_train/code/error_find/trained_models/cube
2025-12-23 22:12:00,628 - INFO  - Code backup completed. Code saved to: /root/autodl-tmp/retraining-free-quantization/training/resnet18_cifar10_BFAT_ce_dual_0.005_0.01_limit_norm_false_bn_train/code/error_find/trained_models/qsam
2025-12-23 22:12:00,628 - INFO  - Code backup completed. Code saved to: /root/autodl-tmp/retraining-free-quantization/training/resnet18_cifar10_BFAT_ce_dual_0.005_0.01_limit_norm_false_bn_train/code/error_find/trained_models/qwsam
2025-12-23 22:12:00,628 - INFO  - Code backup completed. Code saved to: /root/autodl-tmp/retraining-free-quantization/training/resnet18_cifar10_BFAT_ce_dual_0.005_0.01_limit_norm_false_bn_train/code/error_find/trained_models
2025-12-23 22:12:00,628 - INFO  - Copied code file: config.py
2025-12-23 22:12:00,628 - INFO  - Copied code file: checkpoint.py
2025-12-23 22:12:00,629 - INFO  - Copied code file: data_loader.py
2025-12-23 22:12:00,629 - INFO  - Copied code file: dist.py
2025-12-23 22:12:00,629 - INFO  - Copied code file: loss_ops.py
2025-12-23 22:12:00,630 - INFO  - Copied code file: greedy_search.py
2025-12-23 22:12:00,631 - INFO  - Copied code file: model_ema.py
2025-12-23 22:12:00,631 - INFO  - Copied code file: monitor.py
2025-12-23 22:12:00,631 - INFO  - Copied code file: mpq.py
2025-12-23 22:12:00,631 - INFO  - Copied code file: qat.py
2025-12-23 22:12:00,631 - INFO  - Copied code file: random_search.py
2025-12-23 22:12:00,632 - INFO  - Copied code file: searcher.py
2025-12-23 22:12:00,632 - INFO  - Copied code file: __init__.py
2025-12-23 22:12:00,632 - INFO  - Copied code file: weight_schd.py
2025-12-23 22:12:00,632 - INFO  - Copied code file: utils.py
2025-12-23 22:12:00,632 - INFO  - Code backup completed. Code saved to: /root/autodl-tmp/retraining-free-quantization/training/resnet18_cifar10_BFAT_ce_dual_0.005_0.01_limit_norm_false_bn_train/code/error_find/util
2025-12-23 22:12:00,632 - INFO  - Copied code file: ver_test.py
2025-12-23 22:12:00,632 - INFO  - Code backup completed. Code saved to: /root/autodl-tmp/retraining-free-quantization/training/resnet18_cifar10_BFAT_ce_dual_0.005_0.01_limit_norm_false_bn_train/code/error_find
2025-12-23 22:12:00,632 - INFO  - Code backup completed. Code saved to: /root/autodl-tmp/retraining-free-quantization/training/resnet18_cifar10_BFAT_ce_dual_0.005_0.01_limit_norm_false_bn_train/code
2025-12-23 22:12:00,843 - INFO  - Created `resnet18` model for `cifar10` dataset (num_classes=10)
          Use pre-trained model = False
2025-12-23 22:12:00,844 - INFO  - Inserted quantizers into the original model
2025-12-23 22:12:01,329 - INFO  - [DEBUG] Initializing dataloaders...
2025-12-23 22:12:03,056 - INFO  - [DEBUG] Dataloaders initialized: train=390, val=390, test=79
2025-12-23 22:12:03,066 - INFO  - [DEBUG] Testing model forward with input size 32x32...
2025-12-23 22:12:03,380 - INFO  - [DEBUG] Model forward test completed
2025-12-23 22:12:03,380 - INFO  - [DEBUG] Creating ModelEma...
2025-12-23 22:12:03,585 - INFO  - [DEBUG] ModelEma created
2025-12-23 22:12:03,585 - INFO  - ================================================================================
2025-12-23 22:12:03,585 - INFO  - ⚠️  DISTRIBUTION LOSS DISABLED - This version is for fault tolerance study
2025-12-23 22:12:03,585 - INFO  - ================================================================================
2025-12-23 22:12:03,585 - INFO  - [DEBUG] Printing model structure (this may print quantizer info)...
2025-12-23 22:12:03,587 - INFO  - [DEBUG] Model structure printed
2025-12-23 22:12:03,587 - INFO  - [DEBUG] Switching bit width for model to [6, 5, 4, 3, 2]...
2025-12-23 22:12:03,589 - INFO  - [DEBUG] Model bit width switched
2025-12-23 22:12:03,590 - INFO  - [DEBUG] Switching bit width for EMA model to [6, 5, 4, 3, 2]...
2025-12-23 22:12:03,591 - INFO  - [DEBUG] EMA model bit width switched
2025-12-23 22:12:03,592 - INFO  - ================================================================================
2025-12-23 22:12:03,592 - INFO  - ⚠️  FAULT-AWARE TRAINING (FAT) - DISABLED
2025-12-23 22:12:03,592 - INFO  - ================================================================================
2025-12-23 22:12:03,592 - INFO  -   Reason: fault_aware_training config not found in YAML
2025-12-23 22:12:03,592 - INFO  - ================================================================================
2025-12-23 22:12:03,592 - INFO  - [DEBUG] Creating annealing schedule (train_loader length: 390)...
2025-12-23 22:12:03,592 - INFO  - [DEBUG] Annealing schedule created
2025-12-23 22:12:03,592 - INFO  - [DEBUG] Stepping lr_scheduler...
2025-12-23 22:12:03,592 - INFO  - [DEBUG] lr_scheduler stepped
2025-12-23 22:12:03,592 - INFO  - [DEBUG] Creating freezing annealing schedule...
2025-12-23 22:12:03,592 - INFO  - Start dynamic bit-width training...
2025-12-23 22:12:03,592 - INFO  - [DEBUG] Freezing annealing schedule created
2025-12-23 22:12:03,592 - INFO  - Optimizer: SGD (
           Parameter Group 0
               dampening: 0
               differentiable: False
               foreach: None
               fused: None
               initial_lr: 0.1
               lr: 0.1
               maximize: False
               momentum: 0.9
               nesterov: True
               weight_decay: 0.0001
           
           Parameter Group 1
               dampening: 0
               differentiable: False
               foreach: None
               fused: None
               initial_lr: 0.1
               lr: 0.1
               maximize: False
               momentum: 0.9
               nesterov: True
               weight_decay: 0
           )
2025-12-23 22:12:03,592 - INFO  - Total epoch: 100, Start epoch 0
2025-12-23 22:12:03,592 - INFO  - >>>>>>>> Epoch   0
2025-12-23 22:12:03,592 - INFO  - Training: 50000 samples (128 per mini-batch)
2025-12-23 22:12:03,598 - INFO  - ================================================================================
2025-12-23 22:12:03,598 - INFO  - 🔥 BFAT (Bit-Flip Aware Training) - ACTIVE
2025-12-23 22:12:03,598 - INFO  -    Loss Type: direct_ce
2025-12-23 22:12:03,598 - INFO  -      → 直接使用 CE Loss * 1.0
2025-12-23 22:12:03,598 - INFO  -    Mode: Dual Bit Flip (MSB + Secondary MSB)
2025-12-23 22:12:03,598 - INFO  -    BER: MSB=5.00e-03, Secondary=1.00e-02
2025-12-23 22:12:03,598 - INFO  -    Projection Base: combined
2025-12-23 22:12:03,598 - INFO  -    Magnitude Limiting: Disabled
2025-12-23 22:12:03,598 - INFO  -    BN Stats: Active during BFAT (Train Mode)
2025-12-23 22:12:03,598 - INFO  -      → BFAT 梯度将与 (clean + nr_random) 综合梯度进行投影
2025-12-23 22:12:03,599 - INFO  - ================================================================================
